[0.757s] Invoking command in '/home/jstone/Documents/graduation_project/1P/robot_army/build/sjtu_drone_description': CMAKE_PREFIX_PATH=${CMAKE_PREFIX_PATH}:/home/jstone/Documents/graduation_project/1P/robot_army/install/sjtu_drone_bringup:/home/jstone/Documents/graduation_project/1P/robot_army/install/path_follow:/home/jstone/Documents/graduation_project/1P/robot_army/install/multi_robot_exploration:/home/jstone/Documents/graduation_project/1P/robot_army/install/merge_map:/home/jstone/Documents/graduation_project/1P/robot_army/install/drone_control:/opt/ros/galactic /usr/bin/cmake --build /home/jstone/Documents/graduation_project/1P/robot_army/build/sjtu_drone_description -- -j16 -l16
[0.810s] [100%] Built target plugin_drone
[0.818s] Invoked command in '/home/jstone/Documents/graduation_project/1P/robot_army/build/sjtu_drone_description' returned '0': CMAKE_PREFIX_PATH=${CMAKE_PREFIX_PATH}:/home/jstone/Documents/graduation_project/1P/robot_army/install/sjtu_drone_bringup:/home/jstone/Documents/graduation_project/1P/robot_army/install/path_follow:/home/jstone/Documents/graduation_project/1P/robot_army/install/multi_robot_exploration:/home/jstone/Documents/graduation_project/1P/robot_army/install/merge_map:/home/jstone/Documents/graduation_project/1P/robot_army/install/drone_control:/opt/ros/galactic /usr/bin/cmake --build /home/jstone/Documents/graduation_project/1P/robot_army/build/sjtu_drone_description -- -j16 -l16
[0.827s] Invoking command in '/home/jstone/Documents/graduation_project/1P/robot_army/build/sjtu_drone_description': CMAKE_PREFIX_PATH=${CMAKE_PREFIX_PATH}:/home/jstone/Documents/graduation_project/1P/robot_army/install/sjtu_drone_bringup:/home/jstone/Documents/graduation_project/1P/robot_army/install/path_follow:/home/jstone/Documents/graduation_project/1P/robot_army/install/multi_robot_exploration:/home/jstone/Documents/graduation_project/1P/robot_army/install/merge_map:/home/jstone/Documents/graduation_project/1P/robot_army/install/drone_control:/opt/ros/galactic /usr/bin/cmake --install /home/jstone/Documents/graduation_project/1P/robot_army/build/sjtu_drone_description
[0.833s] -- Install configuration: ""
[0.833s] -- Up-to-date: /home/jstone/Documents/graduation_project/1P/robot_army/install/sjtu_drone_description/include
[0.833s] -- Up-to-date: /home/jstone/Documents/graduation_project/1P/robot_army/install/sjtu_drone_description/include/pid_controller.h
[0.833s] -- Up-to-date: /home/jstone/Documents/graduation_project/1P/robot_army/install/sjtu_drone_description/include/plugin_drone.h
[0.833s] -- Up-to-date: /home/jstone/Documents/graduation_project/1P/robot_army/install/sjtu_drone_description/lib/libplugin_drone.so
[0.833s] -- Up-to-date: /home/jstone/Documents/graduation_project/1P/robot_army/install/sjtu_drone_description/share/sjtu_drone_description/environment/library_path.sh
[0.833s] -- Up-to-date: /home/jstone/Documents/graduation_project/1P/robot_army/install/sjtu_drone_description/share/sjtu_drone_description/environment/library_path.dsv
[0.833s] -- Up-to-date: /home/jstone/Documents/graduation_project/1P/robot_army/install/sjtu_drone_description/share/sjtu_drone_description/models
[0.833s] -- Up-to-date: /home/jstone/Documents/graduation_project/1P/robot_army/install/sjtu_drone_description/share/sjtu_drone_description/models/sjtu_drone
[0.834s] -- Up-to-date: /home/jstone/Documents/graduation_project/1P/robot_army/install/sjtu_drone_description/share/sjtu_drone_description/models/sjtu_drone/quadrotor_4.dae
[0.834s] -- Up-to-date: /home/jstone/Documents/graduation_project/1P/robot_army/install/sjtu_drone_description/share/sjtu_drone_description/models/sjtu_drone/sjtu_drone.sdf
[0.834s] -- Up-to-date: /home/jstone/Documents/graduation_project/1P/robot_army/install/sjtu_drone_description/share/sjtu_drone_description/models/sjtu_drone/quadrotor_4.stl
[0.834s] -- Up-to-date: /home/jstone/Documents/graduation_project/1P/robot_army/install/sjtu_drone_description/share/sjtu_drone_description/models/sjtu_drone/model.config
[0.834s] -- Up-to-date: /home/jstone/Documents/graduation_project/1P/robot_army/install/sjtu_drone_description/share/sjtu_drone_description/models/database.config
[0.834s] -- Up-to-date: /home/jstone/Documents/graduation_project/1P/robot_army/install/sjtu_drone_description/share/sjtu_drone_description/urdf
[0.834s] -- Up-to-date: /home/jstone/Documents/graduation_project/1P/robot_army/install/sjtu_drone_description/share/sjtu_drone_description/urdf/sjtu_drone.urdf.xacro
[0.834s] -- Up-to-date: /home/jstone/Documents/graduation_project/1P/robot_army/install/sjtu_drone_description/share/sjtu_drone_description/urdf/sjtu_drone.urdf
[0.834s] -- Up-to-date: /home/jstone/Documents/graduation_project/1P/robot_army/install/sjtu_drone_description/share/sjtu_drone_description/worlds
[0.834s] -- Up-to-date: /home/jstone/Documents/graduation_project/1P/robot_army/install/sjtu_drone_description/share/sjtu_drone_description/worlds/playground.world
[0.834s] -- Up-to-date: /home/jstone/Documents/graduation_project/1P/robot_army/install/sjtu_drone_description/share/ament_index/resource_index/package_run_dependencies/sjtu_drone_description
[0.834s] -- Up-to-date: /home/jstone/Documents/graduation_project/1P/robot_army/install/sjtu_drone_description/share/ament_index/resource_index/parent_prefix_path/sjtu_drone_description
[0.834s] -- Up-to-date: /home/jstone/Documents/graduation_project/1P/robot_army/install/sjtu_drone_description/share/sjtu_drone_description/environment/ament_prefix_path.sh
[0.834s] -- Up-to-date: /home/jstone/Documents/graduation_project/1P/robot_army/install/sjtu_drone_description/share/sjtu_drone_description/environment/ament_prefix_path.dsv
[0.835s] -- Up-to-date: /home/jstone/Documents/graduation_project/1P/robot_army/install/sjtu_drone_description/share/sjtu_drone_description/environment/path.sh
[0.835s] -- Up-to-date: /home/jstone/Documents/graduation_project/1P/robot_army/install/sjtu_drone_description/share/sjtu_drone_description/environment/path.dsv
[0.835s] -- Up-to-date: /home/jstone/Documents/graduation_project/1P/robot_army/install/sjtu_drone_description/share/sjtu_drone_description/local_setup.bash
[0.835s] -- Up-to-date: /home/jstone/Documents/graduation_project/1P/robot_army/install/sjtu_drone_description/share/sjtu_drone_description/local_setup.sh
[0.835s] -- Up-to-date: /home/jstone/Documents/graduation_project/1P/robot_army/install/sjtu_drone_description/share/sjtu_drone_description/local_setup.zsh
[0.835s] -- Up-to-date: /home/jstone/Documents/graduation_project/1P/robot_army/install/sjtu_drone_description/share/sjtu_drone_description/local_setup.dsv
[0.835s] -- Installing: /home/jstone/Documents/graduation_project/1P/robot_army/install/sjtu_drone_description/share/sjtu_drone_description/package.dsv
[0.835s] -- Up-to-date: /home/jstone/Documents/graduation_project/1P/robot_army/install/sjtu_drone_description/share/ament_index/resource_index/packages/sjtu_drone_description
[0.835s] -- Up-to-date: /home/jstone/Documents/graduation_project/1P/robot_army/install/sjtu_drone_description/share/sjtu_drone_description/cmake/export_sjtu_drone_descriptionExport.cmake
[0.835s] -- Up-to-date: /home/jstone/Documents/graduation_project/1P/robot_army/install/sjtu_drone_description/share/sjtu_drone_description/cmake/export_sjtu_drone_descriptionExport-noconfig.cmake
[0.835s] -- Up-to-date: /home/jstone/Documents/graduation_project/1P/robot_army/install/sjtu_drone_description/share/sjtu_drone_description/cmake/ament_cmake_export_include_directories-extras.cmake
[0.835s] -- Up-to-date: /home/jstone/Documents/graduation_project/1P/robot_army/install/sjtu_drone_description/share/sjtu_drone_description/cmake/ament_cmake_export_libraries-extras.cmake
[0.835s] -- Up-to-date: /home/jstone/Documents/graduation_project/1P/robot_army/install/sjtu_drone_description/share/sjtu_drone_description/cmake/ament_cmake_export_targets-extras.cmake
[0.835s] -- Up-to-date: /home/jstone/Documents/graduation_project/1P/robot_army/install/sjtu_drone_description/share/sjtu_drone_description/cmake/sjtu_drone_descriptionConfig.cmake
[0.835s] -- Up-to-date: /home/jstone/Documents/graduation_project/1P/robot_army/install/sjtu_drone_description/share/sjtu_drone_description/cmake/sjtu_drone_descriptionConfig-version.cmake
[0.835s] -- Up-to-date: /home/jstone/Documents/graduation_project/1P/robot_army/install/sjtu_drone_description/share/sjtu_drone_description/package.xml
[0.838s] Invoked command in '/home/jstone/Documents/graduation_project/1P/robot_army/build/sjtu_drone_description' returned '0': CMAKE_PREFIX_PATH=${CMAKE_PREFIX_PATH}:/home/jstone/Documents/graduation_project/1P/robot_army/install/sjtu_drone_bringup:/home/jstone/Documents/graduation_project/1P/robot_army/install/path_follow:/home/jstone/Documents/graduation_project/1P/robot_army/install/multi_robot_exploration:/home/jstone/Documents/graduation_project/1P/robot_army/install/merge_map:/home/jstone/Documents/graduation_project/1P/robot_army/install/drone_control:/opt/ros/galactic /usr/bin/cmake --install /home/jstone/Documents/graduation_project/1P/robot_army/build/sjtu_drone_description
