[1.317s] Invoking command in '/home/jstone/Documents/graduation_project/9T/robot_army/src/multiRobotExploration/multi_robot_exploration': PYTHONPATH=/home/jstone/Documents/graduation_project/9T/robot_army/src/build/multi_robot_exploration/prefix_override:/usr/lib/python3/dist-packages/colcon_core/task/python/colcon_distutils_commands:/home/jstone/Documents/graduation_project/9T/robot_army/src/install/multi_robot_exploration/lib/python3.8/site-packages:${PYTHONPATH} /usr/bin/python3 -W ignore:setup.py install is deprecated setup.py egg_info --egg-base ../../build/multi_robot_exploration build --build-base /home/jstone/Documents/graduation_project/9T/robot_army/src/build/multi_robot_exploration/build install --record /home/jstone/Documents/graduation_project/9T/robot_army/src/build/multi_robot_exploration/install.log --single-version-externally-managed install_data
[1.480s] running egg_info
[1.480s] creating ../../build/multi_robot_exploration/multi_robot_exploration.egg-info
[1.480s] writing ../../build/multi_robot_exploration/multi_robot_exploration.egg-info/PKG-INFO
[1.480s] writing dependency_links to ../../build/multi_robot_exploration/multi_robot_exploration.egg-info/dependency_links.txt
[1.480s] writing entry points to ../../build/multi_robot_exploration/multi_robot_exploration.egg-info/entry_points.txt
[1.480s] writing requirements to ../../build/multi_robot_exploration/multi_robot_exploration.egg-info/requires.txt
[1.480s] writing top-level names to ../../build/multi_robot_exploration/multi_robot_exploration.egg-info/top_level.txt
[1.481s] writing manifest file '../../build/multi_robot_exploration/multi_robot_exploration.egg-info/SOURCES.txt'
[1.513s] reading manifest file '../../build/multi_robot_exploration/multi_robot_exploration.egg-info/SOURCES.txt'
[1.514s] writing manifest file '../../build/multi_robot_exploration/multi_robot_exploration.egg-info/SOURCES.txt'
[1.514s] running build
[1.514s] running build_py
[1.514s] creating /home/jstone/Documents/graduation_project/9T/robot_army/src/build/multi_robot_exploration/build
[1.514s] creating /home/jstone/Documents/graduation_project/9T/robot_army/src/build/multi_robot_exploration/build/lib
[1.514s] creating /home/jstone/Documents/graduation_project/9T/robot_army/src/build/multi_robot_exploration/build/lib/multi_robot_exploration
[1.515s] copying multi_robot_exploration/__init__.py -> /home/jstone/Documents/graduation_project/9T/robot_army/src/build/multi_robot_exploration/build/lib/multi_robot_exploration
[1.515s] copying multi_robot_exploration/control.py -> /home/jstone/Documents/graduation_project/9T/robot_army/src/build/multi_robot_exploration/build/lib/multi_robot_exploration
[1.515s] running install
[1.515s] running install_lib
[1.516s] creating /home/jstone/Documents/graduation_project/9T/robot_army/src/install/multi_robot_exploration/lib/python3.8/site-packages/multi_robot_exploration
[1.516s] copying /home/jstone/Documents/graduation_project/9T/robot_army/src/build/multi_robot_exploration/build/lib/multi_robot_exploration/__init__.py -> /home/jstone/Documents/graduation_project/9T/robot_army/src/install/multi_robot_exploration/lib/python3.8/site-packages/multi_robot_exploration
[1.516s] copying /home/jstone/Documents/graduation_project/9T/robot_army/src/build/multi_robot_exploration/build/lib/multi_robot_exploration/control.py -> /home/jstone/Documents/graduation_project/9T/robot_army/src/install/multi_robot_exploration/lib/python3.8/site-packages/multi_robot_exploration
[1.517s] byte-compiling /home/jstone/Documents/graduation_project/9T/robot_army/src/install/multi_robot_exploration/lib/python3.8/site-packages/multi_robot_exploration/__init__.py to __init__.cpython-38.pyc
[1.518s] byte-compiling /home/jstone/Documents/graduation_project/9T/robot_army/src/install/multi_robot_exploration/lib/python3.8/site-packages/multi_robot_exploration/control.py to control.cpython-38.pyc
[1.521s] running install_data
[1.521s] creating /home/jstone/Documents/graduation_project/9T/robot_army/src/install/multi_robot_exploration/share/ament_index
[1.522s] creating /home/jstone/Documents/graduation_project/9T/robot_army/src/install/multi_robot_exploration/share/ament_index/resource_index
[1.522s] creating /home/jstone/Documents/graduation_project/9T/robot_army/src/install/multi_robot_exploration/share/ament_index/resource_index/packages
[1.522s] copying resource/multi_robot_exploration -> /home/jstone/Documents/graduation_project/9T/robot_army/src/install/multi_robot_exploration/share/ament_index/resource_index/packages
[1.522s] copying package.xml -> /home/jstone/Documents/graduation_project/9T/robot_army/src/install/multi_robot_exploration/share/multi_robot_exploration
[1.522s] running install_egg_info
[1.523s] Copying ../../build/multi_robot_exploration/multi_robot_exploration.egg-info to /home/jstone/Documents/graduation_project/9T/robot_army/src/install/multi_robot_exploration/lib/python3.8/site-packages/multi_robot_exploration-0.0.0-py3.8.egg-info
[1.523s] running install_scripts
[1.541s] Installing control script to /home/jstone/Documents/graduation_project/9T/robot_army/src/install/multi_robot_exploration/lib/multi_robot_exploration
[1.541s] writing list of installed files to '/home/jstone/Documents/graduation_project/9T/robot_army/src/build/multi_robot_exploration/install.log'
[1.555s] Invoked command in '/home/jstone/Documents/graduation_project/9T/robot_army/src/multiRobotExploration/multi_robot_exploration' returned '0': PYTHONPATH=/home/jstone/Documents/graduation_project/9T/robot_army/src/build/multi_robot_exploration/prefix_override:/usr/lib/python3/dist-packages/colcon_core/task/python/colcon_distutils_commands:/home/jstone/Documents/graduation_project/9T/robot_army/src/install/multi_robot_exploration/lib/python3.8/site-packages:${PYTHONPATH} /usr/bin/python3 -W ignore:setup.py install is deprecated setup.py egg_info --egg-base ../../build/multi_robot_exploration build --build-base /home/jstone/Documents/graduation_project/9T/robot_army/src/build/multi_robot_exploration/build install --record /home/jstone/Documents/graduation_project/9T/robot_army/src/build/multi_robot_exploration/install.log --single-version-externally-managed install_data
