[1.085s] Invoking command in '/home/jstone/Documents/graduation_project/1P/robot_army/src/multi_robot_exploration': PYTHONPATH=/home/jstone/Documents/graduation_project/1P/robot_army/build/multi_robot_exploration/prefix_override:/usr/lib/python3/dist-packages/colcon_core/task/python/colcon_distutils_commands:/home/jstone/Documents/graduation_project/1P/robot_army/install/multi_robot_exploration/lib/python3.8/site-packages:${PYTHONPATH} /usr/bin/python3 -W ignore:setup.py install is deprecated -W ignore:easy_install command is deprecated setup.py egg_info --egg-base ../../build/multi_robot_exploration build --build-base /home/jstone/Documents/graduation_project/1P/robot_army/build/multi_robot_exploration/build install --record /home/jstone/Documents/graduation_project/1P/robot_army/build/multi_robot_exploration/install.log --single-version-externally-managed install_data
[1.231s] running egg_info
[1.231s] writing ../../build/multi_robot_exploration/multi_robot_exploration.egg-info/PKG-INFO
[1.231s] writing dependency_links to ../../build/multi_robot_exploration/multi_robot_exploration.egg-info/dependency_links.txt
[1.231s] writing entry points to ../../build/multi_robot_exploration/multi_robot_exploration.egg-info/entry_points.txt
[1.232s] writing requirements to ../../build/multi_robot_exploration/multi_robot_exploration.egg-info/requires.txt
[1.232s] writing top-level names to ../../build/multi_robot_exploration/multi_robot_exploration.egg-info/top_level.txt
[1.253s] reading manifest file '../../build/multi_robot_exploration/multi_robot_exploration.egg-info/SOURCES.txt'
[1.254s] writing manifest file '../../build/multi_robot_exploration/multi_robot_exploration.egg-info/SOURCES.txt'
[1.254s] running build
[1.254s] running build_py
[1.254s] running install
[1.255s] running install_lib
[1.255s] running install_data
[1.256s] running install_egg_info
[1.257s] removing '/home/jstone/Documents/graduation_project/1P/robot_army/install/multi_robot_exploration/lib/python3.8/site-packages/multi_robot_exploration-0.0.0-py3.8.egg-info' (and everything under it)
[1.257s] Copying ../../build/multi_robot_exploration/multi_robot_exploration.egg-info to /home/jstone/Documents/graduation_project/1P/robot_army/install/multi_robot_exploration/lib/python3.8/site-packages/multi_robot_exploration-0.0.0-py3.8.egg-info
[1.257s] running install_scripts
[1.269s] Installing control script to /home/jstone/Documents/graduation_project/1P/robot_army/install/multi_robot_exploration/lib/multi_robot_exploration
[1.269s] writing list of installed files to '/home/jstone/Documents/graduation_project/1P/robot_army/build/multi_robot_exploration/install.log'
[1.285s] Invoked command in '/home/jstone/Documents/graduation_project/1P/robot_army/src/multi_robot_exploration' returned '0': PYTHONPATH=/home/jstone/Documents/graduation_project/1P/robot_army/build/multi_robot_exploration/prefix_override:/usr/lib/python3/dist-packages/colcon_core/task/python/colcon_distutils_commands:/home/jstone/Documents/graduation_project/1P/robot_army/install/multi_robot_exploration/lib/python3.8/site-packages:${PYTHONPATH} /usr/bin/python3 -W ignore:setup.py install is deprecated -W ignore:easy_install command is deprecated setup.py egg_info --egg-base ../../build/multi_robot_exploration build --build-base /home/jstone/Documents/graduation_project/1P/robot_army/build/multi_robot_exploration/build install --record /home/jstone/Documents/graduation_project/1P/robot_army/build/multi_robot_exploration/install.log --single-version-externally-managed install_data
