[1.192s] Invoking command in '/home/jstone/Documents/graduation_project/9T/robot_army/src/multiRobotExploration/merge_map': PYTHONPATH=/home/jstone/Documents/graduation_project/9T/robot_army/src/build/merge_map/prefix_override:/usr/lib/python3/dist-packages/colcon_core/task/python/colcon_distutils_commands:/home/jstone/Documents/graduation_project/9T/robot_army/src/install/merge_map/lib/python3.8/site-packages:${PYTHONPATH} /usr/bin/python3 -W ignore:setup.py install is deprecated setup.py egg_info --egg-base ../../build/merge_map build --build-base /home/jstone/Documents/graduation_project/9T/robot_army/src/build/merge_map/build install --record /home/jstone/Documents/graduation_project/9T/robot_army/src/build/merge_map/install.log --single-version-externally-managed install_data
[1.389s] running egg_info
[1.389s] creating ../../build/merge_map/merge_map.egg-info
[1.389s] writing ../../build/merge_map/merge_map.egg-info/PKG-INFO
[1.389s] writing dependency_links to ../../build/merge_map/merge_map.egg-info/dependency_links.txt
[1.389s] writing entry points to ../../build/merge_map/merge_map.egg-info/entry_points.txt
[1.389s] writing requirements to ../../build/merge_map/merge_map.egg-info/requires.txt
[1.389s] writing top-level names to ../../build/merge_map/merge_map.egg-info/top_level.txt
[1.390s] writing manifest file '../../build/merge_map/merge_map.egg-info/SOURCES.txt'
[1.423s] reading manifest file '../../build/merge_map/merge_map.egg-info/SOURCES.txt'
[1.423s] writing manifest file '../../build/merge_map/merge_map.egg-info/SOURCES.txt'
[1.424s] running build
[1.424s] running build_py
[1.424s] creating /home/jstone/Documents/graduation_project/9T/robot_army/src/build/merge_map/build
[1.425s] creating /home/jstone/Documents/graduation_project/9T/robot_army/src/build/merge_map/build/lib
[1.425s] creating /home/jstone/Documents/graduation_project/9T/robot_army/src/build/merge_map/build/lib/merge_map
[1.425s] copying merge_map/__init__.py -> /home/jstone/Documents/graduation_project/9T/robot_army/src/build/merge_map/build/lib/merge_map
[1.425s] copying merge_map/merge_map.py -> /home/jstone/Documents/graduation_project/9T/robot_army/src/build/merge_map/build/lib/merge_map
[1.425s] running install
[1.426s] running install_lib
[1.426s] creating /home/jstone/Documents/graduation_project/9T/robot_army/src/install/merge_map/lib/python3.8/site-packages/merge_map
[1.427s] copying /home/jstone/Documents/graduation_project/9T/robot_army/src/build/merge_map/build/lib/merge_map/__init__.py -> /home/jstone/Documents/graduation_project/9T/robot_army/src/install/merge_map/lib/python3.8/site-packages/merge_map
[1.427s] copying /home/jstone/Documents/graduation_project/9T/robot_army/src/build/merge_map/build/lib/merge_map/merge_map.py -> /home/jstone/Documents/graduation_project/9T/robot_army/src/install/merge_map/lib/python3.8/site-packages/merge_map
[1.427s] byte-compiling /home/jstone/Documents/graduation_project/9T/robot_army/src/install/merge_map/lib/python3.8/site-packages/merge_map/__init__.py to __init__.cpython-38.pyc
[1.428s] byte-compiling /home/jstone/Documents/graduation_project/9T/robot_army/src/install/merge_map/lib/python3.8/site-packages/merge_map/merge_map.py to merge_map.cpython-38.pyc
[1.428s] running install_data
[1.429s] creating /home/jstone/Documents/graduation_project/9T/robot_army/src/install/merge_map/share/ament_index
[1.429s] creating /home/jstone/Documents/graduation_project/9T/robot_army/src/install/merge_map/share/ament_index/resource_index
[1.429s] creating /home/jstone/Documents/graduation_project/9T/robot_army/src/install/merge_map/share/ament_index/resource_index/packages
[1.429s] copying resource/merge_map -> /home/jstone/Documents/graduation_project/9T/robot_army/src/install/merge_map/share/ament_index/resource_index/packages
[1.429s] copying package.xml -> /home/jstone/Documents/graduation_project/9T/robot_army/src/install/merge_map/share/merge_map
[1.429s] creating /home/jstone/Documents/graduation_project/9T/robot_army/src/install/merge_map/share/merge_map/launch
[1.429s] copying launch/merge_map_launch.py -> /home/jstone/Documents/graduation_project/9T/robot_army/src/install/merge_map/share/merge_map/launch
[1.429s] creating /home/jstone/Documents/graduation_project/9T/robot_army/src/install/merge_map/share/merge_map/config
[1.430s] copying config/merge_map.rviz -> /home/jstone/Documents/graduation_project/9T/robot_army/src/install/merge_map/share/merge_map/config
[1.430s] running install_egg_info
[1.430s] Copying ../../build/merge_map/merge_map.egg-info to /home/jstone/Documents/graduation_project/9T/robot_army/src/install/merge_map/lib/python3.8/site-packages/merge_map-0.0.0-py3.8.egg-info
[1.430s] running install_scripts
[1.448s] Installing merge_map script to /home/jstone/Documents/graduation_project/9T/robot_army/src/install/merge_map/lib/merge_map
[1.448s] writing list of installed files to '/home/jstone/Documents/graduation_project/9T/robot_army/src/build/merge_map/install.log'
[1.468s] Invoked command in '/home/jstone/Documents/graduation_project/9T/robot_army/src/multiRobotExploration/merge_map' returned '0': PYTHONPATH=/home/jstone/Documents/graduation_project/9T/robot_army/src/build/merge_map/prefix_override:/usr/lib/python3/dist-packages/colcon_core/task/python/colcon_distutils_commands:/home/jstone/Documents/graduation_project/9T/robot_army/src/install/merge_map/lib/python3.8/site-packages:${PYTHONPATH} /usr/bin/python3 -W ignore:setup.py install is deprecated setup.py egg_info --egg-base ../../build/merge_map build --build-base /home/jstone/Documents/graduation_project/9T/robot_army/src/build/merge_map/build install --record /home/jstone/Documents/graduation_project/9T/robot_army/src/build/merge_map/install.log --single-version-externally-managed install_data
