[0.748s] Invoking command in '/home/jstone/Documents/graduation_project/1P/robot_army/build/turtlebot3_gazebo': CMAKE_PREFIX_PATH=${CMAKE_PREFIX_PATH}:/home/jstone/Documents/graduation_project/1P/robot_army/install/sjtu_drone_bringup:/home/jstone/Documents/graduation_project/1P/robot_army/install/path_follow:/home/jstone/Documents/graduation_project/1P/robot_army/install/multi_robot_exploration:/home/jstone/Documents/graduation_project/1P/robot_army/install/merge_map:/home/jstone/Documents/graduation_project/1P/robot_army/install/drone_control:/opt/ros/galactic /usr/bin/cmake --build /home/jstone/Documents/graduation_project/1P/robot_army/build/turtlebot3_gazebo -- -j16 -l16
[0.792s] [ 25%] Built target obstacle2
[0.794s] [ 50%] Built target obstacles
[0.794s] [ 75%] Built target turtlebot3_drive
[0.801s] [100%] Built target obstacle1
[0.809s] Invoked command in '/home/jstone/Documents/graduation_project/1P/robot_army/build/turtlebot3_gazebo' returned '0': CMAKE_PREFIX_PATH=${CMAKE_PREFIX_PATH}:/home/jstone/Documents/graduation_project/1P/robot_army/install/sjtu_drone_bringup:/home/jstone/Documents/graduation_project/1P/robot_army/install/path_follow:/home/jstone/Documents/graduation_project/1P/robot_army/install/multi_robot_exploration:/home/jstone/Documents/graduation_project/1P/robot_army/install/merge_map:/home/jstone/Documents/graduation_project/1P/robot_army/install/drone_control:/opt/ros/galactic /usr/bin/cmake --build /home/jstone/Documents/graduation_project/1P/robot_army/build/turtlebot3_gazebo -- -j16 -l16
[0.818s] Invoking command in '/home/jstone/Documents/graduation_project/1P/robot_army/build/turtlebot3_gazebo': CMAKE_PREFIX_PATH=${CMAKE_PREFIX_PATH}:/home/jstone/Documents/graduation_project/1P/robot_army/install/sjtu_drone_bringup:/home/jstone/Documents/graduation_project/1P/robot_army/install/path_follow:/home/jstone/Documents/graduation_project/1P/robot_army/install/multi_robot_exploration:/home/jstone/Documents/graduation_project/1P/robot_army/install/merge_map:/home/jstone/Documents/graduation_project/1P/robot_army/install/drone_control:/opt/ros/galactic /usr/bin/cmake --install /home/jstone/Documents/graduation_project/1P/robot_army/build/turtlebot3_gazebo
[0.823s] -- Install configuration: ""
[0.823s] -- Up-to-date: /home/jstone/Documents/graduation_project/1P/robot_army/install/turtlebot3_gazebo/lib/turtlebot3_gazebo/turtlebot3_drive
[0.823s] -- Up-to-date: /home/jstone/Documents/graduation_project/1P/robot_army/install/turtlebot3_gazebo/share/turtlebot3_gazebo//launch
[0.824s] -- Up-to-date: /home/jstone/Documents/graduation_project/1P/robot_army/install/turtlebot3_gazebo/share/turtlebot3_gazebo//launch/spawn_turtlebot3.launch.py
[0.824s] -- Up-to-date: /home/jstone/Documents/graduation_project/1P/robot_army/install/turtlebot3_gazebo/share/turtlebot3_gazebo//launch/robot_state_publisher.launch.py
[0.824s] -- Installing: /home/jstone/Documents/graduation_project/1P/robot_army/install/turtlebot3_gazebo/share/turtlebot3_gazebo//launch/multi_robot_launch.py
[0.824s] -- Up-to-date: /home/jstone/Documents/graduation_project/1P/robot_army/install/turtlebot3_gazebo/share/turtlebot3_gazebo//models
[0.824s] -- Up-to-date: /home/jstone/Documents/graduation_project/1P/robot_army/install/turtlebot3_gazebo/share/turtlebot3_gazebo//models/turtlebot3_burger_1
[0.824s] -- Up-to-date: /home/jstone/Documents/graduation_project/1P/robot_army/install/turtlebot3_gazebo/share/turtlebot3_gazebo//models/turtlebot3_burger_1/model-1_4.sdf
[0.824s] -- Up-to-date: /home/jstone/Documents/graduation_project/1P/robot_army/install/turtlebot3_gazebo/share/turtlebot3_gazebo//models/turtlebot3_burger_1/model.sdf
[0.824s] -- Up-to-date: /home/jstone/Documents/graduation_project/1P/robot_army/install/turtlebot3_gazebo/share/turtlebot3_gazebo//models/turtlebot3_burger_1/model.config
[0.824s] -- Up-to-date: /home/jstone/Documents/graduation_project/1P/robot_army/install/turtlebot3_gazebo/share/turtlebot3_gazebo//models/turtlebot3_house
[0.824s] -- Up-to-date: /home/jstone/Documents/graduation_project/1P/robot_army/install/turtlebot3_gazebo/share/turtlebot3_gazebo//models/turtlebot3_house/model.sdf
[0.825s] -- Up-to-date: /home/jstone/Documents/graduation_project/1P/robot_army/install/turtlebot3_gazebo/share/turtlebot3_gazebo//models/turtlebot3_house/model.config
[0.825s] -- Up-to-date: /home/jstone/Documents/graduation_project/1P/robot_army/install/turtlebot3_gazebo/share/turtlebot3_gazebo//models/turtlebot3_world
[0.825s] -- Up-to-date: /home/jstone/Documents/graduation_project/1P/robot_army/install/turtlebot3_gazebo/share/turtlebot3_gazebo//models/turtlebot3_world/model-1_4.sdf
[0.825s] -- Up-to-date: /home/jstone/Documents/graduation_project/1P/robot_army/install/turtlebot3_gazebo/share/turtlebot3_gazebo//models/turtlebot3_world/model.sdf
[0.825s] -- Up-to-date: /home/jstone/Documents/graduation_project/1P/robot_army/install/turtlebot3_gazebo/share/turtlebot3_gazebo//models/turtlebot3_world/meshes
[0.825s] -- Up-to-date: /home/jstone/Documents/graduation_project/1P/robot_army/install/turtlebot3_gazebo/share/turtlebot3_gazebo//models/turtlebot3_world/meshes/wall.dae
[0.825s] -- Up-to-date: /home/jstone/Documents/graduation_project/1P/robot_army/install/turtlebot3_gazebo/share/turtlebot3_gazebo//models/turtlebot3_world/meshes/hexagon.dae
[0.825s] -- Up-to-date: /home/jstone/Documents/graduation_project/1P/robot_army/install/turtlebot3_gazebo/share/turtlebot3_gazebo//models/turtlebot3_world/model.config
[0.826s] -- Up-to-date: /home/jstone/Documents/graduation_project/1P/robot_army/install/turtlebot3_gazebo/share/turtlebot3_gazebo//models/turtlebot3_common
[0.826s] -- Up-to-date: /home/jstone/Documents/graduation_project/1P/robot_army/install/turtlebot3_gazebo/share/turtlebot3_gazebo//models/turtlebot3_common/meshes
[0.826s] -- Up-to-date: /home/jstone/Documents/graduation_project/1P/robot_army/install/turtlebot3_gazebo/share/turtlebot3_gazebo//models/turtlebot3_common/meshes/tire.dae
[0.826s] -- Up-to-date: /home/jstone/Documents/graduation_project/1P/robot_army/install/turtlebot3_gazebo/share/turtlebot3_gazebo//models/turtlebot3_common/meshes/waffle_pi_base.dae
[0.827s] -- Up-to-date: /home/jstone/Documents/graduation_project/1P/robot_army/install/turtlebot3_gazebo/share/turtlebot3_gazebo//models/turtlebot3_common/meshes/waffle_base.dae
[0.827s] -- Up-to-date: /home/jstone/Documents/graduation_project/1P/robot_army/install/turtlebot3_gazebo/share/turtlebot3_gazebo//models/turtlebot3_common/meshes/lds.dae
[0.827s] -- Up-to-date: /home/jstone/Documents/graduation_project/1P/robot_army/install/turtlebot3_gazebo/share/turtlebot3_gazebo//models/turtlebot3_common/meshes/burger_base.dae
[0.827s] -- Up-to-date: /home/jstone/Documents/graduation_project/1P/robot_army/install/turtlebot3_gazebo/share/turtlebot3_gazebo//models/turtlebot3_common/meshes/r200.dae
[0.827s] -- Up-to-date: /home/jstone/Documents/graduation_project/1P/robot_army/install/turtlebot3_gazebo/share/turtlebot3_gazebo//models/turtlebot3_common/model.config
[0.828s] -- Up-to-date: /home/jstone/Documents/graduation_project/1P/robot_army/install/turtlebot3_gazebo/share/turtlebot3_gazebo//models/turtlebot3_dqn_world
[0.828s] -- Up-to-date: /home/jstone/Documents/graduation_project/1P/robot_army/install/turtlebot3_gazebo/share/turtlebot3_gazebo//models/turtlebot3_dqn_world/obstacle_plugin
[0.828s] -- Up-to-date: /home/jstone/Documents/graduation_project/1P/robot_army/install/turtlebot3_gazebo/share/turtlebot3_gazebo//models/turtlebot3_dqn_world/obstacle_plugin/obstacle2.cc
[0.828s] -- Up-to-date: /home/jstone/Documents/graduation_project/1P/robot_army/install/turtlebot3_gazebo/share/turtlebot3_gazebo//models/turtlebot3_dqn_world/obstacle_plugin/obstacle1.cc
[0.829s] -- Up-to-date: /home/jstone/Documents/graduation_project/1P/robot_army/install/turtlebot3_gazebo/share/turtlebot3_gazebo//models/turtlebot3_dqn_world/obstacle_plugin/CMakeLists.txt
[0.829s] -- Up-to-date: /home/jstone/Documents/graduation_project/1P/robot_army/install/turtlebot3_gazebo/share/turtlebot3_gazebo//models/turtlebot3_dqn_world/obstacle_plugin/obstacles.cc
[0.829s] -- Up-to-date: /home/jstone/Documents/graduation_project/1P/robot_army/install/turtlebot3_gazebo/share/turtlebot3_gazebo//models/turtlebot3_dqn_world/inner_walls
[0.829s] -- Up-to-date: /home/jstone/Documents/graduation_project/1P/robot_army/install/turtlebot3_gazebo/share/turtlebot3_gazebo//models/turtlebot3_dqn_world/inner_walls/model.sdf
[0.830s] -- Up-to-date: /home/jstone/Documents/graduation_project/1P/robot_army/install/turtlebot3_gazebo/share/turtlebot3_gazebo//models/turtlebot3_dqn_world/inner_walls/model.config
[0.830s] -- Up-to-date: /home/jstone/Documents/graduation_project/1P/robot_army/install/turtlebot3_gazebo/share/turtlebot3_gazebo//models/turtlebot3_dqn_world/model.sdf
[0.830s] -- Up-to-date: /home/jstone/Documents/graduation_project/1P/robot_army/install/turtlebot3_gazebo/share/turtlebot3_gazebo//models/turtlebot3_dqn_world/obstacle1
[0.830s] -- Up-to-date: /home/jstone/Documents/graduation_project/1P/robot_army/install/turtlebot3_gazebo/share/turtlebot3_gazebo//models/turtlebot3_dqn_world/obstacle1/model.sdf
[0.830s] -- Up-to-date: /home/jstone/Documents/graduation_project/1P/robot_army/install/turtlebot3_gazebo/share/turtlebot3_gazebo//models/turtlebot3_dqn_world/obstacle1/model.config
[0.830s] -- Up-to-date: /home/jstone/Documents/graduation_project/1P/robot_army/install/turtlebot3_gazebo/share/turtlebot3_gazebo//models/turtlebot3_dqn_world/goal_box
[0.830s] -- Up-to-date: /home/jstone/Documents/graduation_project/1P/robot_army/install/turtlebot3_gazebo/share/turtlebot3_gazebo//models/turtlebot3_dqn_world/goal_box/model.sdf
[0.830s] -- Up-to-date: /home/jstone/Documents/graduation_project/1P/robot_army/install/turtlebot3_gazebo/share/turtlebot3_gazebo//models/turtlebot3_dqn_world/goal_box/model.config
[0.831s] -- Up-to-date: /home/jstone/Documents/graduation_project/1P/robot_army/install/turtlebot3_gazebo/share/turtlebot3_gazebo//models/turtlebot3_dqn_world/model.config
[0.831s] -- Up-to-date: /home/jstone/Documents/graduation_project/1P/robot_army/install/turtlebot3_gazebo/share/turtlebot3_gazebo//models/turtlebot3_dqn_world/obstacle2
[0.831s] -- Up-to-date: /home/jstone/Documents/graduation_project/1P/robot_army/install/turtlebot3_gazebo/share/turtlebot3_gazebo//models/turtlebot3_dqn_world/obstacle2/model.sdf
[0.831s] -- Up-to-date: /home/jstone/Documents/graduation_project/1P/robot_army/install/turtlebot3_gazebo/share/turtlebot3_gazebo//models/turtlebot3_dqn_world/obstacle2/model.config
[0.831s] -- Up-to-date: /home/jstone/Documents/graduation_project/1P/robot_army/install/turtlebot3_gazebo/share/turtlebot3_gazebo//models/turtlebot3_dqn_world/obstacles
[0.831s] -- Up-to-date: /home/jstone/Documents/graduation_project/1P/robot_army/install/turtlebot3_gazebo/share/turtlebot3_gazebo//models/turtlebot3_dqn_world/obstacles/model.sdf
[0.832s] -- Up-to-date: /home/jstone/Documents/graduation_project/1P/robot_army/install/turtlebot3_gazebo/share/turtlebot3_gazebo//models/turtlebot3_dqn_world/obstacles/model.config
[0.832s] -- Up-to-date: /home/jstone/Documents/graduation_project/1P/robot_army/install/turtlebot3_gazebo/share/turtlebot3_gazebo//models/turtlebot3_waffle
[0.832s] -- Up-to-date: /home/jstone/Documents/graduation_project/1P/robot_army/install/turtlebot3_gazebo/share/turtlebot3_gazebo//models/turtlebot3_waffle/model-1_4.sdf
[0.832s] -- Up-to-date: /home/jstone/Documents/graduation_project/1P/robot_army/install/turtlebot3_gazebo/share/turtlebot3_gazebo//models/turtlebot3_waffle/model.sdf
[0.833s] -- Up-to-date: /home/jstone/Documents/graduation_project/1P/robot_army/install/turtlebot3_gazebo/share/turtlebot3_gazebo//models/turtlebot3_waffle/model.config
[0.833s] -- Up-to-date: /home/jstone/Documents/graduation_project/1P/robot_army/install/turtlebot3_gazebo/share/turtlebot3_gazebo//models/turtlebot3_burger_0
[0.833s] -- Up-to-date: /home/jstone/Documents/graduation_project/1P/robot_army/install/turtlebot3_gazebo/share/turtlebot3_gazebo//models/turtlebot3_burger_0/model-1_4.sdf
[0.833s] -- Up-to-date: /home/jstone/Documents/graduation_project/1P/robot_army/install/turtlebot3_gazebo/share/turtlebot3_gazebo//models/turtlebot3_burger_0/model.sdf
[0.833s] -- Up-to-date: /home/jstone/Documents/graduation_project/1P/robot_army/install/turtlebot3_gazebo/share/turtlebot3_gazebo//models/turtlebot3_burger_0/model.config
[0.834s] -- Up-to-date: /home/jstone/Documents/graduation_project/1P/robot_army/install/turtlebot3_gazebo/share/turtlebot3_gazebo//models/turtlebot3_waffle_pi
[0.834s] -- Up-to-date: /home/jstone/Documents/graduation_project/1P/robot_army/install/turtlebot3_gazebo/share/turtlebot3_gazebo//models/turtlebot3_waffle_pi/model-1_4_.sdf
[0.835s] -- Up-to-date: /home/jstone/Documents/graduation_project/1P/robot_army/install/turtlebot3_gazebo/share/turtlebot3_gazebo//models/turtlebot3_waffle_pi/model.sdf
[0.835s] -- Up-to-date: /home/jstone/Documents/graduation_project/1P/robot_army/install/turtlebot3_gazebo/share/turtlebot3_gazebo//models/turtlebot3_waffle_pi/model.config
[0.835s] -- Up-to-date: /home/jstone/Documents/graduation_project/1P/robot_army/install/turtlebot3_gazebo/share/turtlebot3_gazebo//rviz
[0.835s] -- Up-to-date: /home/jstone/Documents/graduation_project/1P/robot_army/install/turtlebot3_gazebo/share/turtlebot3_gazebo//rviz/tb3_gazebo.rviz
[0.836s] -- Up-to-date: /home/jstone/Documents/graduation_project/1P/robot_army/install/turtlebot3_gazebo/share/turtlebot3_gazebo//urdf
[0.836s] -- Up-to-date: /home/jstone/Documents/graduation_project/1P/robot_army/install/turtlebot3_gazebo/share/turtlebot3_gazebo//urdf/turtlebot3_waffle.urdf
[0.836s] -- Up-to-date: /home/jstone/Documents/graduation_project/1P/robot_army/install/turtlebot3_gazebo/share/turtlebot3_gazebo//urdf/common_properties.urdf
[0.836s] -- Up-to-date: /home/jstone/Documents/graduation_project/1P/robot_army/install/turtlebot3_gazebo/share/turtlebot3_gazebo//urdf/turtlebot3_waffle_pi.urdf
[0.837s] -- Up-to-date: /home/jstone/Documents/graduation_project/1P/robot_army/install/turtlebot3_gazebo/share/turtlebot3_gazebo//urdf/turtlebot3_burger.urdf
[0.837s] -- Up-to-date: /home/jstone/Documents/graduation_project/1P/robot_army/install/turtlebot3_gazebo/share/turtlebot3_gazebo//worlds
[0.837s] -- Up-to-date: /home/jstone/Documents/graduation_project/1P/robot_army/install/turtlebot3_gazebo/share/turtlebot3_gazebo//worlds/turtlebot3_dqn_stage2.world
[0.837s] -- Up-to-date: /home/jstone/Documents/graduation_project/1P/robot_army/install/turtlebot3_gazebo/share/turtlebot3_gazebo//worlds/turtlebot3_world.world
[0.837s] -- Up-to-date: /home/jstone/Documents/graduation_project/1P/robot_army/install/turtlebot3_gazebo/share/turtlebot3_gazebo//worlds/turtlebot3_dqn_stage4.world
[0.838s] -- Up-to-date: /home/jstone/Documents/graduation_project/1P/robot_army/install/turtlebot3_gazebo/share/turtlebot3_gazebo//worlds/turtlebot3_house.world
[0.838s] -- Up-to-date: /home/jstone/Documents/graduation_project/1P/robot_army/install/turtlebot3_gazebo/share/turtlebot3_gazebo//worlds/turtlebot3_dqn_stage3.world
[0.838s] -- Up-to-date: /home/jstone/Documents/graduation_project/1P/robot_army/install/turtlebot3_gazebo/share/turtlebot3_gazebo//worlds/turtlebot3_dqn_stage1.world
[0.838s] -- Up-to-date: /home/jstone/Documents/graduation_project/1P/robot_army/install/turtlebot3_gazebo/share/turtlebot3_gazebo//worlds/empty_world.world
[0.838s] -- Up-to-date: /home/jstone/Documents/graduation_project/1P/robot_army/install/turtlebot3_gazebo/share/turtlebot3_gazebo//config
[0.839s] -- Up-to-date: /home/jstone/Documents/graduation_project/1P/robot_army/install/turtlebot3_gazebo/share/turtlebot3_gazebo//config/tb3_1.rviz
[0.839s] -- Up-to-date: /home/jstone/Documents/graduation_project/1P/robot_army/install/turtlebot3_gazebo/share/turtlebot3_gazebo//config/tb3_0.rviz
[0.839s] -- Up-to-date: /home/jstone/Documents/graduation_project/1P/robot_army/install/turtlebot3_gazebo/include/
[0.839s] -- Up-to-date: /home/jstone/Documents/graduation_project/1P/robot_army/install/turtlebot3_gazebo/include//turtlebot3_gazebo
[0.839s] -- Up-to-date: /home/jstone/Documents/graduation_project/1P/robot_army/install/turtlebot3_gazebo/include//turtlebot3_gazebo/turtlebot3_drive.hpp
[0.839s] -- Up-to-date: /home/jstone/Documents/graduation_project/1P/robot_army/install/turtlebot3_gazebo/share/ament_index/resource_index/package_run_dependencies/turtlebot3_gazebo
[0.839s] -- Up-to-date: /home/jstone/Documents/graduation_project/1P/robot_army/install/turtlebot3_gazebo/share/ament_index/resource_index/parent_prefix_path/turtlebot3_gazebo
[0.839s] -- Up-to-date: /home/jstone/Documents/graduation_project/1P/robot_army/install/turtlebot3_gazebo/share/turtlebot3_gazebo/environment/ament_prefix_path.sh
[0.839s] -- Up-to-date: /home/jstone/Documents/graduation_project/1P/robot_army/install/turtlebot3_gazebo/share/turtlebot3_gazebo/environment/ament_prefix_path.dsv
[0.840s] -- Up-to-date: /home/jstone/Documents/graduation_project/1P/robot_army/install/turtlebot3_gazebo/share/turtlebot3_gazebo/environment/path.sh
[0.840s] -- Up-to-date: /home/jstone/Documents/graduation_project/1P/robot_army/install/turtlebot3_gazebo/share/turtlebot3_gazebo/environment/path.dsv
[0.840s] -- Up-to-date: /home/jstone/Documents/graduation_project/1P/robot_army/install/turtlebot3_gazebo/share/turtlebot3_gazebo/local_setup.bash
[0.840s] -- Up-to-date: /home/jstone/Documents/graduation_project/1P/robot_army/install/turtlebot3_gazebo/share/turtlebot3_gazebo/local_setup.sh
[0.840s] -- Up-to-date: /home/jstone/Documents/graduation_project/1P/robot_army/install/turtlebot3_gazebo/share/turtlebot3_gazebo/local_setup.zsh
[0.841s] -- Up-to-date: /home/jstone/Documents/graduation_project/1P/robot_army/install/turtlebot3_gazebo/share/turtlebot3_gazebo/local_setup.dsv
[0.841s] -- Installing: /home/jstone/Documents/graduation_project/1P/robot_army/install/turtlebot3_gazebo/share/turtlebot3_gazebo/package.dsv
[0.841s] -- Up-to-date: /home/jstone/Documents/graduation_project/1P/robot_army/install/turtlebot3_gazebo/share/ament_index/resource_index/packages/turtlebot3_gazebo
[0.841s] -- Up-to-date: /home/jstone/Documents/graduation_project/1P/robot_army/install/turtlebot3_gazebo/share/turtlebot3_gazebo/cmake/ament_cmake_export_include_directories-extras.cmake
[0.841s] -- Up-to-date: /home/jstone/Documents/graduation_project/1P/robot_army/install/turtlebot3_gazebo/share/turtlebot3_gazebo/cmake/ament_cmake_export_dependencies-extras.cmake
[0.842s] -- Up-to-date: /home/jstone/Documents/graduation_project/1P/robot_army/install/turtlebot3_gazebo/share/turtlebot3_gazebo/cmake/turtlebot3_gazeboConfig.cmake
[0.842s] -- Up-to-date: /home/jstone/Documents/graduation_project/1P/robot_army/install/turtlebot3_gazebo/share/turtlebot3_gazebo/cmake/turtlebot3_gazeboConfig-version.cmake
[0.842s] -- Up-to-date: /home/jstone/Documents/graduation_project/1P/robot_army/install/turtlebot3_gazebo/share/turtlebot3_gazebo/package.xml
[0.843s] Invoked command in '/home/jstone/Documents/graduation_project/1P/robot_army/build/turtlebot3_gazebo' returned '0': CMAKE_PREFIX_PATH=${CMAKE_PREFIX_PATH}:/home/jstone/Documents/graduation_project/1P/robot_army/install/sjtu_drone_bringup:/home/jstone/Documents/graduation_project/1P/robot_army/install/path_follow:/home/jstone/Documents/graduation_project/1P/robot_army/install/multi_robot_exploration:/home/jstone/Documents/graduation_project/1P/robot_army/install/merge_map:/home/jstone/Documents/graduation_project/1P/robot_army/install/drone_control:/opt/ros/galactic /usr/bin/cmake --install /home/jstone/Documents/graduation_project/1P/robot_army/build/turtlebot3_gazebo
