[1.081s] Invoking command in '/home/jstone/Documents/graduation_project/1P/robot_army/src/drone/sjtu_drone_bringup': PYTHONPATH=/home/jstone/Documents/graduation_project/1P/robot_army/build/sjtu_drone_bringup/prefix_override:/usr/lib/python3/dist-packages/colcon_core/task/python/colcon_distutils_commands:/home/jstone/Documents/graduation_project/1P/robot_army/install/sjtu_drone_bringup/lib/python3.8/site-packages:${PYTHONPATH} /usr/bin/python3 -W ignore:setup.py install is deprecated -W ignore:easy_install command is deprecated setup.py egg_info --egg-base ../../../build/sjtu_drone_bringup build --build-base /home/jstone/Documents/graduation_project/1P/robot_army/build/sjtu_drone_bringup/build install --record /home/jstone/Documents/graduation_project/1P/robot_army/build/sjtu_drone_bringup/install.log --single-version-externally-managed install_data
[1.226s] running egg_info
[1.226s] writing ../../../build/sjtu_drone_bringup/sjtu_drone_bringup.egg-info/PKG-INFO
[1.226s] writing dependency_links to ../../../build/sjtu_drone_bringup/sjtu_drone_bringup.egg-info/dependency_links.txt
[1.226s] writing entry points to ../../../build/sjtu_drone_bringup/sjtu_drone_bringup.egg-info/entry_points.txt
[1.227s] writing requirements to ../../../build/sjtu_drone_bringup/sjtu_drone_bringup.egg-info/requires.txt
[1.227s] writing top-level names to ../../../build/sjtu_drone_bringup/sjtu_drone_bringup.egg-info/top_level.txt
[1.249s] reading manifest file '../../../build/sjtu_drone_bringup/sjtu_drone_bringup.egg-info/SOURCES.txt'
[1.249s] writing manifest file '../../../build/sjtu_drone_bringup/sjtu_drone_bringup.egg-info/SOURCES.txt'
[1.249s] running build
[1.249s] running build_py
[1.249s] running install
[1.250s] running install_lib
[1.251s] running install_data
[1.251s] running install_egg_info
[1.252s] removing '/home/jstone/Documents/graduation_project/1P/robot_army/install/sjtu_drone_bringup/lib/python3.8/site-packages/sjtu_drone_bringup-0.0.0-py3.8.egg-info' (and everything under it)
[1.252s] Copying ../../../build/sjtu_drone_bringup/sjtu_drone_bringup.egg-info to /home/jstone/Documents/graduation_project/1P/robot_army/install/sjtu_drone_bringup/lib/python3.8/site-packages/sjtu_drone_bringup-0.0.0-py3.8.egg-info
[1.253s] running install_scripts
[1.264s] Installing spawn_drone script to /home/jstone/Documents/graduation_project/1P/robot_army/install/sjtu_drone_bringup/lib/sjtu_drone_bringup
[1.264s] writing list of installed files to '/home/jstone/Documents/graduation_project/1P/robot_army/build/sjtu_drone_bringup/install.log'
[1.287s] Invoked command in '/home/jstone/Documents/graduation_project/1P/robot_army/src/drone/sjtu_drone_bringup' returned '0': PYTHONPATH=/home/jstone/Documents/graduation_project/1P/robot_army/build/sjtu_drone_bringup/prefix_override:/usr/lib/python3/dist-packages/colcon_core/task/python/colcon_distutils_commands:/home/jstone/Documents/graduation_project/1P/robot_army/install/sjtu_drone_bringup/lib/python3.8/site-packages:${PYTHONPATH} /usr/bin/python3 -W ignore:setup.py install is deprecated -W ignore:easy_install command is deprecated setup.py egg_info --egg-base ../../../build/sjtu_drone_bringup build --build-base /home/jstone/Documents/graduation_project/1P/robot_army/build/sjtu_drone_bringup/build install --record /home/jstone/Documents/graduation_project/1P/robot_army/build/sjtu_drone_bringup/install.log --single-version-externally-managed install_data
