running egg_info
creating ../../build/path_follow/path_follow.egg-info
writing ../../build/path_follow/path_follow.egg-info/PKG-INFO
writing dependency_links to ../../build/path_follow/path_follow.egg-info/dependency_links.txt
writing entry points to ../../build/path_follow/path_follow.egg-info/entry_points.txt
writing requirements to ../../build/path_follow/path_follow.egg-info/requires.txt
writing top-level names to ../../build/path_follow/path_follow.egg-info/top_level.txt
writing manifest file '../../build/path_follow/path_follow.egg-info/SOURCES.txt'
reading manifest file '../../build/path_follow/path_follow.egg-info/SOURCES.txt'
writing manifest file '../../build/path_follow/path_follow.egg-info/SOURCES.txt'
running build
running build_py
creating /home/jstone/Documents/graduation_project/1P/robot_army/build/path_follow/build
creating /home/jstone/Documents/graduation_project/1P/robot_army/build/path_follow/build/lib
creating /home/jstone/Documents/graduation_project/1P/robot_army/build/path_follow/build/lib/path_follow
copying path_follow/__init__.py -> /home/jstone/Documents/graduation_project/1P/robot_army/build/path_follow/build/lib/path_follow
copying path_follow/path_follow.py -> /home/jstone/Documents/graduation_project/1P/robot_army/build/path_follow/build/lib/path_follow
running install
running install_lib
creating /home/jstone/Documents/graduation_project/1P/robot_army/install/path_follow/lib/python3.8/site-packages/path_follow
copying /home/jstone/Documents/graduation_project/1P/robot_army/build/path_follow/build/lib/path_follow/__init__.py -> /home/jstone/Documents/graduation_project/1P/robot_army/install/path_follow/lib/python3.8/site-packages/path_follow
copying /home/jstone/Documents/graduation_project/1P/robot_army/build/path_follow/build/lib/path_follow/path_follow.py -> /home/jstone/Documents/graduation_project/1P/robot_army/install/path_follow/lib/python3.8/site-packages/path_follow
byte-compiling /home/jstone/Documents/graduation_project/1P/robot_army/install/path_follow/lib/python3.8/site-packages/path_follow/__init__.py to __init__.cpython-38.pyc
byte-compiling /home/jstone/Documents/graduation_project/1P/robot_army/install/path_follow/lib/python3.8/site-packages/path_follow/path_follow.py to path_follow.cpython-38.pyc
running install_data
creating /home/jstone/Documents/graduation_project/1P/robot_army/install/path_follow/share/ament_index
creating /home/jstone/Documents/graduation_project/1P/robot_army/install/path_follow/share/ament_index/resource_index
creating /home/jstone/Documents/graduation_project/1P/robot_army/install/path_follow/share/ament_index/resource_index/packages
copying resource/path_follow -> /home/jstone/Documents/graduation_project/1P/robot_army/install/path_follow/share/ament_index/resource_index/packages
copying package.xml -> /home/jstone/Documents/graduation_project/1P/robot_army/install/path_follow/share/path_follow
running install_egg_info
Copying ../../build/path_follow/path_follow.egg-info to /home/jstone/Documents/graduation_project/1P/robot_army/install/path_follow/lib/python3.8/site-packages/path_follow-0.0.0-py3.8.egg-info
running install_scripts
Installing path_follow script to /home/jstone/Documents/graduation_project/1P/robot_army/install/path_follow/lib/path_follow
writing list of installed files to '/home/jstone/Documents/graduation_project/1P/robot_army/build/path_follow/install.log'
