[1.106s] Invoking command in '/home/jstone/Documents/graduation_project/1P/robot_army/src/drone/drone_control': PYTHONPATH=/home/jstone/Documents/graduation_project/1P/robot_army/build/drone_control/prefix_override:/usr/lib/python3/dist-packages/colcon_core/task/python/colcon_distutils_commands:/home/jstone/Documents/graduation_project/1P/robot_army/install/drone_control/lib/python3.8/site-packages:${PYTHONPATH} /usr/bin/python3 -W ignore:setup.py install is deprecated -W ignore:easy_install command is deprecated setup.py egg_info --egg-base ../../../build/drone_control build --build-base /home/jstone/Documents/graduation_project/1P/robot_army/build/drone_control/build install --record /home/jstone/Documents/graduation_project/1P/robot_army/build/drone_control/install.log --single-version-externally-managed install_data
[1.253s] running egg_info
[1.253s] writing ../../../build/drone_control/drone_control.egg-info/PKG-INFO
[1.253s] writing dependency_links to ../../../build/drone_control/drone_control.egg-info/dependency_links.txt
[1.253s] writing entry points to ../../../build/drone_control/drone_control.egg-info/entry_points.txt
[1.253s] writing requirements to ../../../build/drone_control/drone_control.egg-info/requires.txt
[1.253s] writing top-level names to ../../../build/drone_control/drone_control.egg-info/top_level.txt
[1.276s] reading manifest file '../../../build/drone_control/drone_control.egg-info/SOURCES.txt'
[1.276s] writing manifest file '../../../build/drone_control/drone_control.egg-info/SOURCES.txt'
[1.276s] running build
[1.276s] running build_py
[1.276s] running install
[1.277s] running install_lib
[1.278s] running install_data
[1.278s] running install_egg_info
[1.279s] removing '/home/jstone/Documents/graduation_project/1P/robot_army/install/drone_control/lib/python3.8/site-packages/drone_control-0.0.0-py3.8.egg-info' (and everything under it)
[1.279s] Copying ../../../build/drone_control/drone_control.egg-info to /home/jstone/Documents/graduation_project/1P/robot_army/install/drone_control/lib/python3.8/site-packages/drone_control-0.0.0-py3.8.egg-info
[1.280s] running install_scripts
[1.293s] Installing drone_control script to /home/jstone/Documents/graduation_project/1P/robot_army/install/drone_control/lib/drone_control
[1.293s] writing list of installed files to '/home/jstone/Documents/graduation_project/1P/robot_army/build/drone_control/install.log'
[1.314s] Invoked command in '/home/jstone/Documents/graduation_project/1P/robot_army/src/drone/drone_control' returned '0': PYTHONPATH=/home/jstone/Documents/graduation_project/1P/robot_army/build/drone_control/prefix_override:/usr/lib/python3/dist-packages/colcon_core/task/python/colcon_distutils_commands:/home/jstone/Documents/graduation_project/1P/robot_army/install/drone_control/lib/python3.8/site-packages:${PYTHONPATH} /usr/bin/python3 -W ignore:setup.py install is deprecated -W ignore:easy_install command is deprecated setup.py egg_info --egg-base ../../../build/drone_control build --build-base /home/jstone/Documents/graduation_project/1P/robot_army/build/drone_control/build install --record /home/jstone/Documents/graduation_project/1P/robot_army/build/drone_control/install.log --single-version-externally-managed install_data
