[0.128s] DEBUG:colcon:Command line arguments: ['/usr/bin/colcon', 'build']
[0.128s] DEBUG:colcon:Parsed command line arguments: Namespace(allow_overriding=[], ament_cmake_args=None, base_paths=['.'], build_base='build', catkin_cmake_args=None, catkin_skip_building_tests=False, cmake_args=None, cmake_clean_cache=False, cmake_clean_first=False, cmake_force_configure=False, cmake_target=None, cmake_target_skip_unavailable=False, continue_on_error=False, event_handlers=None, executor='parallel', ignore_user_meta=False, install_base='install', log_base=None, log_level=None, main=<bound method BuildVerb.main of <colcon_core.verb.build.BuildVerb object at 0x7ff104c420d0>>, merge_install=False, metas=['./colcon.meta'], packages_above=None, packages_above_and_dependencies=None, packages_above_depth=None, packages_end=None, packages_ignore=None, packages_ignore_regex=None, packages_select=None, packages_select_build_failed=False, packages_select_by_dep=None, packages_select_regex=None, packages_select_test_failures=False, packages_skip=None, packages_skip_build_finished=False, packages_skip_by_dep=None, packages_skip_regex=None, packages_skip_test_passed=False, packages_skip_up_to=None, packages_start=None, packages_up_to=None, packages_up_to_regex=None, parallel_workers=16, paths=None, symlink_install=False, test_result_base=None, verb_extension=<colcon_core.verb.build.BuildVerb object at 0x7ff104c420d0>, verb_name='build', verb_parser=<colcon_defaults.argument_parser.defaults.DefaultArgumentsDecorator object at 0x7ff104c17430>)
[0.233s] Level 1:colcon.colcon_core.package_discovery:discover_packages(colcon_meta) check parameters
[0.233s] Level 1:colcon.colcon_core.package_discovery:discover_packages(recursive) check parameters
[0.233s] Level 1:colcon.colcon_core.package_discovery:discover_packages(ignore) check parameters
[0.233s] Level 1:colcon.colcon_core.package_discovery:discover_packages(path) check parameters
[0.233s] Level 1:colcon.colcon_core.package_discovery:discover_packages(colcon_meta) discover
[0.233s] Level 1:colcon.colcon_core.package_discovery:discover_packages(recursive) discover
[0.233s] INFO:colcon.colcon_core.package_discovery:Crawling recursively for packages in '/home/jstone/Documents/graduation_project/9T/robot_army/src'
[0.233s] Level 1:colcon.colcon_core.package_identification:_identify(.) by extensions ['ignore', 'ignore_ament_install']
[0.233s] Level 1:colcon.colcon_core.package_identification:_identify(.) by extension 'ignore'
[0.233s] Level 1:colcon.colcon_core.package_identification:_identify(.) by extension 'ignore_ament_install'
[0.233s] Level 1:colcon.colcon_core.package_identification:_identify(.) by extensions ['colcon_pkg']
[0.233s] Level 1:colcon.colcon_core.package_identification:_identify(.) by extension 'colcon_pkg'
[0.233s] Level 1:colcon.colcon_core.package_identification:_identify(.) by extensions ['colcon_meta']
[0.233s] Level 1:colcon.colcon_core.package_identification:_identify(.) by extension 'colcon_meta'
[0.233s] Level 1:colcon.colcon_core.package_identification:_identify(.) by extensions ['ros']
[0.233s] Level 1:colcon.colcon_core.package_identification:_identify(.) by extension 'ros'
[0.240s] Level 1:colcon.colcon_core.package_identification:_identify(.) by extensions ['cmake', 'python']
[0.240s] Level 1:colcon.colcon_core.package_identification:_identify(.) by extension 'cmake'
[0.240s] Level 1:colcon.colcon_core.package_identification:_identify(.) by extension 'python'
[0.240s] Level 1:colcon.colcon_core.package_identification:_identify(.) by extensions ['python_setup_py']
[0.240s] Level 1:colcon.colcon_core.package_identification:_identify(.) by extension 'python_setup_py'
[0.240s] Level 1:colcon.colcon_core.package_identification:_identify(build) by extensions ['ignore', 'ignore_ament_install']
[0.241s] Level 1:colcon.colcon_core.package_identification:_identify(build) by extension 'ignore'
[0.241s] Level 1:colcon.colcon_core.package_identification:_identify(build) ignored
[0.241s] Level 1:colcon.colcon_core.package_identification:_identify(install) by extensions ['ignore', 'ignore_ament_install']
[0.241s] Level 1:colcon.colcon_core.package_identification:_identify(install) by extension 'ignore'
[0.241s] Level 1:colcon.colcon_core.package_identification:_identify(install) ignored
[0.241s] Level 1:colcon.colcon_core.package_identification:_identify(log) by extensions ['ignore', 'ignore_ament_install']
[0.241s] Level 1:colcon.colcon_core.package_identification:_identify(log) by extension 'ignore'
[0.241s] Level 1:colcon.colcon_core.package_identification:_identify(log) ignored
[0.241s] Level 1:colcon.colcon_core.package_identification:_identify(multiRobotExploration) by extensions ['ignore', 'ignore_ament_install']
[0.241s] Level 1:colcon.colcon_core.package_identification:_identify(multiRobotExploration) by extension 'ignore'
[0.241s] Level 1:colcon.colcon_core.package_identification:_identify(multiRobotExploration) by extension 'ignore_ament_install'
[0.241s] Level 1:colcon.colcon_core.package_identification:_identify(multiRobotExploration) by extensions ['colcon_pkg']
[0.241s] Level 1:colcon.colcon_core.package_identification:_identify(multiRobotExploration) by extension 'colcon_pkg'
[0.241s] Level 1:colcon.colcon_core.package_identification:_identify(multiRobotExploration) by extensions ['colcon_meta']
[0.241s] Level 1:colcon.colcon_core.package_identification:_identify(multiRobotExploration) by extension 'colcon_meta'
[0.241s] Level 1:colcon.colcon_core.package_identification:_identify(multiRobotExploration) by extensions ['ros']
[0.241s] Level 1:colcon.colcon_core.package_identification:_identify(multiRobotExploration) by extension 'ros'
[0.241s] Level 1:colcon.colcon_core.package_identification:_identify(multiRobotExploration) by extensions ['cmake', 'python']
[0.241s] Level 1:colcon.colcon_core.package_identification:_identify(multiRobotExploration) by extension 'cmake'
[0.241s] Level 1:colcon.colcon_core.package_identification:_identify(multiRobotExploration) by extension 'python'
[0.241s] Level 1:colcon.colcon_core.package_identification:_identify(multiRobotExploration) by extensions ['python_setup_py']
[0.241s] Level 1:colcon.colcon_core.package_identification:_identify(multiRobotExploration) by extension 'python_setup_py'
[0.241s] Level 1:colcon.colcon_core.package_identification:_identify(multiRobotExploration/drone) by extensions ['ignore', 'ignore_ament_install']
[0.241s] Level 1:colcon.colcon_core.package_identification:_identify(multiRobotExploration/drone) by extension 'ignore'
[0.241s] Level 1:colcon.colcon_core.package_identification:_identify(multiRobotExploration/drone) by extension 'ignore_ament_install'
[0.241s] Level 1:colcon.colcon_core.package_identification:_identify(multiRobotExploration/drone) by extensions ['colcon_pkg']
[0.241s] Level 1:colcon.colcon_core.package_identification:_identify(multiRobotExploration/drone) by extension 'colcon_pkg'
[0.241s] Level 1:colcon.colcon_core.package_identification:_identify(multiRobotExploration/drone) by extensions ['colcon_meta']
[0.241s] Level 1:colcon.colcon_core.package_identification:_identify(multiRobotExploration/drone) by extension 'colcon_meta'
[0.241s] Level 1:colcon.colcon_core.package_identification:_identify(multiRobotExploration/drone) by extensions ['ros']
[0.241s] Level 1:colcon.colcon_core.package_identification:_identify(multiRobotExploration/drone) by extension 'ros'
[0.242s] Level 1:colcon.colcon_core.package_identification:_identify(multiRobotExploration/drone) by extensions ['cmake', 'python']
[0.242s] Level 1:colcon.colcon_core.package_identification:_identify(multiRobotExploration/drone) by extension 'cmake'
[0.242s] Level 1:colcon.colcon_core.package_identification:_identify(multiRobotExploration/drone) by extension 'python'
[0.242s] Level 1:colcon.colcon_core.package_identification:_identify(multiRobotExploration/drone) by extensions ['python_setup_py']
[0.242s] Level 1:colcon.colcon_core.package_identification:_identify(multiRobotExploration/drone) by extension 'python_setup_py'
[0.242s] Level 1:colcon.colcon_core.package_identification:_identify(multiRobotExploration/drone/drone_control) by extensions ['ignore', 'ignore_ament_install']
[0.242s] Level 1:colcon.colcon_core.package_identification:_identify(multiRobotExploration/drone/drone_control) by extension 'ignore'
[0.242s] Level 1:colcon.colcon_core.package_identification:_identify(multiRobotExploration/drone/drone_control) by extension 'ignore_ament_install'
[0.242s] Level 1:colcon.colcon_core.package_identification:_identify(multiRobotExploration/drone/drone_control) by extensions ['colcon_pkg']
[0.242s] Level 1:colcon.colcon_core.package_identification:_identify(multiRobotExploration/drone/drone_control) by extension 'colcon_pkg'
[0.242s] Level 1:colcon.colcon_core.package_identification:_identify(multiRobotExploration/drone/drone_control) by extensions ['colcon_meta']
[0.242s] Level 1:colcon.colcon_core.package_identification:_identify(multiRobotExploration/drone/drone_control) by extension 'colcon_meta'
[0.242s] Level 1:colcon.colcon_core.package_identification:_identify(multiRobotExploration/drone/drone_control) by extensions ['ros']
[0.242s] Level 1:colcon.colcon_core.package_identification:_identify(multiRobotExploration/drone/drone_control) by extension 'ros'
[0.244s] DEBUG:colcon.colcon_core.package_identification:Package 'multiRobotExploration/drone/drone_control' with type 'ros.ament_python' and name 'drone_control'
[0.244s] Level 1:colcon.colcon_core.package_identification:_identify(multiRobotExploration/drone/sjtu_drone_bringup) by extensions ['ignore', 'ignore_ament_install']
[0.244s] Level 1:colcon.colcon_core.package_identification:_identify(multiRobotExploration/drone/sjtu_drone_bringup) by extension 'ignore'
[0.244s] Level 1:colcon.colcon_core.package_identification:_identify(multiRobotExploration/drone/sjtu_drone_bringup) by extension 'ignore_ament_install'
[0.244s] Level 1:colcon.colcon_core.package_identification:_identify(multiRobotExploration/drone/sjtu_drone_bringup) by extensions ['colcon_pkg']
[0.244s] Level 1:colcon.colcon_core.package_identification:_identify(multiRobotExploration/drone/sjtu_drone_bringup) by extension 'colcon_pkg'
[0.244s] Level 1:colcon.colcon_core.package_identification:_identify(multiRobotExploration/drone/sjtu_drone_bringup) by extensions ['colcon_meta']
[0.244s] Level 1:colcon.colcon_core.package_identification:_identify(multiRobotExploration/drone/sjtu_drone_bringup) by extension 'colcon_meta'
[0.244s] Level 1:colcon.colcon_core.package_identification:_identify(multiRobotExploration/drone/sjtu_drone_bringup) by extensions ['ros']
[0.244s] Level 1:colcon.colcon_core.package_identification:_identify(multiRobotExploration/drone/sjtu_drone_bringup) by extension 'ros'
[0.245s] DEBUG:colcon.colcon_core.package_identification:Package 'multiRobotExploration/drone/sjtu_drone_bringup' with type 'ros.ament_python' and name 'sjtu_drone_bringup'
[0.245s] Level 1:colcon.colcon_core.package_identification:_identify(multiRobotExploration/drone/sjtu_drone_description) by extensions ['ignore', 'ignore_ament_install']
[0.245s] Level 1:colcon.colcon_core.package_identification:_identify(multiRobotExploration/drone/sjtu_drone_description) by extension 'ignore'
[0.245s] Level 1:colcon.colcon_core.package_identification:_identify(multiRobotExploration/drone/sjtu_drone_description) by extension 'ignore_ament_install'
[0.245s] Level 1:colcon.colcon_core.package_identification:_identify(multiRobotExploration/drone/sjtu_drone_description) by extensions ['colcon_pkg']
[0.245s] Level 1:colcon.colcon_core.package_identification:_identify(multiRobotExploration/drone/sjtu_drone_description) by extension 'colcon_pkg'
[0.245s] Level 1:colcon.colcon_core.package_identification:_identify(multiRobotExploration/drone/sjtu_drone_description) by extensions ['colcon_meta']
[0.245s] Level 1:colcon.colcon_core.package_identification:_identify(multiRobotExploration/drone/sjtu_drone_description) by extension 'colcon_meta'
[0.245s] Level 1:colcon.colcon_core.package_identification:_identify(multiRobotExploration/drone/sjtu_drone_description) by extensions ['ros']
[0.245s] Level 1:colcon.colcon_core.package_identification:_identify(multiRobotExploration/drone/sjtu_drone_description) by extension 'ros'
[0.246s] DEBUG:colcon.colcon_core.package_identification:Package 'multiRobotExploration/drone/sjtu_drone_description' with type 'ros.ament_cmake' and name 'sjtu_drone_description'
[0.246s] Level 1:colcon.colcon_core.package_identification:_identify(multiRobotExploration/merge_map) by extensions ['ignore', 'ignore_ament_install']
[0.246s] Level 1:colcon.colcon_core.package_identification:_identify(multiRobotExploration/merge_map) by extension 'ignore'
[0.246s] Level 1:colcon.colcon_core.package_identification:_identify(multiRobotExploration/merge_map) by extension 'ignore_ament_install'
[0.246s] Level 1:colcon.colcon_core.package_identification:_identify(multiRobotExploration/merge_map) by extensions ['colcon_pkg']
[0.246s] Level 1:colcon.colcon_core.package_identification:_identify(multiRobotExploration/merge_map) by extension 'colcon_pkg'
[0.246s] Level 1:colcon.colcon_core.package_identification:_identify(multiRobotExploration/merge_map) by extensions ['colcon_meta']
[0.246s] Level 1:colcon.colcon_core.package_identification:_identify(multiRobotExploration/merge_map) by extension 'colcon_meta'
[0.246s] Level 1:colcon.colcon_core.package_identification:_identify(multiRobotExploration/merge_map) by extensions ['ros']
[0.246s] Level 1:colcon.colcon_core.package_identification:_identify(multiRobotExploration/merge_map) by extension 'ros'
[0.246s] DEBUG:colcon.colcon_core.package_identification:Package 'multiRobotExploration/merge_map' with type 'ros.ament_python' and name 'merge_map'
[0.246s] Level 1:colcon.colcon_core.package_identification:_identify(multiRobotExploration/multi_robot_exploration) by extensions ['ignore', 'ignore_ament_install']
[0.246s] Level 1:colcon.colcon_core.package_identification:_identify(multiRobotExploration/multi_robot_exploration) by extension 'ignore'
[0.246s] Level 1:colcon.colcon_core.package_identification:_identify(multiRobotExploration/multi_robot_exploration) by extension 'ignore_ament_install'
[0.246s] Level 1:colcon.colcon_core.package_identification:_identify(multiRobotExploration/multi_robot_exploration) by extensions ['colcon_pkg']
[0.247s] Level 1:colcon.colcon_core.package_identification:_identify(multiRobotExploration/multi_robot_exploration) by extension 'colcon_pkg'
[0.247s] Level 1:colcon.colcon_core.package_identification:_identify(multiRobotExploration/multi_robot_exploration) by extensions ['colcon_meta']
[0.247s] Level 1:colcon.colcon_core.package_identification:_identify(multiRobotExploration/multi_robot_exploration) by extension 'colcon_meta'
[0.247s] Level 1:colcon.colcon_core.package_identification:_identify(multiRobotExploration/multi_robot_exploration) by extensions ['ros']
[0.247s] Level 1:colcon.colcon_core.package_identification:_identify(multiRobotExploration/multi_robot_exploration) by extension 'ros'
[0.247s] DEBUG:colcon.colcon_core.package_identification:Package 'multiRobotExploration/multi_robot_exploration' with type 'ros.ament_python' and name 'multi_robot_exploration'
[0.247s] Level 1:colcon.colcon_core.package_identification:_identify(multiRobotExploration/path_follow) by extensions ['ignore', 'ignore_ament_install']
[0.247s] Level 1:colcon.colcon_core.package_identification:_identify(multiRobotExploration/path_follow) by extension 'ignore'
[0.247s] Level 1:colcon.colcon_core.package_identification:_identify(multiRobotExploration/path_follow) by extension 'ignore_ament_install'
[0.247s] Level 1:colcon.colcon_core.package_identification:_identify(multiRobotExploration/path_follow) by extensions ['colcon_pkg']
[0.247s] Level 1:colcon.colcon_core.package_identification:_identify(multiRobotExploration/path_follow) by extension 'colcon_pkg'
[0.247s] Level 1:colcon.colcon_core.package_identification:_identify(multiRobotExploration/path_follow) by extensions ['colcon_meta']
[0.247s] Level 1:colcon.colcon_core.package_identification:_identify(multiRobotExploration/path_follow) by extension 'colcon_meta'
[0.247s] Level 1:colcon.colcon_core.package_identification:_identify(multiRobotExploration/path_follow) by extensions ['ros']
[0.247s] Level 1:colcon.colcon_core.package_identification:_identify(multiRobotExploration/path_follow) by extension 'ros'
[0.248s] DEBUG:colcon.colcon_core.package_identification:Package 'multiRobotExploration/path_follow' with type 'ros.ament_python' and name 'path_follow'
[0.248s] Level 1:colcon.colcon_core.package_identification:_identify(multiRobotExploration/turtlebot3_gazebo) by extensions ['ignore', 'ignore_ament_install']
[0.248s] Level 1:colcon.colcon_core.package_identification:_identify(multiRobotExploration/turtlebot3_gazebo) by extension 'ignore'
[0.248s] Level 1:colcon.colcon_core.package_identification:_identify(multiRobotExploration/turtlebot3_gazebo) by extension 'ignore_ament_install'
[0.248s] Level 1:colcon.colcon_core.package_identification:_identify(multiRobotExploration/turtlebot3_gazebo) by extensions ['colcon_pkg']
[0.248s] Level 1:colcon.colcon_core.package_identification:_identify(multiRobotExploration/turtlebot3_gazebo) by extension 'colcon_pkg'
[0.248s] Level 1:colcon.colcon_core.package_identification:_identify(multiRobotExploration/turtlebot3_gazebo) by extensions ['colcon_meta']
[0.248s] Level 1:colcon.colcon_core.package_identification:_identify(multiRobotExploration/turtlebot3_gazebo) by extension 'colcon_meta'
[0.248s] Level 1:colcon.colcon_core.package_identification:_identify(multiRobotExploration/turtlebot3_gazebo) by extensions ['ros']
[0.248s] Level 1:colcon.colcon_core.package_identification:_identify(multiRobotExploration/turtlebot3_gazebo) by extension 'ros'
[0.248s] DEBUG:colcon.colcon_core.package_identification:Package 'multiRobotExploration/turtlebot3_gazebo' with type 'ros.ament_cmake' and name 'turtlebot3_gazebo'
[0.248s] Level 1:colcon.colcon_core.package_discovery:discover_packages(recursive) using defaults
[0.248s] Level 1:colcon.colcon_core.package_discovery:discover_packages(ignore) discover
[0.248s] Level 1:colcon.colcon_core.package_discovery:discover_packages(ignore) using defaults
[0.248s] Level 1:colcon.colcon_core.package_discovery:discover_packages(path) discover
[0.248s] Level 1:colcon.colcon_core.package_discovery:discover_packages(path) using defaults
[0.262s] Level 1:colcon.colcon_core.package_discovery:discover_packages(prefix_path) check parameters
[0.262s] Level 1:colcon.colcon_core.package_discovery:discover_packages(prefix_path) discover
[0.263s] DEBUG:colcon.colcon_installed_package_information.package_discovery:Found 2 installed packages in /home/jstone/Documents/毕业设计/测试5_m_expore/m-explore-ros2/install
[0.264s] DEBUG:colcon.colcon_installed_package_information.package_discovery:Found 3 installed packages in /home/jstone/nav2_ws/install
[0.264s] DEBUG:colcon.colcon_installed_package_information.package_discovery:Found 335 installed packages in /opt/ros/galactic
[0.271s] Level 1:colcon.colcon_core.package_discovery:discover_packages(prefix_path) using defaults
[0.317s] WARNING:colcon.colcon_core.package_selection:Some selected packages are already built in one or more underlay workspaces:
	'turtlebot3_gazebo' is in: /opt/ros/galactic
If a package in a merged underlay workspace is overridden and it installs headers, then all packages in the overlay must sort their include directories by workspace order. Failure to do so may result in build failures or undefined behavior at run time.
If the overridden package is used by another package in any underlay, then the overriding package in the overlay must be API and ABI compatible or undefined behavior at run time may occur.

If you understand the risks and want to override a package anyways, add the following to the command line:
	--allow-overriding turtlebot3_gazebo

This may be promoted to an error in a future release of colcon-override-check.
[0.317s] Level 5:colcon.colcon_core.verb:set package 'drone_control' build argument 'cmake_args' from command line to 'None'
[0.317s] Level 5:colcon.colcon_core.verb:set package 'drone_control' build argument 'cmake_target' from command line to 'None'
[0.317s] Level 5:colcon.colcon_core.verb:set package 'drone_control' build argument 'cmake_target_skip_unavailable' from command line to 'False'
[0.318s] Level 5:colcon.colcon_core.verb:set package 'drone_control' build argument 'cmake_clean_cache' from command line to 'False'
[0.318s] Level 5:colcon.colcon_core.verb:set package 'drone_control' build argument 'cmake_clean_first' from command line to 'False'
[0.318s] Level 5:colcon.colcon_core.verb:set package 'drone_control' build argument 'cmake_force_configure' from command line to 'False'
[0.318s] Level 5:colcon.colcon_core.verb:set package 'drone_control' build argument 'ament_cmake_args' from command line to 'None'
[0.318s] Level 5:colcon.colcon_core.verb:set package 'drone_control' build argument 'catkin_cmake_args' from command line to 'None'
[0.318s] Level 5:colcon.colcon_core.verb:set package 'drone_control' build argument 'catkin_skip_building_tests' from command line to 'False'
[0.318s] DEBUG:colcon.colcon_core.verb:Building package 'drone_control' with the following arguments: {'ament_cmake_args': None, 'build_base': '/home/jstone/Documents/graduation_project/9T/robot_army/src/build/drone_control', 'catkin_cmake_args': None, 'catkin_skip_building_tests': False, 'cmake_args': None, 'cmake_clean_cache': False, 'cmake_clean_first': False, 'cmake_force_configure': False, 'cmake_target': None, 'cmake_target_skip_unavailable': False, 'install_base': '/home/jstone/Documents/graduation_project/9T/robot_army/src/install/drone_control', 'merge_install': False, 'path': '/home/jstone/Documents/graduation_project/9T/robot_army/src/multiRobotExploration/drone/drone_control', 'symlink_install': False, 'test_result_base': None}
[0.318s] Level 5:colcon.colcon_core.verb:set package 'merge_map' build argument 'cmake_args' from command line to 'None'
[0.318s] Level 5:colcon.colcon_core.verb:set package 'merge_map' build argument 'cmake_target' from command line to 'None'
[0.318s] Level 5:colcon.colcon_core.verb:set package 'merge_map' build argument 'cmake_target_skip_unavailable' from command line to 'False'
[0.318s] Level 5:colcon.colcon_core.verb:set package 'merge_map' build argument 'cmake_clean_cache' from command line to 'False'
[0.318s] Level 5:colcon.colcon_core.verb:set package 'merge_map' build argument 'cmake_clean_first' from command line to 'False'
[0.318s] Level 5:colcon.colcon_core.verb:set package 'merge_map' build argument 'cmake_force_configure' from command line to 'False'
[0.318s] Level 5:colcon.colcon_core.verb:set package 'merge_map' build argument 'ament_cmake_args' from command line to 'None'
[0.318s] Level 5:colcon.colcon_core.verb:set package 'merge_map' build argument 'catkin_cmake_args' from command line to 'None'
[0.318s] Level 5:colcon.colcon_core.verb:set package 'merge_map' build argument 'catkin_skip_building_tests' from command line to 'False'
[0.318s] DEBUG:colcon.colcon_core.verb:Building package 'merge_map' with the following arguments: {'ament_cmake_args': None, 'build_base': '/home/jstone/Documents/graduation_project/9T/robot_army/src/build/merge_map', 'catkin_cmake_args': None, 'catkin_skip_building_tests': False, 'cmake_args': None, 'cmake_clean_cache': False, 'cmake_clean_first': False, 'cmake_force_configure': False, 'cmake_target': None, 'cmake_target_skip_unavailable': False, 'install_base': '/home/jstone/Documents/graduation_project/9T/robot_army/src/install/merge_map', 'merge_install': False, 'path': '/home/jstone/Documents/graduation_project/9T/robot_army/src/multiRobotExploration/merge_map', 'symlink_install': False, 'test_result_base': None}
[0.318s] Level 5:colcon.colcon_core.verb:set package 'multi_robot_exploration' build argument 'cmake_args' from command line to 'None'
[0.318s] Level 5:colcon.colcon_core.verb:set package 'multi_robot_exploration' build argument 'cmake_target' from command line to 'None'
[0.318s] Level 5:colcon.colcon_core.verb:set package 'multi_robot_exploration' build argument 'cmake_target_skip_unavailable' from command line to 'False'
[0.318s] Level 5:colcon.colcon_core.verb:set package 'multi_robot_exploration' build argument 'cmake_clean_cache' from command line to 'False'
[0.318s] Level 5:colcon.colcon_core.verb:set package 'multi_robot_exploration' build argument 'cmake_clean_first' from command line to 'False'
[0.318s] Level 5:colcon.colcon_core.verb:set package 'multi_robot_exploration' build argument 'cmake_force_configure' from command line to 'False'
[0.318s] Level 5:colcon.colcon_core.verb:set package 'multi_robot_exploration' build argument 'ament_cmake_args' from command line to 'None'
[0.318s] Level 5:colcon.colcon_core.verb:set package 'multi_robot_exploration' build argument 'catkin_cmake_args' from command line to 'None'
[0.318s] Level 5:colcon.colcon_core.verb:set package 'multi_robot_exploration' build argument 'catkin_skip_building_tests' from command line to 'False'
[0.318s] DEBUG:colcon.colcon_core.verb:Building package 'multi_robot_exploration' with the following arguments: {'ament_cmake_args': None, 'build_base': '/home/jstone/Documents/graduation_project/9T/robot_army/src/build/multi_robot_exploration', 'catkin_cmake_args': None, 'catkin_skip_building_tests': False, 'cmake_args': None, 'cmake_clean_cache': False, 'cmake_clean_first': False, 'cmake_force_configure': False, 'cmake_target': None, 'cmake_target_skip_unavailable': False, 'install_base': '/home/jstone/Documents/graduation_project/9T/robot_army/src/install/multi_robot_exploration', 'merge_install': False, 'path': '/home/jstone/Documents/graduation_project/9T/robot_army/src/multiRobotExploration/multi_robot_exploration', 'symlink_install': False, 'test_result_base': None}
[0.319s] Level 5:colcon.colcon_core.verb:set package 'path_follow' build argument 'cmake_args' from command line to 'None'
[0.319s] Level 5:colcon.colcon_core.verb:set package 'path_follow' build argument 'cmake_target' from command line to 'None'
[0.319s] Level 5:colcon.colcon_core.verb:set package 'path_follow' build argument 'cmake_target_skip_unavailable' from command line to 'False'
[0.319s] Level 5:colcon.colcon_core.verb:set package 'path_follow' build argument 'cmake_clean_cache' from command line to 'False'
[0.319s] Level 5:colcon.colcon_core.verb:set package 'path_follow' build argument 'cmake_clean_first' from command line to 'False'
[0.319s] Level 5:colcon.colcon_core.verb:set package 'path_follow' build argument 'cmake_force_configure' from command line to 'False'
[0.319s] Level 5:colcon.colcon_core.verb:set package 'path_follow' build argument 'ament_cmake_args' from command line to 'None'
[0.319s] Level 5:colcon.colcon_core.verb:set package 'path_follow' build argument 'catkin_cmake_args' from command line to 'None'
[0.319s] Level 5:colcon.colcon_core.verb:set package 'path_follow' build argument 'catkin_skip_building_tests' from command line to 'False'
[0.319s] DEBUG:colcon.colcon_core.verb:Building package 'path_follow' with the following arguments: {'ament_cmake_args': None, 'build_base': '/home/jstone/Documents/graduation_project/9T/robot_army/src/build/path_follow', 'catkin_cmake_args': None, 'catkin_skip_building_tests': False, 'cmake_args': None, 'cmake_clean_cache': False, 'cmake_clean_first': False, 'cmake_force_configure': False, 'cmake_target': None, 'cmake_target_skip_unavailable': False, 'install_base': '/home/jstone/Documents/graduation_project/9T/robot_army/src/install/path_follow', 'merge_install': False, 'path': '/home/jstone/Documents/graduation_project/9T/robot_army/src/multiRobotExploration/path_follow', 'symlink_install': False, 'test_result_base': None}
[0.319s] Level 5:colcon.colcon_core.verb:set package 'sjtu_drone_bringup' build argument 'cmake_args' from command line to 'None'
[0.319s] Level 5:colcon.colcon_core.verb:set package 'sjtu_drone_bringup' build argument 'cmake_target' from command line to 'None'
[0.319s] Level 5:colcon.colcon_core.verb:set package 'sjtu_drone_bringup' build argument 'cmake_target_skip_unavailable' from command line to 'False'
[0.319s] Level 5:colcon.colcon_core.verb:set package 'sjtu_drone_bringup' build argument 'cmake_clean_cache' from command line to 'False'
[0.319s] Level 5:colcon.colcon_core.verb:set package 'sjtu_drone_bringup' build argument 'cmake_clean_first' from command line to 'False'
[0.319s] Level 5:colcon.colcon_core.verb:set package 'sjtu_drone_bringup' build argument 'cmake_force_configure' from command line to 'False'
[0.319s] Level 5:colcon.colcon_core.verb:set package 'sjtu_drone_bringup' build argument 'ament_cmake_args' from command line to 'None'
[0.319s] Level 5:colcon.colcon_core.verb:set package 'sjtu_drone_bringup' build argument 'catkin_cmake_args' from command line to 'None'
[0.319s] Level 5:colcon.colcon_core.verb:set package 'sjtu_drone_bringup' build argument 'catkin_skip_building_tests' from command line to 'False'
[0.319s] DEBUG:colcon.colcon_core.verb:Building package 'sjtu_drone_bringup' with the following arguments: {'ament_cmake_args': None, 'build_base': '/home/jstone/Documents/graduation_project/9T/robot_army/src/build/sjtu_drone_bringup', 'catkin_cmake_args': None, 'catkin_skip_building_tests': False, 'cmake_args': None, 'cmake_clean_cache': False, 'cmake_clean_first': False, 'cmake_force_configure': False, 'cmake_target': None, 'cmake_target_skip_unavailable': False, 'install_base': '/home/jstone/Documents/graduation_project/9T/robot_army/src/install/sjtu_drone_bringup', 'merge_install': False, 'path': '/home/jstone/Documents/graduation_project/9T/robot_army/src/multiRobotExploration/drone/sjtu_drone_bringup', 'symlink_install': False, 'test_result_base': None}
[0.319s] Level 5:colcon.colcon_core.verb:set package 'sjtu_drone_description' build argument 'cmake_args' from command line to 'None'
[0.319s] Level 5:colcon.colcon_core.verb:set package 'sjtu_drone_description' build argument 'cmake_target' from command line to 'None'
[0.319s] Level 5:colcon.colcon_core.verb:set package 'sjtu_drone_description' build argument 'cmake_target_skip_unavailable' from command line to 'False'
[0.319s] Level 5:colcon.colcon_core.verb:set package 'sjtu_drone_description' build argument 'cmake_clean_cache' from command line to 'False'
[0.319s] Level 5:colcon.colcon_core.verb:set package 'sjtu_drone_description' build argument 'cmake_clean_first' from command line to 'False'
[0.319s] Level 5:colcon.colcon_core.verb:set package 'sjtu_drone_description' build argument 'cmake_force_configure' from command line to 'False'
[0.319s] Level 5:colcon.colcon_core.verb:set package 'sjtu_drone_description' build argument 'ament_cmake_args' from command line to 'None'
[0.319s] Level 5:colcon.colcon_core.verb:set package 'sjtu_drone_description' build argument 'catkin_cmake_args' from command line to 'None'
[0.319s] Level 5:colcon.colcon_core.verb:set package 'sjtu_drone_description' build argument 'catkin_skip_building_tests' from command line to 'False'
[0.319s] DEBUG:colcon.colcon_core.verb:Building package 'sjtu_drone_description' with the following arguments: {'ament_cmake_args': None, 'build_base': '/home/jstone/Documents/graduation_project/9T/robot_army/src/build/sjtu_drone_description', 'catkin_cmake_args': None, 'catkin_skip_building_tests': False, 'cmake_args': None, 'cmake_clean_cache': False, 'cmake_clean_first': False, 'cmake_force_configure': False, 'cmake_target': None, 'cmake_target_skip_unavailable': False, 'install_base': '/home/jstone/Documents/graduation_project/9T/robot_army/src/install/sjtu_drone_description', 'merge_install': False, 'path': '/home/jstone/Documents/graduation_project/9T/robot_army/src/multiRobotExploration/drone/sjtu_drone_description', 'symlink_install': False, 'test_result_base': None}
[0.320s] Level 5:colcon.colcon_core.verb:set package 'turtlebot3_gazebo' build argument 'cmake_args' from command line to 'None'
[0.320s] Level 5:colcon.colcon_core.verb:set package 'turtlebot3_gazebo' build argument 'cmake_target' from command line to 'None'
[0.320s] Level 5:colcon.colcon_core.verb:set package 'turtlebot3_gazebo' build argument 'cmake_target_skip_unavailable' from command line to 'False'
[0.320s] Level 5:colcon.colcon_core.verb:set package 'turtlebot3_gazebo' build argument 'cmake_clean_cache' from command line to 'False'
[0.320s] Level 5:colcon.colcon_core.verb:set package 'turtlebot3_gazebo' build argument 'cmake_clean_first' from command line to 'False'
[0.320s] Level 5:colcon.colcon_core.verb:set package 'turtlebot3_gazebo' build argument 'cmake_force_configure' from command line to 'False'
[0.320s] Level 5:colcon.colcon_core.verb:set package 'turtlebot3_gazebo' build argument 'ament_cmake_args' from command line to 'None'
[0.320s] Level 5:colcon.colcon_core.verb:set package 'turtlebot3_gazebo' build argument 'catkin_cmake_args' from command line to 'None'
[0.320s] Level 5:colcon.colcon_core.verb:set package 'turtlebot3_gazebo' build argument 'catkin_skip_building_tests' from command line to 'False'
[0.320s] DEBUG:colcon.colcon_core.verb:Building package 'turtlebot3_gazebo' with the following arguments: {'ament_cmake_args': None, 'build_base': '/home/jstone/Documents/graduation_project/9T/robot_army/src/build/turtlebot3_gazebo', 'catkin_cmake_args': None, 'catkin_skip_building_tests': False, 'cmake_args': None, 'cmake_clean_cache': False, 'cmake_clean_first': False, 'cmake_force_configure': False, 'cmake_target': None, 'cmake_target_skip_unavailable': False, 'install_base': '/home/jstone/Documents/graduation_project/9T/robot_army/src/install/turtlebot3_gazebo', 'merge_install': False, 'path': '/home/jstone/Documents/graduation_project/9T/robot_army/src/multiRobotExploration/turtlebot3_gazebo', 'symlink_install': False, 'test_result_base': None}
[0.320s] INFO:colcon.colcon_core.executor:Executing jobs using 'parallel' executor
[0.321s] DEBUG:colcon.colcon_parallel_executor.executor.parallel:run_until_complete
[0.321s] INFO:colcon.colcon_ros.task.ament_python.build:Building ROS package in '/home/jstone/Documents/graduation_project/9T/robot_army/src/multiRobotExploration/drone/drone_control' with build type 'ament_python'
[0.321s] Level 1:colcon.colcon_core.shell:create_environment_hook('drone_control', 'ament_prefix_path')
[0.322s] INFO:colcon.colcon_core.plugin_system:Skipping extension 'colcon_core.shell.bat': Not used on non-Windows systems
[0.322s] INFO:colcon.colcon_core.shell:Creating environment hook '/home/jstone/Documents/graduation_project/9T/robot_army/src/install/drone_control/share/drone_control/hook/ament_prefix_path.ps1'
[0.323s] INFO:colcon.colcon_core.shell:Creating environment descriptor '/home/jstone/Documents/graduation_project/9T/robot_army/src/install/drone_control/share/drone_control/hook/ament_prefix_path.dsv'
[0.323s] INFO:colcon.colcon_core.shell:Creating environment hook '/home/jstone/Documents/graduation_project/9T/robot_army/src/install/drone_control/share/drone_control/hook/ament_prefix_path.sh'
[0.324s] INFO:colcon.colcon_core.shell:Skip shell extension 'powershell' for command environment: Not usable outside of PowerShell
[0.324s] DEBUG:colcon.colcon_core.shell:Skip shell extension 'dsv' for command environment
[0.327s] INFO:colcon.colcon_ros.task.ament_python.build:Building ROS package in '/home/jstone/Documents/graduation_project/9T/robot_army/src/multiRobotExploration/merge_map' with build type 'ament_python'
[0.327s] Level 1:colcon.colcon_core.shell:create_environment_hook('merge_map', 'ament_prefix_path')
[0.327s] INFO:colcon.colcon_core.shell:Creating environment hook '/home/jstone/Documents/graduation_project/9T/robot_army/src/install/merge_map/share/merge_map/hook/ament_prefix_path.ps1'
[0.328s] INFO:colcon.colcon_core.shell:Creating environment descriptor '/home/jstone/Documents/graduation_project/9T/robot_army/src/install/merge_map/share/merge_map/hook/ament_prefix_path.dsv'
[0.328s] INFO:colcon.colcon_core.shell:Creating environment hook '/home/jstone/Documents/graduation_project/9T/robot_army/src/install/merge_map/share/merge_map/hook/ament_prefix_path.sh'
[0.328s] INFO:colcon.colcon_core.shell:Skip shell extension 'powershell' for command environment: Not usable outside of PowerShell
[0.328s] DEBUG:colcon.colcon_core.shell:Skip shell extension 'dsv' for command environment
[0.331s] INFO:colcon.colcon_ros.task.ament_python.build:Building ROS package in '/home/jstone/Documents/graduation_project/9T/robot_army/src/multiRobotExploration/multi_robot_exploration' with build type 'ament_python'
[0.332s] Level 1:colcon.colcon_core.shell:create_environment_hook('multi_robot_exploration', 'ament_prefix_path')
[0.332s] INFO:colcon.colcon_core.shell:Creating environment hook '/home/jstone/Documents/graduation_project/9T/robot_army/src/install/multi_robot_exploration/share/multi_robot_exploration/hook/ament_prefix_path.ps1'
[0.332s] INFO:colcon.colcon_core.shell:Creating environment descriptor '/home/jstone/Documents/graduation_project/9T/robot_army/src/install/multi_robot_exploration/share/multi_robot_exploration/hook/ament_prefix_path.dsv'
[0.332s] INFO:colcon.colcon_core.shell:Creating environment hook '/home/jstone/Documents/graduation_project/9T/robot_army/src/install/multi_robot_exploration/share/multi_robot_exploration/hook/ament_prefix_path.sh'
[0.333s] INFO:colcon.colcon_core.shell:Skip shell extension 'powershell' for command environment: Not usable outside of PowerShell
[0.333s] DEBUG:colcon.colcon_core.shell:Skip shell extension 'dsv' for command environment
[0.336s] INFO:colcon.colcon_ros.task.ament_python.build:Building ROS package in '/home/jstone/Documents/graduation_project/9T/robot_army/src/multiRobotExploration/path_follow' with build type 'ament_python'
[0.336s] Level 1:colcon.colcon_core.shell:create_environment_hook('path_follow', 'ament_prefix_path')
[0.336s] INFO:colcon.colcon_core.shell:Creating environment hook '/home/jstone/Documents/graduation_project/9T/robot_army/src/install/path_follow/share/path_follow/hook/ament_prefix_path.ps1'
[0.337s] INFO:colcon.colcon_core.shell:Creating environment descriptor '/home/jstone/Documents/graduation_project/9T/robot_army/src/install/path_follow/share/path_follow/hook/ament_prefix_path.dsv'
[0.337s] INFO:colcon.colcon_core.shell:Creating environment hook '/home/jstone/Documents/graduation_project/9T/robot_army/src/install/path_follow/share/path_follow/hook/ament_prefix_path.sh'
[0.338s] INFO:colcon.colcon_core.shell:Skip shell extension 'powershell' for command environment: Not usable outside of PowerShell
[0.338s] DEBUG:colcon.colcon_core.shell:Skip shell extension 'dsv' for command environment
[0.340s] INFO:colcon.colcon_ros.task.ament_python.build:Building ROS package in '/home/jstone/Documents/graduation_project/9T/robot_army/src/multiRobotExploration/drone/sjtu_drone_bringup' with build type 'ament_python'
[0.341s] Level 1:colcon.colcon_core.shell:create_environment_hook('sjtu_drone_bringup', 'ament_prefix_path')
[0.341s] INFO:colcon.colcon_core.shell:Creating environment hook '/home/jstone/Documents/graduation_project/9T/robot_army/src/install/sjtu_drone_bringup/share/sjtu_drone_bringup/hook/ament_prefix_path.ps1'
[0.341s] INFO:colcon.colcon_core.shell:Creating environment descriptor '/home/jstone/Documents/graduation_project/9T/robot_army/src/install/sjtu_drone_bringup/share/sjtu_drone_bringup/hook/ament_prefix_path.dsv'
[0.342s] INFO:colcon.colcon_core.shell:Creating environment hook '/home/jstone/Documents/graduation_project/9T/robot_army/src/install/sjtu_drone_bringup/share/sjtu_drone_bringup/hook/ament_prefix_path.sh'
[0.342s] INFO:colcon.colcon_core.shell:Skip shell extension 'powershell' for command environment: Not usable outside of PowerShell
[0.342s] DEBUG:colcon.colcon_core.shell:Skip shell extension 'dsv' for command environment
[0.345s] INFO:colcon.colcon_ros.task.ament_cmake.build:Building ROS package in '/home/jstone/Documents/graduation_project/9T/robot_army/src/multiRobotExploration/drone/sjtu_drone_description' with build type 'ament_cmake'
[0.345s] INFO:colcon.colcon_cmake.task.cmake.build:Building CMake package in '/home/jstone/Documents/graduation_project/9T/robot_army/src/multiRobotExploration/drone/sjtu_drone_description'
[0.345s] INFO:colcon.colcon_core.shell:Skip shell extension 'powershell' for command environment: Not usable outside of PowerShell
[0.345s] DEBUG:colcon.colcon_core.shell:Skip shell extension 'dsv' for command environment
[0.348s] INFO:colcon.colcon_ros.task.ament_cmake.build:Building ROS package in '/home/jstone/Documents/graduation_project/9T/robot_army/src/multiRobotExploration/turtlebot3_gazebo' with build type 'ament_cmake'
[0.348s] INFO:colcon.colcon_cmake.task.cmake.build:Building CMake package in '/home/jstone/Documents/graduation_project/9T/robot_army/src/multiRobotExploration/turtlebot3_gazebo'
[0.349s] INFO:colcon.colcon_core.shell:Skip shell extension 'powershell' for command environment: Not usable outside of PowerShell
[0.349s] DEBUG:colcon.colcon_core.shell:Skip shell extension 'dsv' for command environment
[0.502s] INFO:colcon.colcon_core.task.python.build:Building Python package in '/home/jstone/Documents/graduation_project/9T/robot_army/src/multiRobotExploration/drone/drone_control'
[0.502s] INFO:colcon.colcon_core.shell:Skip shell extension 'powershell' for command environment: Not usable outside of PowerShell
[0.502s] DEBUG:colcon.colcon_core.shell:Skip shell extension 'dsv' for command environment
[0.653s] INFO:colcon.colcon_core.task.python.build:Building Python package in '/home/jstone/Documents/graduation_project/9T/robot_army/src/multiRobotExploration/merge_map'
[0.654s] INFO:colcon.colcon_core.shell:Skip shell extension 'powershell' for command environment: Not usable outside of PowerShell
[0.654s] DEBUG:colcon.colcon_core.shell:Skip shell extension 'dsv' for command environment
[0.832s] INFO:colcon.colcon_core.task.python.build:Building Python package in '/home/jstone/Documents/graduation_project/9T/robot_army/src/multiRobotExploration/multi_robot_exploration'
[0.832s] INFO:colcon.colcon_core.shell:Skip shell extension 'powershell' for command environment: Not usable outside of PowerShell
[0.832s] DEBUG:colcon.colcon_core.shell:Skip shell extension 'dsv' for command environment
[0.986s] INFO:colcon.colcon_core.task.python.build:Building Python package in '/home/jstone/Documents/graduation_project/9T/robot_army/src/multiRobotExploration/path_follow'
[0.987s] INFO:colcon.colcon_core.shell:Skip shell extension 'powershell' for command environment: Not usable outside of PowerShell
[0.987s] DEBUG:colcon.colcon_core.shell:Skip shell extension 'dsv' for command environment
[1.135s] INFO:colcon.colcon_core.task.python.build:Building Python package in '/home/jstone/Documents/graduation_project/9T/robot_army/src/multiRobotExploration/drone/sjtu_drone_bringup'
[1.136s] INFO:colcon.colcon_core.shell:Skip shell extension 'powershell' for command environment: Not usable outside of PowerShell
[1.136s] DEBUG:colcon.colcon_core.shell:Skip shell extension 'dsv' for command environment
[1.142s] DEBUG:colcon.colcon_core.event_handler.log_command:Invoking command in '/home/jstone/Documents/graduation_project/9T/robot_army/src/build/sjtu_drone_description': CMAKE_PREFIX_PATH=${CMAKE_PREFIX_PATH}:/home/jstone/nav2_ws/install/nav2_gazebo_spawner:/opt/ros/galactic /usr/bin/cmake /home/jstone/Documents/graduation_project/9T/robot_army/src/multiRobotExploration/drone/sjtu_drone_description -DCMAKE_INSTALL_PREFIX=/home/jstone/Documents/graduation_project/9T/robot_army/src/install/sjtu_drone_description
[1.146s] DEBUG:colcon.colcon_core.event_handler.log_command:Invoking command in '/home/jstone/Documents/graduation_project/9T/robot_army/src/build/turtlebot3_gazebo': CMAKE_PREFIX_PATH=${CMAKE_PREFIX_PATH}:/home/jstone/nav2_ws/install/nav2_gazebo_spawner:/opt/ros/galactic /usr/bin/cmake /home/jstone/Documents/graduation_project/9T/robot_army/src/multiRobotExploration/turtlebot3_gazebo -DCMAKE_INSTALL_PREFIX=/home/jstone/Documents/graduation_project/9T/robot_army/src/install/turtlebot3_gazebo
[1.492s] DEBUG:colcon.colcon_core.event_handler.log_command:Invoking command in '/home/jstone/Documents/graduation_project/9T/robot_army/src/multiRobotExploration/drone/drone_control': PYTHONPATH=/home/jstone/Documents/graduation_project/9T/robot_army/src/build/drone_control/prefix_override:/usr/lib/python3/dist-packages/colcon_core/task/python/colcon_distutils_commands:/home/jstone/Documents/graduation_project/9T/robot_army/src/install/drone_control/lib/python3.8/site-packages:${PYTHONPATH} /usr/bin/python3 -W ignore:setup.py install is deprecated setup.py egg_info --egg-base ../../../build/drone_control build --build-base /home/jstone/Documents/graduation_project/9T/robot_army/src/build/drone_control/build install --record /home/jstone/Documents/graduation_project/9T/robot_army/src/build/drone_control/install.log --single-version-externally-managed install_data
[1.503s] DEBUG:colcon.colcon_core.event_handler.log_command:Invoking command in '/home/jstone/Documents/graduation_project/9T/robot_army/src/multiRobotExploration/path_follow': PYTHONPATH=/home/jstone/Documents/graduation_project/9T/robot_army/src/build/path_follow/prefix_override:/usr/lib/python3/dist-packages/colcon_core/task/python/colcon_distutils_commands:/home/jstone/Documents/graduation_project/9T/robot_army/src/install/path_follow/lib/python3.8/site-packages:${PYTHONPATH} /usr/bin/python3 -W ignore:setup.py install is deprecated setup.py egg_info --egg-base ../../build/path_follow build --build-base /home/jstone/Documents/graduation_project/9T/robot_army/src/build/path_follow/build install --record /home/jstone/Documents/graduation_project/9T/robot_army/src/build/path_follow/install.log --single-version-externally-managed install_data
[1.519s] DEBUG:colcon.colcon_core.event_handler.log_command:Invoking command in '/home/jstone/Documents/graduation_project/9T/robot_army/src/multiRobotExploration/merge_map': PYTHONPATH=/home/jstone/Documents/graduation_project/9T/robot_army/src/build/merge_map/prefix_override:/usr/lib/python3/dist-packages/colcon_core/task/python/colcon_distutils_commands:/home/jstone/Documents/graduation_project/9T/robot_army/src/install/merge_map/lib/python3.8/site-packages:${PYTHONPATH} /usr/bin/python3 -W ignore:setup.py install is deprecated setup.py egg_info --egg-base ../../build/merge_map build --build-base /home/jstone/Documents/graduation_project/9T/robot_army/src/build/merge_map/build install --record /home/jstone/Documents/graduation_project/9T/robot_army/src/build/merge_map/install.log --single-version-externally-managed install_data
[1.649s] DEBUG:colcon.colcon_core.event_handler.log_command:Invoking command in '/home/jstone/Documents/graduation_project/9T/robot_army/src/multiRobotExploration/multi_robot_exploration': PYTHONPATH=/home/jstone/Documents/graduation_project/9T/robot_army/src/build/multi_robot_exploration/prefix_override:/usr/lib/python3/dist-packages/colcon_core/task/python/colcon_distutils_commands:/home/jstone/Documents/graduation_project/9T/robot_army/src/install/multi_robot_exploration/lib/python3.8/site-packages:${PYTHONPATH} /usr/bin/python3 -W ignore:setup.py install is deprecated setup.py egg_info --egg-base ../../build/multi_robot_exploration build --build-base /home/jstone/Documents/graduation_project/9T/robot_army/src/build/multi_robot_exploration/build install --record /home/jstone/Documents/graduation_project/9T/robot_army/src/build/multi_robot_exploration/install.log --single-version-externally-managed install_data
[1.657s] DEBUG:colcon.colcon_core.event_handler.log_command:Invoking command in '/home/jstone/Documents/graduation_project/9T/robot_army/src/multiRobotExploration/drone/sjtu_drone_bringup': PYTHONPATH=/home/jstone/Documents/graduation_project/9T/robot_army/src/build/sjtu_drone_bringup/prefix_override:/usr/lib/python3/dist-packages/colcon_core/task/python/colcon_distutils_commands:/home/jstone/Documents/graduation_project/9T/robot_army/src/install/sjtu_drone_bringup/lib/python3.8/site-packages:${PYTHONPATH} /usr/bin/python3 -W ignore:setup.py install is deprecated setup.py egg_info --egg-base ../../../build/sjtu_drone_bringup build --build-base /home/jstone/Documents/graduation_project/9T/robot_army/src/build/sjtu_drone_bringup/build install --record /home/jstone/Documents/graduation_project/9T/robot_army/src/build/sjtu_drone_bringup/install.log --single-version-externally-managed install_data
[1.743s] DEBUG:colcon.colcon_core.event_handler.log_command:Invoked command in '/home/jstone/Documents/graduation_project/9T/robot_army/src/multiRobotExploration/path_follow' returned '0': PYTHONPATH=/home/jstone/Documents/graduation_project/9T/robot_army/src/build/path_follow/prefix_override:/usr/lib/python3/dist-packages/colcon_core/task/python/colcon_distutils_commands:/home/jstone/Documents/graduation_project/9T/robot_army/src/install/path_follow/lib/python3.8/site-packages:${PYTHONPATH} /usr/bin/python3 -W ignore:setup.py install is deprecated setup.py egg_info --egg-base ../../build/path_follow build --build-base /home/jstone/Documents/graduation_project/9T/robot_army/src/build/path_follow/build install --record /home/jstone/Documents/graduation_project/9T/robot_army/src/build/path_follow/install.log --single-version-externally-managed install_data
[1.746s] Level 1:colcon.colcon_core.environment:checking '/home/jstone/Documents/graduation_project/9T/robot_army/src/install/path_follow' for CMake module files
[1.746s] Level 1:colcon.colcon_core.environment:checking '/home/jstone/Documents/graduation_project/9T/robot_army/src/install/path_follow' for CMake config files
[1.747s] Level 1:colcon.colcon_core.environment:checking '/home/jstone/Documents/graduation_project/9T/robot_army/src/install/path_follow/lib'
[1.747s] Level 1:colcon.colcon_core.environment:checking '/home/jstone/Documents/graduation_project/9T/robot_army/src/install/path_follow/bin'
[1.747s] Level 1:colcon.colcon_core.environment:checking '/home/jstone/Documents/graduation_project/9T/robot_army/src/install/path_follow/lib/pkgconfig/path_follow.pc'
[1.747s] Level 1:colcon.colcon_core.environment:checking '/home/jstone/Documents/graduation_project/9T/robot_army/src/install/path_follow/lib/python3.8/site-packages'
[1.747s] Level 1:colcon.colcon_core.shell:create_environment_hook('path_follow', 'pythonpath')
[1.748s] INFO:colcon.colcon_core.shell:Creating environment hook '/home/jstone/Documents/graduation_project/9T/robot_army/src/install/path_follow/share/path_follow/hook/pythonpath.ps1'
[1.748s] INFO:colcon.colcon_core.shell:Creating environment descriptor '/home/jstone/Documents/graduation_project/9T/robot_army/src/install/path_follow/share/path_follow/hook/pythonpath.dsv'
[1.748s] INFO:colcon.colcon_core.shell:Creating environment hook '/home/jstone/Documents/graduation_project/9T/robot_army/src/install/path_follow/share/path_follow/hook/pythonpath.sh'
[1.749s] Level 1:colcon.colcon_core.environment:checking '/home/jstone/Documents/graduation_project/9T/robot_army/src/install/path_follow/bin'
[1.749s] Level 1:colcon.colcon_core.environment:create_environment_scripts_only(path_follow)
[1.750s] INFO:colcon.colcon_core.shell:Creating package script '/home/jstone/Documents/graduation_project/9T/robot_army/src/install/path_follow/share/path_follow/package.ps1'
[1.751s] INFO:colcon.colcon_core.shell:Creating package descriptor '/home/jstone/Documents/graduation_project/9T/robot_army/src/install/path_follow/share/path_follow/package.dsv'
[1.752s] INFO:colcon.colcon_core.shell:Creating package script '/home/jstone/Documents/graduation_project/9T/robot_army/src/install/path_follow/share/path_follow/package.sh'
[1.753s] INFO:colcon.colcon_core.shell:Creating package script '/home/jstone/Documents/graduation_project/9T/robot_army/src/install/path_follow/share/path_follow/package.bash'
[1.754s] INFO:colcon.colcon_core.shell:Creating package script '/home/jstone/Documents/graduation_project/9T/robot_army/src/install/path_follow/share/path_follow/package.zsh'
[1.755s] Level 1:colcon.colcon_core.environment:create_file_with_runtime_dependencies(/home/jstone/Documents/graduation_project/9T/robot_army/src/install/path_follow/share/colcon-core/packages/path_follow)
[1.769s] Level 1:colcon.colcon_core.environment:checking '/home/jstone/Documents/graduation_project/9T/robot_army/src/install/drone_control' for CMake module files
[1.769s] DEBUG:colcon.colcon_core.event_handler.log_command:Invoked command in '/home/jstone/Documents/graduation_project/9T/robot_army/src/multiRobotExploration/drone/drone_control' returned '0': PYTHONPATH=/home/jstone/Documents/graduation_project/9T/robot_army/src/build/drone_control/prefix_override:/usr/lib/python3/dist-packages/colcon_core/task/python/colcon_distutils_commands:/home/jstone/Documents/graduation_project/9T/robot_army/src/install/drone_control/lib/python3.8/site-packages:${PYTHONPATH} /usr/bin/python3 -W ignore:setup.py install is deprecated setup.py egg_info --egg-base ../../../build/drone_control build --build-base /home/jstone/Documents/graduation_project/9T/robot_army/src/build/drone_control/build install --record /home/jstone/Documents/graduation_project/9T/robot_army/src/build/drone_control/install.log --single-version-externally-managed install_data
[1.770s] Level 1:colcon.colcon_core.environment:checking '/home/jstone/Documents/graduation_project/9T/robot_army/src/install/drone_control' for CMake config files
[1.770s] Level 1:colcon.colcon_core.environment:checking '/home/jstone/Documents/graduation_project/9T/robot_army/src/install/drone_control/lib'
[1.770s] Level 1:colcon.colcon_core.environment:checking '/home/jstone/Documents/graduation_project/9T/robot_army/src/install/drone_control/bin'
[1.770s] Level 1:colcon.colcon_core.environment:checking '/home/jstone/Documents/graduation_project/9T/robot_army/src/install/drone_control/lib/pkgconfig/drone_control.pc'
[1.771s] Level 1:colcon.colcon_core.environment:checking '/home/jstone/Documents/graduation_project/9T/robot_army/src/install/drone_control/lib/python3.8/site-packages'
[1.771s] Level 1:colcon.colcon_core.shell:create_environment_hook('drone_control', 'pythonpath')
[1.771s] INFO:colcon.colcon_core.shell:Creating environment hook '/home/jstone/Documents/graduation_project/9T/robot_army/src/install/drone_control/share/drone_control/hook/pythonpath.ps1'
[1.771s] INFO:colcon.colcon_core.shell:Creating environment descriptor '/home/jstone/Documents/graduation_project/9T/robot_army/src/install/drone_control/share/drone_control/hook/pythonpath.dsv'
[1.772s] INFO:colcon.colcon_core.shell:Creating environment hook '/home/jstone/Documents/graduation_project/9T/robot_army/src/install/drone_control/share/drone_control/hook/pythonpath.sh'
[1.772s] Level 1:colcon.colcon_core.environment:checking '/home/jstone/Documents/graduation_project/9T/robot_army/src/install/drone_control/bin'
[1.772s] Level 1:colcon.colcon_core.environment:create_environment_scripts_only(drone_control)
[1.772s] INFO:colcon.colcon_core.shell:Creating package script '/home/jstone/Documents/graduation_project/9T/robot_army/src/install/drone_control/share/drone_control/package.ps1'
[1.773s] INFO:colcon.colcon_core.shell:Creating package descriptor '/home/jstone/Documents/graduation_project/9T/robot_army/src/install/drone_control/share/drone_control/package.dsv'
[1.773s] INFO:colcon.colcon_core.shell:Creating package script '/home/jstone/Documents/graduation_project/9T/robot_army/src/install/drone_control/share/drone_control/package.sh'
[1.774s] INFO:colcon.colcon_core.shell:Creating package script '/home/jstone/Documents/graduation_project/9T/robot_army/src/install/drone_control/share/drone_control/package.bash'
[1.774s] INFO:colcon.colcon_core.shell:Creating package script '/home/jstone/Documents/graduation_project/9T/robot_army/src/install/drone_control/share/drone_control/package.zsh'
[1.774s] Level 1:colcon.colcon_core.environment:create_file_with_runtime_dependencies(/home/jstone/Documents/graduation_project/9T/robot_army/src/install/drone_control/share/colcon-core/packages/drone_control)
[1.795s] Level 1:colcon.colcon_core.environment:checking '/home/jstone/Documents/graduation_project/9T/robot_army/src/install/merge_map' for CMake module files
[1.796s] DEBUG:colcon.colcon_core.event_handler.log_command:Invoked command in '/home/jstone/Documents/graduation_project/9T/robot_army/src/multiRobotExploration/merge_map' returned '0': PYTHONPATH=/home/jstone/Documents/graduation_project/9T/robot_army/src/build/merge_map/prefix_override:/usr/lib/python3/dist-packages/colcon_core/task/python/colcon_distutils_commands:/home/jstone/Documents/graduation_project/9T/robot_army/src/install/merge_map/lib/python3.8/site-packages:${PYTHONPATH} /usr/bin/python3 -W ignore:setup.py install is deprecated setup.py egg_info --egg-base ../../build/merge_map build --build-base /home/jstone/Documents/graduation_project/9T/robot_army/src/build/merge_map/build install --record /home/jstone/Documents/graduation_project/9T/robot_army/src/build/merge_map/install.log --single-version-externally-managed install_data
[1.796s] Level 1:colcon.colcon_core.environment:checking '/home/jstone/Documents/graduation_project/9T/robot_army/src/install/merge_map' for CMake config files
[1.796s] Level 1:colcon.colcon_core.environment:checking '/home/jstone/Documents/graduation_project/9T/robot_army/src/install/merge_map/lib'
[1.796s] Level 1:colcon.colcon_core.environment:checking '/home/jstone/Documents/graduation_project/9T/robot_army/src/install/merge_map/bin'
[1.796s] Level 1:colcon.colcon_core.environment:checking '/home/jstone/Documents/graduation_project/9T/robot_army/src/install/merge_map/lib/pkgconfig/merge_map.pc'
[1.796s] Level 1:colcon.colcon_core.environment:checking '/home/jstone/Documents/graduation_project/9T/robot_army/src/install/merge_map/lib/python3.8/site-packages'
[1.796s] Level 1:colcon.colcon_core.shell:create_environment_hook('merge_map', 'pythonpath')
[1.797s] INFO:colcon.colcon_core.shell:Creating environment hook '/home/jstone/Documents/graduation_project/9T/robot_army/src/install/merge_map/share/merge_map/hook/pythonpath.ps1'
[1.797s] INFO:colcon.colcon_core.shell:Creating environment descriptor '/home/jstone/Documents/graduation_project/9T/robot_army/src/install/merge_map/share/merge_map/hook/pythonpath.dsv'
[1.797s] INFO:colcon.colcon_core.shell:Creating environment hook '/home/jstone/Documents/graduation_project/9T/robot_army/src/install/merge_map/share/merge_map/hook/pythonpath.sh'
[1.798s] Level 1:colcon.colcon_core.environment:checking '/home/jstone/Documents/graduation_project/9T/robot_army/src/install/merge_map/bin'
[1.798s] Level 1:colcon.colcon_core.environment:create_environment_scripts_only(merge_map)
[1.798s] INFO:colcon.colcon_core.shell:Creating package script '/home/jstone/Documents/graduation_project/9T/robot_army/src/install/merge_map/share/merge_map/package.ps1'
[1.798s] INFO:colcon.colcon_core.shell:Creating package descriptor '/home/jstone/Documents/graduation_project/9T/robot_army/src/install/merge_map/share/merge_map/package.dsv'
[1.798s] INFO:colcon.colcon_core.shell:Creating package script '/home/jstone/Documents/graduation_project/9T/robot_army/src/install/merge_map/share/merge_map/package.sh'
[1.799s] INFO:colcon.colcon_core.shell:Creating package script '/home/jstone/Documents/graduation_project/9T/robot_army/src/install/merge_map/share/merge_map/package.bash'
[1.799s] INFO:colcon.colcon_core.shell:Creating package script '/home/jstone/Documents/graduation_project/9T/robot_army/src/install/merge_map/share/merge_map/package.zsh'
[1.799s] Level 1:colcon.colcon_core.environment:create_file_with_runtime_dependencies(/home/jstone/Documents/graduation_project/9T/robot_army/src/install/merge_map/share/colcon-core/packages/merge_map)
[1.872s] Level 1:colcon.colcon_core.environment:checking '/home/jstone/Documents/graduation_project/9T/robot_army/src/install/sjtu_drone_bringup' for CMake module files
[1.872s] DEBUG:colcon.colcon_core.event_handler.log_command:Invoked command in '/home/jstone/Documents/graduation_project/9T/robot_army/src/multiRobotExploration/drone/sjtu_drone_bringup' returned '0': PYTHONPATH=/home/jstone/Documents/graduation_project/9T/robot_army/src/build/sjtu_drone_bringup/prefix_override:/usr/lib/python3/dist-packages/colcon_core/task/python/colcon_distutils_commands:/home/jstone/Documents/graduation_project/9T/robot_army/src/install/sjtu_drone_bringup/lib/python3.8/site-packages:${PYTHONPATH} /usr/bin/python3 -W ignore:setup.py install is deprecated setup.py egg_info --egg-base ../../../build/sjtu_drone_bringup build --build-base /home/jstone/Documents/graduation_project/9T/robot_army/src/build/sjtu_drone_bringup/build install --record /home/jstone/Documents/graduation_project/9T/robot_army/src/build/sjtu_drone_bringup/install.log --single-version-externally-managed install_data
[1.873s] Level 1:colcon.colcon_core.environment:checking '/home/jstone/Documents/graduation_project/9T/robot_army/src/install/sjtu_drone_bringup' for CMake config files
[1.873s] Level 1:colcon.colcon_core.environment:checking '/home/jstone/Documents/graduation_project/9T/robot_army/src/install/sjtu_drone_bringup/lib'
[1.873s] Level 1:colcon.colcon_core.environment:checking '/home/jstone/Documents/graduation_project/9T/robot_army/src/install/sjtu_drone_bringup/bin'
[1.873s] Level 1:colcon.colcon_core.environment:checking '/home/jstone/Documents/graduation_project/9T/robot_army/src/install/sjtu_drone_bringup/lib/pkgconfig/sjtu_drone_bringup.pc'
[1.873s] Level 1:colcon.colcon_core.environment:checking '/home/jstone/Documents/graduation_project/9T/robot_army/src/install/sjtu_drone_bringup/lib/python3.8/site-packages'
[1.873s] Level 1:colcon.colcon_core.shell:create_environment_hook('sjtu_drone_bringup', 'pythonpath')
[1.873s] INFO:colcon.colcon_core.shell:Creating environment hook '/home/jstone/Documents/graduation_project/9T/robot_army/src/install/sjtu_drone_bringup/share/sjtu_drone_bringup/hook/pythonpath.ps1'
[1.874s] INFO:colcon.colcon_core.shell:Creating environment descriptor '/home/jstone/Documents/graduation_project/9T/robot_army/src/install/sjtu_drone_bringup/share/sjtu_drone_bringup/hook/pythonpath.dsv'
[1.874s] INFO:colcon.colcon_core.shell:Creating environment hook '/home/jstone/Documents/graduation_project/9T/robot_army/src/install/sjtu_drone_bringup/share/sjtu_drone_bringup/hook/pythonpath.sh'
[1.874s] Level 1:colcon.colcon_core.environment:checking '/home/jstone/Documents/graduation_project/9T/robot_army/src/install/sjtu_drone_bringup/bin'
[1.874s] Level 1:colcon.colcon_core.environment:create_environment_scripts_only(sjtu_drone_bringup)
[1.874s] INFO:colcon.colcon_core.shell:Creating package script '/home/jstone/Documents/graduation_project/9T/robot_army/src/install/sjtu_drone_bringup/share/sjtu_drone_bringup/package.ps1'
[1.875s] INFO:colcon.colcon_core.shell:Creating package descriptor '/home/jstone/Documents/graduation_project/9T/robot_army/src/install/sjtu_drone_bringup/share/sjtu_drone_bringup/package.dsv'
[1.875s] INFO:colcon.colcon_core.shell:Creating package script '/home/jstone/Documents/graduation_project/9T/robot_army/src/install/sjtu_drone_bringup/share/sjtu_drone_bringup/package.sh'
[1.875s] INFO:colcon.colcon_core.shell:Creating package script '/home/jstone/Documents/graduation_project/9T/robot_army/src/install/sjtu_drone_bringup/share/sjtu_drone_bringup/package.bash'
[1.876s] INFO:colcon.colcon_core.shell:Creating package script '/home/jstone/Documents/graduation_project/9T/robot_army/src/install/sjtu_drone_bringup/share/sjtu_drone_bringup/package.zsh'
[1.876s] Level 1:colcon.colcon_core.environment:create_file_with_runtime_dependencies(/home/jstone/Documents/graduation_project/9T/robot_army/src/install/sjtu_drone_bringup/share/colcon-core/packages/sjtu_drone_bringup)
[1.887s] Level 1:colcon.colcon_core.environment:checking '/home/jstone/Documents/graduation_project/9T/robot_army/src/install/multi_robot_exploration' for CMake module files
[1.887s] DEBUG:colcon.colcon_core.event_handler.log_command:Invoked command in '/home/jstone/Documents/graduation_project/9T/robot_army/src/multiRobotExploration/multi_robot_exploration' returned '0': PYTHONPATH=/home/jstone/Documents/graduation_project/9T/robot_army/src/build/multi_robot_exploration/prefix_override:/usr/lib/python3/dist-packages/colcon_core/task/python/colcon_distutils_commands:/home/jstone/Documents/graduation_project/9T/robot_army/src/install/multi_robot_exploration/lib/python3.8/site-packages:${PYTHONPATH} /usr/bin/python3 -W ignore:setup.py install is deprecated setup.py egg_info --egg-base ../../build/multi_robot_exploration build --build-base /home/jstone/Documents/graduation_project/9T/robot_army/src/build/multi_robot_exploration/build install --record /home/jstone/Documents/graduation_project/9T/robot_army/src/build/multi_robot_exploration/install.log --single-version-externally-managed install_data
[1.887s] Level 1:colcon.colcon_core.environment:checking '/home/jstone/Documents/graduation_project/9T/robot_army/src/install/multi_robot_exploration' for CMake config files
[1.888s] Level 1:colcon.colcon_core.environment:checking '/home/jstone/Documents/graduation_project/9T/robot_army/src/install/multi_robot_exploration/lib'
[1.888s] Level 1:colcon.colcon_core.environment:checking '/home/jstone/Documents/graduation_project/9T/robot_army/src/install/multi_robot_exploration/bin'
[1.888s] Level 1:colcon.colcon_core.environment:checking '/home/jstone/Documents/graduation_project/9T/robot_army/src/install/multi_robot_exploration/lib/pkgconfig/multi_robot_exploration.pc'
[1.888s] Level 1:colcon.colcon_core.environment:checking '/home/jstone/Documents/graduation_project/9T/robot_army/src/install/multi_robot_exploration/lib/python3.8/site-packages'
[1.888s] Level 1:colcon.colcon_core.shell:create_environment_hook('multi_robot_exploration', 'pythonpath')
[1.888s] INFO:colcon.colcon_core.shell:Creating environment hook '/home/jstone/Documents/graduation_project/9T/robot_army/src/install/multi_robot_exploration/share/multi_robot_exploration/hook/pythonpath.ps1'
[1.888s] INFO:colcon.colcon_core.shell:Creating environment descriptor '/home/jstone/Documents/graduation_project/9T/robot_army/src/install/multi_robot_exploration/share/multi_robot_exploration/hook/pythonpath.dsv'
[1.889s] INFO:colcon.colcon_core.shell:Creating environment hook '/home/jstone/Documents/graduation_project/9T/robot_army/src/install/multi_robot_exploration/share/multi_robot_exploration/hook/pythonpath.sh'
[1.889s] Level 1:colcon.colcon_core.environment:checking '/home/jstone/Documents/graduation_project/9T/robot_army/src/install/multi_robot_exploration/bin'
[1.889s] Level 1:colcon.colcon_core.environment:create_environment_scripts_only(multi_robot_exploration)
[1.889s] INFO:colcon.colcon_core.shell:Creating package script '/home/jstone/Documents/graduation_project/9T/robot_army/src/install/multi_robot_exploration/share/multi_robot_exploration/package.ps1'
[1.889s] INFO:colcon.colcon_core.shell:Creating package descriptor '/home/jstone/Documents/graduation_project/9T/robot_army/src/install/multi_robot_exploration/share/multi_robot_exploration/package.dsv'
[1.890s] INFO:colcon.colcon_core.shell:Creating package script '/home/jstone/Documents/graduation_project/9T/robot_army/src/install/multi_robot_exploration/share/multi_robot_exploration/package.sh'
[1.890s] INFO:colcon.colcon_core.shell:Creating package script '/home/jstone/Documents/graduation_project/9T/robot_army/src/install/multi_robot_exploration/share/multi_robot_exploration/package.bash'
[1.890s] INFO:colcon.colcon_core.shell:Creating package script '/home/jstone/Documents/graduation_project/9T/robot_army/src/install/multi_robot_exploration/share/multi_robot_exploration/package.zsh'
[1.890s] Level 1:colcon.colcon_core.environment:create_file_with_runtime_dependencies(/home/jstone/Documents/graduation_project/9T/robot_army/src/install/multi_robot_exploration/share/colcon-core/packages/multi_robot_exploration)
[3.065s] DEBUG:colcon.colcon_core.event_handler.log_command:Invoked command in '/home/jstone/Documents/graduation_project/9T/robot_army/src/build/turtlebot3_gazebo' returned '0': CMAKE_PREFIX_PATH=${CMAKE_PREFIX_PATH}:/home/jstone/nav2_ws/install/nav2_gazebo_spawner:/opt/ros/galactic /usr/bin/cmake /home/jstone/Documents/graduation_project/9T/robot_army/src/multiRobotExploration/turtlebot3_gazebo -DCMAKE_INSTALL_PREFIX=/home/jstone/Documents/graduation_project/9T/robot_army/src/install/turtlebot3_gazebo
[3.068s] DEBUG:colcon.colcon_core.event_handler.log_command:Invoking command in '/home/jstone/Documents/graduation_project/9T/robot_army/src/build/turtlebot3_gazebo': CMAKE_PREFIX_PATH=${CMAKE_PREFIX_PATH}:/home/jstone/nav2_ws/install/nav2_gazebo_spawner:/opt/ros/galactic /usr/bin/cmake --build /home/jstone/Documents/graduation_project/9T/robot_army/src/build/turtlebot3_gazebo -- -j16 -l16
[3.328s] DEBUG:colcon.colcon_core.event_handler.log_command:Invoked command in '/home/jstone/Documents/graduation_project/9T/robot_army/src/build/sjtu_drone_description' returned '0': CMAKE_PREFIX_PATH=${CMAKE_PREFIX_PATH}:/home/jstone/nav2_ws/install/nav2_gazebo_spawner:/opt/ros/galactic /usr/bin/cmake /home/jstone/Documents/graduation_project/9T/robot_army/src/multiRobotExploration/drone/sjtu_drone_description -DCMAKE_INSTALL_PREFIX=/home/jstone/Documents/graduation_project/9T/robot_army/src/install/sjtu_drone_description
[3.331s] DEBUG:colcon.colcon_core.event_handler.log_command:Invoking command in '/home/jstone/Documents/graduation_project/9T/robot_army/src/build/sjtu_drone_description': CMAKE_PREFIX_PATH=${CMAKE_PREFIX_PATH}:/home/jstone/nav2_ws/install/nav2_gazebo_spawner:/opt/ros/galactic /usr/bin/cmake --build /home/jstone/Documents/graduation_project/9T/robot_army/src/build/sjtu_drone_description -- -j16 -l16
[11.836s] DEBUG:colcon.colcon_core.event_handler.log_command:Invoked command in '/home/jstone/Documents/graduation_project/9T/robot_army/src/build/turtlebot3_gazebo' returned '0': CMAKE_PREFIX_PATH=${CMAKE_PREFIX_PATH}:/home/jstone/nav2_ws/install/nav2_gazebo_spawner:/opt/ros/galactic /usr/bin/cmake --build /home/jstone/Documents/graduation_project/9T/robot_army/src/build/turtlebot3_gazebo -- -j16 -l16
[11.872s] DEBUG:colcon.colcon_core.event_handler.log_command:Invoking command in '/home/jstone/Documents/graduation_project/9T/robot_army/src/build/turtlebot3_gazebo': CMAKE_PREFIX_PATH=${CMAKE_PREFIX_PATH}:/home/jstone/nav2_ws/install/nav2_gazebo_spawner:/opt/ros/galactic /usr/bin/cmake --install /home/jstone/Documents/graduation_project/9T/robot_army/src/build/turtlebot3_gazebo
[11.918s] Level 1:colcon.colcon_core.environment:create_environment_scripts_only(turtlebot3_gazebo)
[11.919s] Level 1:colcon.colcon_core.environment:checking '/home/jstone/Documents/graduation_project/9T/robot_army/src/install/turtlebot3_gazebo' for CMake module files
[11.919s] DEBUG:colcon.colcon_core.event_handler.log_command:Invoked command in '/home/jstone/Documents/graduation_project/9T/robot_army/src/build/turtlebot3_gazebo' returned '0': CMAKE_PREFIX_PATH=${CMAKE_PREFIX_PATH}:/home/jstone/nav2_ws/install/nav2_gazebo_spawner:/opt/ros/galactic /usr/bin/cmake --install /home/jstone/Documents/graduation_project/9T/robot_army/src/build/turtlebot3_gazebo
[11.919s] Level 1:colcon.colcon_core.environment:checking '/home/jstone/Documents/graduation_project/9T/robot_army/src/install/turtlebot3_gazebo' for CMake config files
[11.920s] Level 1:colcon.colcon_core.shell:create_environment_hook('turtlebot3_gazebo', 'cmake_prefix_path')
[11.920s] INFO:colcon.colcon_core.shell:Creating environment hook '/home/jstone/Documents/graduation_project/9T/robot_army/src/install/turtlebot3_gazebo/share/turtlebot3_gazebo/hook/cmake_prefix_path.ps1'
[11.922s] INFO:colcon.colcon_core.shell:Creating environment descriptor '/home/jstone/Documents/graduation_project/9T/robot_army/src/install/turtlebot3_gazebo/share/turtlebot3_gazebo/hook/cmake_prefix_path.dsv'
[11.924s] INFO:colcon.colcon_core.shell:Creating environment hook '/home/jstone/Documents/graduation_project/9T/robot_army/src/install/turtlebot3_gazebo/share/turtlebot3_gazebo/hook/cmake_prefix_path.sh'
[11.924s] Level 1:colcon.colcon_core.environment:checking '/home/jstone/Documents/graduation_project/9T/robot_army/src/install/turtlebot3_gazebo/lib'
[11.924s] Level 1:colcon.colcon_core.environment:checking '/home/jstone/Documents/graduation_project/9T/robot_army/src/install/turtlebot3_gazebo/bin'
[11.925s] Level 1:colcon.colcon_core.environment:checking '/home/jstone/Documents/graduation_project/9T/robot_army/src/install/turtlebot3_gazebo/lib/pkgconfig/turtlebot3_gazebo.pc'
[11.925s] Level 1:colcon.colcon_core.environment:checking '/home/jstone/Documents/graduation_project/9T/robot_army/src/install/turtlebot3_gazebo/lib/python3.8/site-packages'
[11.925s] Level 1:colcon.colcon_core.environment:checking '/home/jstone/Documents/graduation_project/9T/robot_army/src/install/turtlebot3_gazebo/bin'
[11.925s] INFO:colcon.colcon_core.shell:Creating package script '/home/jstone/Documents/graduation_project/9T/robot_army/src/install/turtlebot3_gazebo/share/turtlebot3_gazebo/package.ps1'
[11.926s] INFO:colcon.colcon_core.shell:Creating package descriptor '/home/jstone/Documents/graduation_project/9T/robot_army/src/install/turtlebot3_gazebo/share/turtlebot3_gazebo/package.dsv'
[11.926s] INFO:colcon.colcon_core.shell:Creating package script '/home/jstone/Documents/graduation_project/9T/robot_army/src/install/turtlebot3_gazebo/share/turtlebot3_gazebo/package.sh'
[11.926s] INFO:colcon.colcon_core.shell:Creating package script '/home/jstone/Documents/graduation_project/9T/robot_army/src/install/turtlebot3_gazebo/share/turtlebot3_gazebo/package.bash'
[11.928s] INFO:colcon.colcon_core.shell:Creating package script '/home/jstone/Documents/graduation_project/9T/robot_army/src/install/turtlebot3_gazebo/share/turtlebot3_gazebo/package.zsh'
[11.929s] Level 1:colcon.colcon_core.environment:create_file_with_runtime_dependencies(/home/jstone/Documents/graduation_project/9T/robot_army/src/install/turtlebot3_gazebo/share/colcon-core/packages/turtlebot3_gazebo)
[11.953s] Level 1:colcon.colcon_core.environment:create_environment_scripts_only(turtlebot3_gazebo)
[11.953s] Level 1:colcon.colcon_core.environment:checking '/home/jstone/Documents/graduation_project/9T/robot_army/src/install/turtlebot3_gazebo' for CMake module files
[11.954s] Level 1:colcon.colcon_core.environment:checking '/home/jstone/Documents/graduation_project/9T/robot_army/src/install/turtlebot3_gazebo' for CMake config files
[11.954s] Level 1:colcon.colcon_core.shell:create_environment_hook('turtlebot3_gazebo', 'cmake_prefix_path')
[11.954s] INFO:colcon.colcon_core.shell:Creating environment hook '/home/jstone/Documents/graduation_project/9T/robot_army/src/install/turtlebot3_gazebo/share/turtlebot3_gazebo/hook/cmake_prefix_path.ps1'
[11.955s] INFO:colcon.colcon_core.shell:Creating environment descriptor '/home/jstone/Documents/graduation_project/9T/robot_army/src/install/turtlebot3_gazebo/share/turtlebot3_gazebo/hook/cmake_prefix_path.dsv'
[11.955s] INFO:colcon.colcon_core.shell:Creating environment hook '/home/jstone/Documents/graduation_project/9T/robot_army/src/install/turtlebot3_gazebo/share/turtlebot3_gazebo/hook/cmake_prefix_path.sh'
[11.955s] Level 1:colcon.colcon_core.environment:checking '/home/jstone/Documents/graduation_project/9T/robot_army/src/install/turtlebot3_gazebo/lib'
[11.956s] Level 1:colcon.colcon_core.environment:checking '/home/jstone/Documents/graduation_project/9T/robot_army/src/install/turtlebot3_gazebo/bin'
[11.956s] Level 1:colcon.colcon_core.environment:checking '/home/jstone/Documents/graduation_project/9T/robot_army/src/install/turtlebot3_gazebo/lib/pkgconfig/turtlebot3_gazebo.pc'
[11.956s] Level 1:colcon.colcon_core.environment:checking '/home/jstone/Documents/graduation_project/9T/robot_army/src/install/turtlebot3_gazebo/lib/python3.8/site-packages'
[11.956s] Level 1:colcon.colcon_core.environment:checking '/home/jstone/Documents/graduation_project/9T/robot_army/src/install/turtlebot3_gazebo/bin'
[11.956s] INFO:colcon.colcon_core.shell:Creating package script '/home/jstone/Documents/graduation_project/9T/robot_army/src/install/turtlebot3_gazebo/share/turtlebot3_gazebo/package.ps1'
[11.956s] INFO:colcon.colcon_core.shell:Creating package descriptor '/home/jstone/Documents/graduation_project/9T/robot_army/src/install/turtlebot3_gazebo/share/turtlebot3_gazebo/package.dsv'
[11.957s] INFO:colcon.colcon_core.shell:Creating package script '/home/jstone/Documents/graduation_project/9T/robot_army/src/install/turtlebot3_gazebo/share/turtlebot3_gazebo/package.sh'
[11.957s] INFO:colcon.colcon_core.shell:Creating package script '/home/jstone/Documents/graduation_project/9T/robot_army/src/install/turtlebot3_gazebo/share/turtlebot3_gazebo/package.bash'
[11.958s] INFO:colcon.colcon_core.shell:Creating package script '/home/jstone/Documents/graduation_project/9T/robot_army/src/install/turtlebot3_gazebo/share/turtlebot3_gazebo/package.zsh'
[11.958s] Level 1:colcon.colcon_core.environment:create_file_with_runtime_dependencies(/home/jstone/Documents/graduation_project/9T/robot_army/src/install/turtlebot3_gazebo/share/colcon-core/packages/turtlebot3_gazebo)
[22.305s] DEBUG:colcon.colcon_core.event_handler.log_command:Invoked command in '/home/jstone/Documents/graduation_project/9T/robot_army/src/build/sjtu_drone_description' returned '0': CMAKE_PREFIX_PATH=${CMAKE_PREFIX_PATH}:/home/jstone/nav2_ws/install/nav2_gazebo_spawner:/opt/ros/galactic /usr/bin/cmake --build /home/jstone/Documents/graduation_project/9T/robot_army/src/build/sjtu_drone_description -- -j16 -l16
[22.326s] DEBUG:colcon.colcon_core.event_handler.log_command:Invoking command in '/home/jstone/Documents/graduation_project/9T/robot_army/src/build/sjtu_drone_description': CMAKE_PREFIX_PATH=${CMAKE_PREFIX_PATH}:/home/jstone/nav2_ws/install/nav2_gazebo_spawner:/opt/ros/galactic /usr/bin/cmake --install /home/jstone/Documents/graduation_project/9T/robot_army/src/build/sjtu_drone_description
[22.351s] Level 1:colcon.colcon_core.environment:create_environment_scripts_only(sjtu_drone_description)
[22.351s] Level 1:colcon.colcon_core.environment:checking '/home/jstone/Documents/graduation_project/9T/robot_army/src/install/sjtu_drone_description' for CMake module files
[22.352s] DEBUG:colcon.colcon_core.event_handler.log_command:Invoked command in '/home/jstone/Documents/graduation_project/9T/robot_army/src/build/sjtu_drone_description' returned '0': CMAKE_PREFIX_PATH=${CMAKE_PREFIX_PATH}:/home/jstone/nav2_ws/install/nav2_gazebo_spawner:/opt/ros/galactic /usr/bin/cmake --install /home/jstone/Documents/graduation_project/9T/robot_army/src/build/sjtu_drone_description
[22.352s] Level 1:colcon.colcon_core.environment:checking '/home/jstone/Documents/graduation_project/9T/robot_army/src/install/sjtu_drone_description' for CMake config files
[22.352s] Level 1:colcon.colcon_core.shell:create_environment_hook('sjtu_drone_description', 'cmake_prefix_path')
[22.352s] INFO:colcon.colcon_core.shell:Creating environment hook '/home/jstone/Documents/graduation_project/9T/robot_army/src/install/sjtu_drone_description/share/sjtu_drone_description/hook/cmake_prefix_path.ps1'
[22.353s] INFO:colcon.colcon_core.shell:Creating environment descriptor '/home/jstone/Documents/graduation_project/9T/robot_army/src/install/sjtu_drone_description/share/sjtu_drone_description/hook/cmake_prefix_path.dsv'
[22.353s] INFO:colcon.colcon_core.shell:Creating environment hook '/home/jstone/Documents/graduation_project/9T/robot_army/src/install/sjtu_drone_description/share/sjtu_drone_description/hook/cmake_prefix_path.sh'
[22.353s] Level 1:colcon.colcon_core.environment:checking '/home/jstone/Documents/graduation_project/9T/robot_army/src/install/sjtu_drone_description/lib'
[22.353s] Level 1:colcon.colcon_core.shell:create_environment_hook('sjtu_drone_description', 'ld_library_path_lib')
[22.353s] INFO:colcon.colcon_core.shell:Creating environment hook '/home/jstone/Documents/graduation_project/9T/robot_army/src/install/sjtu_drone_description/share/sjtu_drone_description/hook/ld_library_path_lib.ps1'
[22.354s] INFO:colcon.colcon_core.shell:Creating environment descriptor '/home/jstone/Documents/graduation_project/9T/robot_army/src/install/sjtu_drone_description/share/sjtu_drone_description/hook/ld_library_path_lib.dsv'
[22.354s] INFO:colcon.colcon_core.shell:Creating environment hook '/home/jstone/Documents/graduation_project/9T/robot_army/src/install/sjtu_drone_description/share/sjtu_drone_description/hook/ld_library_path_lib.sh'
[22.354s] Level 1:colcon.colcon_core.environment:checking '/home/jstone/Documents/graduation_project/9T/robot_army/src/install/sjtu_drone_description/bin'
[22.354s] Level 1:colcon.colcon_core.environment:checking '/home/jstone/Documents/graduation_project/9T/robot_army/src/install/sjtu_drone_description/lib/pkgconfig/sjtu_drone_description.pc'
[22.354s] Level 1:colcon.colcon_core.environment:checking '/home/jstone/Documents/graduation_project/9T/robot_army/src/install/sjtu_drone_description/lib/python3.8/site-packages'
[22.354s] Level 1:colcon.colcon_core.environment:checking '/home/jstone/Documents/graduation_project/9T/robot_army/src/install/sjtu_drone_description/bin'
[22.355s] INFO:colcon.colcon_core.shell:Creating package script '/home/jstone/Documents/graduation_project/9T/robot_army/src/install/sjtu_drone_description/share/sjtu_drone_description/package.ps1'
[22.355s] INFO:colcon.colcon_core.shell:Creating package descriptor '/home/jstone/Documents/graduation_project/9T/robot_army/src/install/sjtu_drone_description/share/sjtu_drone_description/package.dsv'
[22.355s] INFO:colcon.colcon_core.shell:Creating package script '/home/jstone/Documents/graduation_project/9T/robot_army/src/install/sjtu_drone_description/share/sjtu_drone_description/package.sh'
[22.355s] INFO:colcon.colcon_core.shell:Creating package script '/home/jstone/Documents/graduation_project/9T/robot_army/src/install/sjtu_drone_description/share/sjtu_drone_description/package.bash'
[22.356s] INFO:colcon.colcon_core.shell:Creating package script '/home/jstone/Documents/graduation_project/9T/robot_army/src/install/sjtu_drone_description/share/sjtu_drone_description/package.zsh'
[22.356s] Level 1:colcon.colcon_core.environment:create_file_with_runtime_dependencies(/home/jstone/Documents/graduation_project/9T/robot_army/src/install/sjtu_drone_description/share/colcon-core/packages/sjtu_drone_description)
[22.375s] Level 1:colcon.colcon_core.environment:create_environment_scripts_only(sjtu_drone_description)
[22.375s] Level 1:colcon.colcon_core.environment:checking '/home/jstone/Documents/graduation_project/9T/robot_army/src/install/sjtu_drone_description' for CMake module files
[22.375s] Level 1:colcon.colcon_core.environment:checking '/home/jstone/Documents/graduation_project/9T/robot_army/src/install/sjtu_drone_description' for CMake config files
[22.376s] Level 1:colcon.colcon_core.shell:create_environment_hook('sjtu_drone_description', 'cmake_prefix_path')
[22.376s] INFO:colcon.colcon_core.shell:Creating environment hook '/home/jstone/Documents/graduation_project/9T/robot_army/src/install/sjtu_drone_description/share/sjtu_drone_description/hook/cmake_prefix_path.ps1'
[22.376s] INFO:colcon.colcon_core.shell:Creating environment descriptor '/home/jstone/Documents/graduation_project/9T/robot_army/src/install/sjtu_drone_description/share/sjtu_drone_description/hook/cmake_prefix_path.dsv'
[22.376s] INFO:colcon.colcon_core.shell:Creating environment hook '/home/jstone/Documents/graduation_project/9T/robot_army/src/install/sjtu_drone_description/share/sjtu_drone_description/hook/cmake_prefix_path.sh'
[22.377s] Level 1:colcon.colcon_core.environment:checking '/home/jstone/Documents/graduation_project/9T/robot_army/src/install/sjtu_drone_description/lib'
[22.377s] Level 1:colcon.colcon_core.shell:create_environment_hook('sjtu_drone_description', 'ld_library_path_lib')
[22.377s] INFO:colcon.colcon_core.shell:Creating environment hook '/home/jstone/Documents/graduation_project/9T/robot_army/src/install/sjtu_drone_description/share/sjtu_drone_description/hook/ld_library_path_lib.ps1'
[22.377s] INFO:colcon.colcon_core.shell:Creating environment descriptor '/home/jstone/Documents/graduation_project/9T/robot_army/src/install/sjtu_drone_description/share/sjtu_drone_description/hook/ld_library_path_lib.dsv'
[22.377s] INFO:colcon.colcon_core.shell:Creating environment hook '/home/jstone/Documents/graduation_project/9T/robot_army/src/install/sjtu_drone_description/share/sjtu_drone_description/hook/ld_library_path_lib.sh'
[22.378s] Level 1:colcon.colcon_core.environment:checking '/home/jstone/Documents/graduation_project/9T/robot_army/src/install/sjtu_drone_description/bin'
[22.378s] Level 1:colcon.colcon_core.environment:checking '/home/jstone/Documents/graduation_project/9T/robot_army/src/install/sjtu_drone_description/lib/pkgconfig/sjtu_drone_description.pc'
[22.378s] Level 1:colcon.colcon_core.environment:checking '/home/jstone/Documents/graduation_project/9T/robot_army/src/install/sjtu_drone_description/lib/python3.8/site-packages'
[22.378s] Level 1:colcon.colcon_core.environment:checking '/home/jstone/Documents/graduation_project/9T/robot_army/src/install/sjtu_drone_description/bin'
[22.378s] INFO:colcon.colcon_core.shell:Creating package script '/home/jstone/Documents/graduation_project/9T/robot_army/src/install/sjtu_drone_description/share/sjtu_drone_description/package.ps1'
[22.378s] INFO:colcon.colcon_core.shell:Creating package descriptor '/home/jstone/Documents/graduation_project/9T/robot_army/src/install/sjtu_drone_description/share/sjtu_drone_description/package.dsv'
[22.379s] INFO:colcon.colcon_core.shell:Creating package script '/home/jstone/Documents/graduation_project/9T/robot_army/src/install/sjtu_drone_description/share/sjtu_drone_description/package.sh'
[22.379s] INFO:colcon.colcon_core.shell:Creating package script '/home/jstone/Documents/graduation_project/9T/robot_army/src/install/sjtu_drone_description/share/sjtu_drone_description/package.bash'
[22.379s] INFO:colcon.colcon_core.shell:Creating package script '/home/jstone/Documents/graduation_project/9T/robot_army/src/install/sjtu_drone_description/share/sjtu_drone_description/package.zsh'
[22.380s] Level 1:colcon.colcon_core.environment:create_file_with_runtime_dependencies(/home/jstone/Documents/graduation_project/9T/robot_army/src/install/sjtu_drone_description/share/colcon-core/packages/sjtu_drone_description)
[22.380s] DEBUG:colcon.colcon_parallel_executor.executor.parallel:closing loop
[22.380s] DEBUG:colcon.colcon_parallel_executor.executor.parallel:loop closed
[22.380s] DEBUG:colcon.colcon_parallel_executor.executor.parallel:run_until_complete finished with '0'
[22.380s] DEBUG:colcon.colcon_core.event_reactor:joining thread
[22.397s] INFO:colcon.colcon_core.plugin_system:Skipping extension 'colcon_notification.desktop_notification.terminal_notifier': Not used on non-Darwin systems
[22.397s] INFO:colcon.colcon_core.plugin_system:Skipping extension 'colcon_notification.desktop_notification.win32': Not used on non-Windows systems
[22.397s] INFO:colcon.colcon_notification.desktop_notification:Sending desktop notification using 'notify2'
[22.515s] DEBUG:colcon.colcon_core.event_reactor:joined thread
[22.515s] INFO:colcon.colcon_core.shell:Creating prefix script '/home/jstone/Documents/graduation_project/9T/robot_army/src/install/local_setup.ps1'
[22.516s] INFO:colcon.colcon_core.shell:Creating prefix util module '/home/jstone/Documents/graduation_project/9T/robot_army/src/install/_local_setup_util_ps1.py'
[22.517s] INFO:colcon.colcon_core.shell:Creating prefix chain script '/home/jstone/Documents/graduation_project/9T/robot_army/src/install/setup.ps1'
[22.519s] INFO:colcon.colcon_core.shell:Creating prefix script '/home/jstone/Documents/graduation_project/9T/robot_army/src/install/local_setup.sh'
[22.520s] INFO:colcon.colcon_core.shell:Creating prefix util module '/home/jstone/Documents/graduation_project/9T/robot_army/src/install/_local_setup_util_sh.py'
[22.520s] INFO:colcon.colcon_core.shell:Creating prefix chain script '/home/jstone/Documents/graduation_project/9T/robot_army/src/install/setup.sh'
[22.521s] INFO:colcon.colcon_core.shell:Creating prefix script '/home/jstone/Documents/graduation_project/9T/robot_army/src/install/local_setup.bash'
[22.522s] INFO:colcon.colcon_core.shell:Creating prefix chain script '/home/jstone/Documents/graduation_project/9T/robot_army/src/install/setup.bash'
[22.522s] INFO:colcon.colcon_core.shell:Creating prefix script '/home/jstone/Documents/graduation_project/9T/robot_army/src/install/local_setup.zsh'
[22.523s] INFO:colcon.colcon_core.shell:Creating prefix chain script '/home/jstone/Documents/graduation_project/9T/robot_army/src/install/setup.zsh'
