[0.797s] Invoking command in '/home/jstone/Documents/graduation_project/9T/robot_army/src/build/turtlebot3_gazebo': CMAKE_PREFIX_PATH=${CMAKE_PREFIX_PATH}:/home/jstone/nav2_ws/install/nav2_gazebo_spawner:/opt/ros/galactic /usr/bin/cmake /home/jstone/Documents/graduation_project/9T/robot_army/src/multiRobotExploration/turtlebot3_gazebo -DCMAKE_INSTALL_PREFIX=/home/jstone/Documents/graduation_project/9T/robot_army/src/install/turtlebot3_gazebo
[0.850s] -- The C compiler identification is GNU 9.4.0
[0.891s] -- The CXX compiler identification is GNU 9.4.0
[0.896s] -- Check for working C compiler: /usr/bin/cc
[0.940s] -- Check for working C compiler: /usr/bin/cc -- works
[0.942s] -- Detecting C compiler ABI info
[0.997s] -- Detecting C compiler ABI info - done
[1.005s] -- Detecting C compile features
[1.005s] -- Detecting C compile features - done
[1.007s] -- Check for working CXX compiler: /usr/bin/c++
[1.065s] -- Check for working CXX compiler: /usr/bin/c++ -- works
[1.065s] -- Detecting CXX compiler ABI info
[1.125s] -- Detecting CXX compiler ABI info - done
[1.139s] -- Detecting CXX compile features
[1.140s] -- Detecting CXX compile features - done
[1.148s] -- Found ament_cmake: 1.1.6 (/opt/ros/galactic/share/ament_cmake/cmake)
[1.170s] -- Found PythonInterp: /usr/bin/python3 (found suitable version "3.8.10", minimum required is "3") 
[1.170s] -- Using PYTHON_EXECUTABLE: /usr/bin/python3
[1.237s] -- Found PkgConfig: /usr/bin/pkg-config (found version "0.29.1") 
[1.240s] -- Checking for module 'bullet>=2.82'
[1.252s] --   Found bullet, version 2.88
[1.361s] -- Found ccd: /usr/include (found suitable version "2.0", minimum required is "2.0") 
[1.409s] -- Found fcl: /usr/include (found suitable version "0.5.0", minimum required is "0.3.2") 
[1.458s] -- Found assimp: /usr/include (found version "5.0.0") 
[1.497s] -- Found DART: /usr/include (Required is at least version "6.6") found components: dart 
[1.710s] -- Found Boost: /usr/lib/x86_64-linux-gnu/cmake/Boost-1.71.0/BoostConfig.cmake (found suitable version "1.71.0", minimum required is "1.40.0") found components: thread system filesystem program_options regex iostreams date_time 
[1.733s] -- Found Protobuf: /usr/lib/x86_64-linux-gnu/libprotobuf.so;-lpthread (found version "3.6.1") 
[1.739s] -- Looking for ignition-math6 -- found version 6.15.1
[1.747s] -- Searching for dependencies of ignition-math6
[1.750s] -- Looking for OGRE...
[1.750s] -- OGRE_PREFIX_WATCH changed.
[1.753s] -- Checking for module 'OGRE'
[1.763s] --   Found OGRE, version 1.9.0
[1.788s] -- Found Ogre Ghadamon (1.9.0)
[1.795s] -- Found OGRE: optimized;/usr/lib/x86_64-linux-gnu/libOgreMain.so;debug;/usr/lib/x86_64-linux-gnu/libOgreMain.so
[1.801s] -- Looking for OGRE_Paging...
[1.806s] -- Found OGRE_Paging: optimized;/usr/lib/x86_64-linux-gnu/libOgrePaging.so;debug;/usr/lib/x86_64-linux-gnu/libOgrePaging.so
[1.806s] -- Looking for OGRE_Terrain...
[1.811s] -- Found OGRE_Terrain: optimized;/usr/lib/x86_64-linux-gnu/libOgreTerrain.so;debug;/usr/lib/x86_64-linux-gnu/libOgreTerrain.so
[1.811s] -- Looking for OGRE_Property...
[1.815s] -- Found OGRE_Property: optimized;/usr/lib/x86_64-linux-gnu/libOgreProperty.so;debug;/usr/lib/x86_64-linux-gnu/libOgreProperty.so
[1.815s] -- Looking for OGRE_RTShaderSystem...
[1.819s] -- Found OGRE_RTShaderSystem: optimized;/usr/lib/x86_64-linux-gnu/libOgreRTShaderSystem.so;debug;/usr/lib/x86_64-linux-gnu/libOgreRTShaderSystem.so
[1.819s] -- Looking for OGRE_Volume...
[1.823s] -- Found OGRE_Volume: optimized;/usr/lib/x86_64-linux-gnu/libOgreVolume.so;debug;/usr/lib/x86_64-linux-gnu/libOgreVolume.so
[1.823s] -- Looking for OGRE_Overlay...
[1.827s] -- Found OGRE_Overlay: optimized;/usr/lib/x86_64-linux-gnu/libOgreOverlay.so;debug;/usr/lib/x86_64-linux-gnu/libOgreOverlay.so
[1.913s] -- Looking for ignition-math6 -- found version 6.15.1
[1.916s] -- Looking for ignition-transport8 -- found version 8.5.0
[1.916s] -- Searching for dependencies of ignition-transport8
[1.941s] -- Checking for module 'uuid'
[1.950s] --   Found uuid, version 2.34.0
[1.976s] -- Found UUID: TRUE  
[1.978s] -- Looking for ignition-msgs5 -- found version 5.11.0
[1.979s] -- Searching for dependencies of ignition-msgs5
[1.991s] -- Found Protobuf: /usr/lib/x86_64-linux-gnu/libprotobuf.so;-lpthread (found suitable version "3.6.1", minimum required is "3") 
[1.992s] -- Looking for ignition-math6 -- found version 6.15.1
[1.995s] -- Checking for module 'tinyxml2'
[2.005s] --   Found tinyxml2, version 6.2.0
[2.032s] -- Looking for ignition-msgs5 -- found version 5.11.0
[2.034s] -- Looking for ignition-common3 -- found version 3.17.0
[2.034s] -- Searching for dependencies of ignition-common3
[2.035s] -- Looking for dlfcn.h - found
[2.035s] -- Looking for libdl - found
[2.036s] -- Found DL: TRUE  
[2.042s] -- Searching for <ignition-common3> component [graphics]
[2.045s] -- Looking for ignition-common3-graphics -- found version 3.17.0
[2.045s] -- Searching for dependencies of ignition-common3-graphics
[2.045s] -- Looking for ignition-math6 -- found version 6.15.1
[2.049s] -- Looking for ignition-fuel_tools4 -- found version 4.9.1
[2.049s] -- Searching for dependencies of ignition-fuel_tools4
[2.101s] -- Found CURL: /usr/lib/x86_64-linux-gnu/libcurl.so (found version "7.68.0")  
[2.107s] -- Checking for module 'jsoncpp'
[2.117s] --   Found jsoncpp, version 1.7.4
[2.142s] -- Found JSONCPP: TRUE  
[2.147s] -- Checking for module 'libzip'
[2.157s] --   Found libzip, version 1.5.1
[2.182s] -- Found ZIP: TRUE  
[2.182s] -- Looking for ignition-common3 -- found version 3.17.0
[2.182s] -- Looking for ignition-math6 -- found version 6.15.1
[2.183s] -- Looking for ignition-msgs5 -- found version 5.11.0
[2.185s] -- Found gazebo_ros_pkgs: 3.5.2 (/opt/ros/galactic/share/gazebo_ros_pkgs/cmake)
[2.186s] -- Found geometry_msgs: 2.2.4 (/opt/ros/galactic/share/geometry_msgs/cmake)
[2.204s] -- Using all available rosidl_typesupport_c: rosidl_typesupport_fastrtps_c;rosidl_typesupport_introspection_c
[2.209s] -- Found rosidl_adapter: 2.2.3 (/opt/ros/galactic/share/rosidl_adapter/cmake)
[2.263s] -- Found OpenSSL: /usr/lib/x86_64-linux-gnu/libcrypto.so (found version "1.1.1f")  
[2.282s] -- Found FastRTPS: /opt/ros/galactic/include  
[2.337s] -- Using all available rosidl_typesupport_cpp: rosidl_typesupport_fastrtps_cpp;rosidl_typesupport_introspection_cpp
[2.393s] -- Found nav_msgs: 2.2.4 (/opt/ros/galactic/share/nav_msgs/cmake)
[2.440s] -- Found rclcpp: 9.2.2 (/opt/ros/galactic/share/rclcpp/cmake)
[2.475s] -- Found rmw_implementation_cmake: 3.3.1 (/opt/ros/galactic/share/rmw_implementation_cmake/cmake)
[2.477s] -- Found rmw_cyclonedds_cpp: 0.22.6 (/opt/ros/galactic/share/rmw_cyclonedds_cpp/cmake)
[2.490s] -- Using RMW implementation 'rmw_cyclonedds_cpp' as default
[2.491s] -- Found Threads: TRUE  
[2.581s] -- Found sensor_msgs: 2.2.4 (/opt/ros/galactic/share/sensor_msgs/cmake)
[2.633s] -- Found tf2: 0.17.5 (/opt/ros/galactic/share/tf2/cmake)
[2.682s] -- Configuring done
[2.706s] -- Generating done
[2.708s] -- Build files have been written to: /home/jstone/Documents/graduation_project/9T/robot_army/src/build/turtlebot3_gazebo
[2.716s] Invoked command in '/home/jstone/Documents/graduation_project/9T/robot_army/src/build/turtlebot3_gazebo' returned '0': CMAKE_PREFIX_PATH=${CMAKE_PREFIX_PATH}:/home/jstone/nav2_ws/install/nav2_gazebo_spawner:/opt/ros/galactic /usr/bin/cmake /home/jstone/Documents/graduation_project/9T/robot_army/src/multiRobotExploration/turtlebot3_gazebo -DCMAKE_INSTALL_PREFIX=/home/jstone/Documents/graduation_project/9T/robot_army/src/install/turtlebot3_gazebo
[2.719s] Invoking command in '/home/jstone/Documents/graduation_project/9T/robot_army/src/build/turtlebot3_gazebo': CMAKE_PREFIX_PATH=${CMAKE_PREFIX_PATH}:/home/jstone/nav2_ws/install/nav2_gazebo_spawner:/opt/ros/galactic /usr/bin/cmake --build /home/jstone/Documents/graduation_project/9T/robot_army/src/build/turtlebot3_gazebo -- -j16 -l16
[2.746s] [35m[1mScanning dependencies of target turtlebot3_drive[0m
[2.746s] [35m[1mScanning dependencies of target obstacle2[0m
[2.746s] [35m[1mScanning dependencies of target obstacles[0m
[2.746s] [35m[1mScanning dependencies of target obstacle1[0m
[2.807s] [ 12%] [32mBuilding CXX object CMakeFiles/turtlebot3_drive.dir/src/turtlebot3_drive.cpp.o[0m
[2.983s] [ 37%] [32mBuilding CXX object CMakeFiles/obstacles.dir/models/turtlebot3_dqn_world/obstacle_plugin/obstacles.cc.o[0m
[2.983s] [ 37%] [32mBuilding CXX object CMakeFiles/obstacle2.dir/models/turtlebot3_dqn_world/obstacle_plugin/obstacle2.cc.o[0m
[2.983s] [ 50%] [32mBuilding CXX object CMakeFiles/obstacle1.dir/models/turtlebot3_dqn_world/obstacle_plugin/obstacle1.cc.o[0m
[11.035s] [ 62%] [32m[1mLinking CXX executable turtlebot3_drive[0m
[11.065s] [ 75%] [32m[1mLinking CXX shared library libobstacle2.so[0m
[11.073s] [ 87%] [32m[1mLinking CXX shared library libobstacles.so[0m
[11.085s] [100%] [32m[1mLinking CXX shared library libobstacle1.so[0m
[11.407s] [100%] Built target obstacle1
[11.407s] [100%] Built target obstacles
[11.407s] [100%] Built target obstacle2
[11.470s] [100%] Built target turtlebot3_drive
[11.486s] Invoked command in '/home/jstone/Documents/graduation_project/9T/robot_army/src/build/turtlebot3_gazebo' returned '0': CMAKE_PREFIX_PATH=${CMAKE_PREFIX_PATH}:/home/jstone/nav2_ws/install/nav2_gazebo_spawner:/opt/ros/galactic /usr/bin/cmake --build /home/jstone/Documents/graduation_project/9T/robot_army/src/build/turtlebot3_gazebo -- -j16 -l16
[11.523s] Invoking command in '/home/jstone/Documents/graduation_project/9T/robot_army/src/build/turtlebot3_gazebo': CMAKE_PREFIX_PATH=${CMAKE_PREFIX_PATH}:/home/jstone/nav2_ws/install/nav2_gazebo_spawner:/opt/ros/galactic /usr/bin/cmake --install /home/jstone/Documents/graduation_project/9T/robot_army/src/build/turtlebot3_gazebo
[11.531s] -- Install configuration: ""
[11.532s] -- Installing: /home/jstone/Documents/graduation_project/9T/robot_army/src/install/turtlebot3_gazebo/lib/turtlebot3_gazebo/turtlebot3_drive
[11.534s] -- Set runtime path of "/home/jstone/Documents/graduation_project/9T/robot_army/src/install/turtlebot3_gazebo/lib/turtlebot3_gazebo/turtlebot3_drive" to ""
[11.535s] -- Installing: /home/jstone/Documents/graduation_project/9T/robot_army/src/install/turtlebot3_gazebo/share/turtlebot3_gazebo//launch
[11.536s] -- Installing: /home/jstone/Documents/graduation_project/9T/robot_army/src/install/turtlebot3_gazebo/share/turtlebot3_gazebo//launch/spawn_turtlebot3.launch.py
[11.536s] -- Installing: /home/jstone/Documents/graduation_project/9T/robot_army/src/install/turtlebot3_gazebo/share/turtlebot3_gazebo//launch/robot_state_publisher.launch.py
[11.537s] -- Installing: /home/jstone/Documents/graduation_project/9T/robot_army/src/install/turtlebot3_gazebo/share/turtlebot3_gazebo//launch/multi_robot_launch.py
[11.537s] -- Installing: /home/jstone/Documents/graduation_project/9T/robot_army/src/install/turtlebot3_gazebo/share/turtlebot3_gazebo//models
[11.537s] -- Installing: /home/jstone/Documents/graduation_project/9T/robot_army/src/install/turtlebot3_gazebo/share/turtlebot3_gazebo//models/turtlebot3_burger_1
[11.537s] -- Installing: /home/jstone/Documents/graduation_project/9T/robot_army/src/install/turtlebot3_gazebo/share/turtlebot3_gazebo//models/turtlebot3_burger_1/model-1_4.sdf
[11.538s] -- Installing: /home/jstone/Documents/graduation_project/9T/robot_army/src/install/turtlebot3_gazebo/share/turtlebot3_gazebo//models/turtlebot3_burger_1/model.sdf
[11.538s] -- Installing: /home/jstone/Documents/graduation_project/9T/robot_army/src/install/turtlebot3_gazebo/share/turtlebot3_gazebo//models/turtlebot3_burger_1/model.config
[11.538s] -- Installing: /home/jstone/Documents/graduation_project/9T/robot_army/src/install/turtlebot3_gazebo/share/turtlebot3_gazebo//models/turtlebot3_house
[11.538s] -- Installing: /home/jstone/Documents/graduation_project/9T/robot_army/src/install/turtlebot3_gazebo/share/turtlebot3_gazebo//models/turtlebot3_house/model.sdf
[11.539s] -- Installing: /home/jstone/Documents/graduation_project/9T/robot_army/src/install/turtlebot3_gazebo/share/turtlebot3_gazebo//models/turtlebot3_house/model.config
[11.540s] -- Installing: /home/jstone/Documents/graduation_project/9T/robot_army/src/install/turtlebot3_gazebo/share/turtlebot3_gazebo//models/turtlebot3_world
[11.540s] -- Installing: /home/jstone/Documents/graduation_project/9T/robot_army/src/install/turtlebot3_gazebo/share/turtlebot3_gazebo//models/turtlebot3_world/model-1_4.sdf
[11.540s] -- Installing: /home/jstone/Documents/graduation_project/9T/robot_army/src/install/turtlebot3_gazebo/share/turtlebot3_gazebo//models/turtlebot3_world/model.sdf
[11.541s] -- Installing: /home/jstone/Documents/graduation_project/9T/robot_army/src/install/turtlebot3_gazebo/share/turtlebot3_gazebo//models/turtlebot3_world/meshes
[11.541s] -- Installing: /home/jstone/Documents/graduation_project/9T/robot_army/src/install/turtlebot3_gazebo/share/turtlebot3_gazebo//models/turtlebot3_world/meshes/wall.dae
[11.541s] -- Installing: /home/jstone/Documents/graduation_project/9T/robot_army/src/install/turtlebot3_gazebo/share/turtlebot3_gazebo//models/turtlebot3_world/meshes/hexagon.dae
[11.541s] -- Installing: /home/jstone/Documents/graduation_project/9T/robot_army/src/install/turtlebot3_gazebo/share/turtlebot3_gazebo//models/turtlebot3_world/model.config
[11.541s] -- Installing: /home/jstone/Documents/graduation_project/9T/robot_army/src/install/turtlebot3_gazebo/share/turtlebot3_gazebo//models/turtlebot3_common
[11.542s] -- Installing: /home/jstone/Documents/graduation_project/9T/robot_army/src/install/turtlebot3_gazebo/share/turtlebot3_gazebo//models/turtlebot3_common/meshes
[11.542s] -- Installing: /home/jstone/Documents/graduation_project/9T/robot_army/src/install/turtlebot3_gazebo/share/turtlebot3_gazebo//models/turtlebot3_common/meshes/tire.dae
[11.542s] -- Installing: /home/jstone/Documents/graduation_project/9T/robot_army/src/install/turtlebot3_gazebo/share/turtlebot3_gazebo//models/turtlebot3_common/meshes/waffle_pi_base.dae
[11.543s] -- Installing: /home/jstone/Documents/graduation_project/9T/robot_army/src/install/turtlebot3_gazebo/share/turtlebot3_gazebo//models/turtlebot3_common/meshes/waffle_base.dae
[11.543s] -- Installing: /home/jstone/Documents/graduation_project/9T/robot_army/src/install/turtlebot3_gazebo/share/turtlebot3_gazebo//models/turtlebot3_common/meshes/lds.dae
[11.543s] -- Installing: /home/jstone/Documents/graduation_project/9T/robot_army/src/install/turtlebot3_gazebo/share/turtlebot3_gazebo//models/turtlebot3_common/meshes/burger_base.dae
[11.544s] -- Installing: /home/jstone/Documents/graduation_project/9T/robot_army/src/install/turtlebot3_gazebo/share/turtlebot3_gazebo//models/turtlebot3_common/meshes/r200.dae
[11.545s] -- Installing: /home/jstone/Documents/graduation_project/9T/robot_army/src/install/turtlebot3_gazebo/share/turtlebot3_gazebo//models/turtlebot3_common/model.config
[11.545s] -- Installing: /home/jstone/Documents/graduation_project/9T/robot_army/src/install/turtlebot3_gazebo/share/turtlebot3_gazebo//models/turtlebot3_dqn_world
[11.545s] -- Installing: /home/jstone/Documents/graduation_project/9T/robot_army/src/install/turtlebot3_gazebo/share/turtlebot3_gazebo//models/turtlebot3_dqn_world/obstacle_plugin
[11.546s] -- Installing: /home/jstone/Documents/graduation_project/9T/robot_army/src/install/turtlebot3_gazebo/share/turtlebot3_gazebo//models/turtlebot3_dqn_world/obstacle_plugin/obstacle2.cc
[11.546s] -- Installing: /home/jstone/Documents/graduation_project/9T/robot_army/src/install/turtlebot3_gazebo/share/turtlebot3_gazebo//models/turtlebot3_dqn_world/obstacle_plugin/obstacle1.cc
[11.546s] -- Installing: /home/jstone/Documents/graduation_project/9T/robot_army/src/install/turtlebot3_gazebo/share/turtlebot3_gazebo//models/turtlebot3_dqn_world/obstacle_plugin/CMakeLists.txt
[11.546s] -- Installing: /home/jstone/Documents/graduation_project/9T/robot_army/src/install/turtlebot3_gazebo/share/turtlebot3_gazebo//models/turtlebot3_dqn_world/obstacle_plugin/obstacles.cc
[11.547s] -- Installing: /home/jstone/Documents/graduation_project/9T/robot_army/src/install/turtlebot3_gazebo/share/turtlebot3_gazebo//models/turtlebot3_dqn_world/inner_walls
[11.547s] -- Installing: /home/jstone/Documents/graduation_project/9T/robot_army/src/install/turtlebot3_gazebo/share/turtlebot3_gazebo//models/turtlebot3_dqn_world/inner_walls/model.sdf
[11.547s] -- Installing: /home/jstone/Documents/graduation_project/9T/robot_army/src/install/turtlebot3_gazebo/share/turtlebot3_gazebo//models/turtlebot3_dqn_world/inner_walls/model.config
[11.547s] -- Installing: /home/jstone/Documents/graduation_project/9T/robot_army/src/install/turtlebot3_gazebo/share/turtlebot3_gazebo//models/turtlebot3_dqn_world/model.sdf
[11.548s] -- Installing: /home/jstone/Documents/graduation_project/9T/robot_army/src/install/turtlebot3_gazebo/share/turtlebot3_gazebo//models/turtlebot3_dqn_world/obstacle1
[11.548s] -- Installing: /home/jstone/Documents/graduation_project/9T/robot_army/src/install/turtlebot3_gazebo/share/turtlebot3_gazebo//models/turtlebot3_dqn_world/obstacle1/model.sdf
[11.548s] -- Installing: /home/jstone/Documents/graduation_project/9T/robot_army/src/install/turtlebot3_gazebo/share/turtlebot3_gazebo//models/turtlebot3_dqn_world/obstacle1/model.config
[11.548s] -- Installing: /home/jstone/Documents/graduation_project/9T/robot_army/src/install/turtlebot3_gazebo/share/turtlebot3_gazebo//models/turtlebot3_dqn_world/goal_box
[11.548s] -- Installing: /home/jstone/Documents/graduation_project/9T/robot_army/src/install/turtlebot3_gazebo/share/turtlebot3_gazebo//models/turtlebot3_dqn_world/goal_box/model.sdf
[11.549s] -- Installing: /home/jstone/Documents/graduation_project/9T/robot_army/src/install/turtlebot3_gazebo/share/turtlebot3_gazebo//models/turtlebot3_dqn_world/goal_box/model.config
[11.549s] -- Installing: /home/jstone/Documents/graduation_project/9T/robot_army/src/install/turtlebot3_gazebo/share/turtlebot3_gazebo//models/turtlebot3_dqn_world/model.config
[11.549s] -- Installing: /home/jstone/Documents/graduation_project/9T/robot_army/src/install/turtlebot3_gazebo/share/turtlebot3_gazebo//models/turtlebot3_dqn_world/obstacle2
[11.549s] -- Installing: /home/jstone/Documents/graduation_project/9T/robot_army/src/install/turtlebot3_gazebo/share/turtlebot3_gazebo//models/turtlebot3_dqn_world/obstacle2/model.sdf
[11.550s] -- Installing: /home/jstone/Documents/graduation_project/9T/robot_army/src/install/turtlebot3_gazebo/share/turtlebot3_gazebo//models/turtlebot3_dqn_world/obstacle2/model.config
[11.550s] -- Installing: /home/jstone/Documents/graduation_project/9T/robot_army/src/install/turtlebot3_gazebo/share/turtlebot3_gazebo//models/turtlebot3_dqn_world/obstacles
[11.550s] -- Installing: /home/jstone/Documents/graduation_project/9T/robot_army/src/install/turtlebot3_gazebo/share/turtlebot3_gazebo//models/turtlebot3_dqn_world/obstacles/model.sdf
[11.550s] -- Installing: /home/jstone/Documents/graduation_project/9T/robot_army/src/install/turtlebot3_gazebo/share/turtlebot3_gazebo//models/turtlebot3_dqn_world/obstacles/model.config
[11.550s] -- Installing: /home/jstone/Documents/graduation_project/9T/robot_army/src/install/turtlebot3_gazebo/share/turtlebot3_gazebo//models/turtlebot3_waffle
[11.551s] -- Installing: /home/jstone/Documents/graduation_project/9T/robot_army/src/install/turtlebot3_gazebo/share/turtlebot3_gazebo//models/turtlebot3_waffle/model-1_4.sdf
[11.551s] -- Installing: /home/jstone/Documents/graduation_project/9T/robot_army/src/install/turtlebot3_gazebo/share/turtlebot3_gazebo//models/turtlebot3_waffle/model.sdf
[11.551s] -- Installing: /home/jstone/Documents/graduation_project/9T/robot_army/src/install/turtlebot3_gazebo/share/turtlebot3_gazebo//models/turtlebot3_waffle/model.config
[11.551s] -- Installing: /home/jstone/Documents/graduation_project/9T/robot_army/src/install/turtlebot3_gazebo/share/turtlebot3_gazebo//models/turtlebot3_burger_0
[11.552s] -- Installing: /home/jstone/Documents/graduation_project/9T/robot_army/src/install/turtlebot3_gazebo/share/turtlebot3_gazebo//models/turtlebot3_burger_0/model-1_4.sdf
[11.552s] -- Installing: /home/jstone/Documents/graduation_project/9T/robot_army/src/install/turtlebot3_gazebo/share/turtlebot3_gazebo//models/turtlebot3_burger_0/model.sdf
[11.552s] -- Installing: /home/jstone/Documents/graduation_project/9T/robot_army/src/install/turtlebot3_gazebo/share/turtlebot3_gazebo//models/turtlebot3_burger_0/model.config
[11.552s] -- Installing: /home/jstone/Documents/graduation_project/9T/robot_army/src/install/turtlebot3_gazebo/share/turtlebot3_gazebo//models/turtlebot3_waffle_pi
[11.553s] -- Installing: /home/jstone/Documents/graduation_project/9T/robot_army/src/install/turtlebot3_gazebo/share/turtlebot3_gazebo//models/turtlebot3_waffle_pi/model-1_4_.sdf
[11.553s] -- Installing: /home/jstone/Documents/graduation_project/9T/robot_army/src/install/turtlebot3_gazebo/share/turtlebot3_gazebo//models/turtlebot3_waffle_pi/model.sdf
[11.553s] -- Installing: /home/jstone/Documents/graduation_project/9T/robot_army/src/install/turtlebot3_gazebo/share/turtlebot3_gazebo//models/turtlebot3_waffle_pi/model.config
[11.553s] -- Installing: /home/jstone/Documents/graduation_project/9T/robot_army/src/install/turtlebot3_gazebo/share/turtlebot3_gazebo//rviz
[11.554s] -- Installing: /home/jstone/Documents/graduation_project/9T/robot_army/src/install/turtlebot3_gazebo/share/turtlebot3_gazebo//rviz/tb3_gazebo.rviz
[11.554s] -- Installing: /home/jstone/Documents/graduation_project/9T/robot_army/src/install/turtlebot3_gazebo/share/turtlebot3_gazebo//urdf
[11.555s] -- Installing: /home/jstone/Documents/graduation_project/9T/robot_army/src/install/turtlebot3_gazebo/share/turtlebot3_gazebo//urdf/turtlebot3_waffle.urdf
[11.555s] -- Installing: /home/jstone/Documents/graduation_project/9T/robot_army/src/install/turtlebot3_gazebo/share/turtlebot3_gazebo//urdf/common_properties.urdf
[11.555s] -- Installing: /home/jstone/Documents/graduation_project/9T/robot_army/src/install/turtlebot3_gazebo/share/turtlebot3_gazebo//urdf/turtlebot3_waffle_pi.urdf
[11.555s] -- Installing: /home/jstone/Documents/graduation_project/9T/robot_army/src/install/turtlebot3_gazebo/share/turtlebot3_gazebo//urdf/turtlebot3_burger.urdf
[11.555s] -- Installing: /home/jstone/Documents/graduation_project/9T/robot_army/src/install/turtlebot3_gazebo/share/turtlebot3_gazebo//worlds
[11.556s] -- Installing: /home/jstone/Documents/graduation_project/9T/robot_army/src/install/turtlebot3_gazebo/share/turtlebot3_gazebo//worlds/turtlebot3_dqn_stage2.world
[11.556s] -- Installing: /home/jstone/Documents/graduation_project/9T/robot_army/src/install/turtlebot3_gazebo/share/turtlebot3_gazebo//worlds/turtlebot3_world.world
[11.556s] -- Installing: /home/jstone/Documents/graduation_project/9T/robot_army/src/install/turtlebot3_gazebo/share/turtlebot3_gazebo//worlds/turtlebot3_dqn_stage4.world
[11.556s] -- Installing: /home/jstone/Documents/graduation_project/9T/robot_army/src/install/turtlebot3_gazebo/share/turtlebot3_gazebo//worlds/turtlebot3_house.world
[11.557s] -- Installing: /home/jstone/Documents/graduation_project/9T/robot_army/src/install/turtlebot3_gazebo/share/turtlebot3_gazebo//worlds/turtlebot3_dqn_stage3.world
[11.557s] -- Installing: /home/jstone/Documents/graduation_project/9T/robot_army/src/install/turtlebot3_gazebo/share/turtlebot3_gazebo//worlds/turtlebot3_dqn_stage1.world
[11.557s] -- Installing: /home/jstone/Documents/graduation_project/9T/robot_army/src/install/turtlebot3_gazebo/share/turtlebot3_gazebo//worlds/empty_world.world
[11.558s] -- Installing: /home/jstone/Documents/graduation_project/9T/robot_army/src/install/turtlebot3_gazebo/share/turtlebot3_gazebo//config
[11.558s] -- Installing: /home/jstone/Documents/graduation_project/9T/robot_army/src/install/turtlebot3_gazebo/share/turtlebot3_gazebo//config/tb3_1.rviz
[11.558s] -- Installing: /home/jstone/Documents/graduation_project/9T/robot_army/src/install/turtlebot3_gazebo/share/turtlebot3_gazebo//config/tb3_0.rviz
[11.559s] -- Installing: /home/jstone/Documents/graduation_project/9T/robot_army/src/install/turtlebot3_gazebo/include/
[11.559s] -- Installing: /home/jstone/Documents/graduation_project/9T/robot_army/src/install/turtlebot3_gazebo/include//turtlebot3_gazebo
[11.559s] -- Installing: /home/jstone/Documents/graduation_project/9T/robot_army/src/install/turtlebot3_gazebo/include//turtlebot3_gazebo/turtlebot3_drive.hpp
[11.560s] -- Installing: /home/jstone/Documents/graduation_project/9T/robot_army/src/install/turtlebot3_gazebo/share/ament_index/resource_index/package_run_dependencies/turtlebot3_gazebo
[11.561s] -- Installing: /home/jstone/Documents/graduation_project/9T/robot_army/src/install/turtlebot3_gazebo/share/ament_index/resource_index/parent_prefix_path/turtlebot3_gazebo
[11.563s] -- Installing: /home/jstone/Documents/graduation_project/9T/robot_army/src/install/turtlebot3_gazebo/share/turtlebot3_gazebo/environment/ament_prefix_path.sh
[11.563s] -- Installing: /home/jstone/Documents/graduation_project/9T/robot_army/src/install/turtlebot3_gazebo/share/turtlebot3_gazebo/environment/ament_prefix_path.dsv
[11.564s] -- Installing: /home/jstone/Documents/graduation_project/9T/robot_army/src/install/turtlebot3_gazebo/share/turtlebot3_gazebo/environment/path.sh
[11.564s] -- Installing: /home/jstone/Documents/graduation_project/9T/robot_army/src/install/turtlebot3_gazebo/share/turtlebot3_gazebo/environment/path.dsv
[11.564s] -- Installing: /home/jstone/Documents/graduation_project/9T/robot_army/src/install/turtlebot3_gazebo/share/turtlebot3_gazebo/local_setup.bash
[11.564s] -- Installing: /home/jstone/Documents/graduation_project/9T/robot_army/src/install/turtlebot3_gazebo/share/turtlebot3_gazebo/local_setup.sh
[11.565s] -- Installing: /home/jstone/Documents/graduation_project/9T/robot_army/src/install/turtlebot3_gazebo/share/turtlebot3_gazebo/local_setup.zsh
[11.565s] -- Installing: /home/jstone/Documents/graduation_project/9T/robot_army/src/install/turtlebot3_gazebo/share/turtlebot3_gazebo/local_setup.dsv
[11.565s] -- Installing: /home/jstone/Documents/graduation_project/9T/robot_army/src/install/turtlebot3_gazebo/share/turtlebot3_gazebo/package.dsv
[11.566s] -- Installing: /home/jstone/Documents/graduation_project/9T/robot_army/src/install/turtlebot3_gazebo/share/ament_index/resource_index/packages/turtlebot3_gazebo
[11.566s] -- Installing: /home/jstone/Documents/graduation_project/9T/robot_army/src/install/turtlebot3_gazebo/share/turtlebot3_gazebo/cmake/ament_cmake_export_include_directories-extras.cmake
[11.566s] -- Installing: /home/jstone/Documents/graduation_project/9T/robot_army/src/install/turtlebot3_gazebo/share/turtlebot3_gazebo/cmake/ament_cmake_export_dependencies-extras.cmake
[11.567s] -- Installing: /home/jstone/Documents/graduation_project/9T/robot_army/src/install/turtlebot3_gazebo/share/turtlebot3_gazebo/cmake/turtlebot3_gazeboConfig.cmake
[11.567s] -- Installing: /home/jstone/Documents/graduation_project/9T/robot_army/src/install/turtlebot3_gazebo/share/turtlebot3_gazebo/cmake/turtlebot3_gazeboConfig-version.cmake
[11.567s] -- Installing: /home/jstone/Documents/graduation_project/9T/robot_army/src/install/turtlebot3_gazebo/share/turtlebot3_gazebo/package.xml
[11.570s] Invoked command in '/home/jstone/Documents/graduation_project/9T/robot_army/src/build/turtlebot3_gazebo' returned '0': CMAKE_PREFIX_PATH=${CMAKE_PREFIX_PATH}:/home/jstone/nav2_ws/install/nav2_gazebo_spawner:/opt/ros/galactic /usr/bin/cmake --install /home/jstone/Documents/graduation_project/9T/robot_army/src/build/turtlebot3_gazebo
