[0.723s] Invoking command in '/home/jstone/Documents/graduation_project/1P/robot_army/build/sjtu_drone_description': CMAKE_PREFIX_PATH=/opt/ros/galactic /usr/bin/cmake /home/jstone/Documents/graduation_project/1P/robot_army/src/drone/sjtu_drone_description -DCMAKE_INSTALL_PREFIX=/home/jstone/Documents/graduation_project/1P/robot_army/install/sjtu_drone_description
[0.758s] -- The C compiler identification is GNU 9.4.0
[0.792s] -- The CXX compiler identification is GNU 9.4.0
[0.795s] -- Check for working C compiler: /usr/bin/cc
[0.838s] -- Check for working C compiler: /usr/bin/cc -- works
[0.839s] -- Detecting C compiler ABI info
[0.887s] -- Detecting C compiler ABI info - done
[0.900s] -- Detecting C compile features
[0.900s] -- Detecting C compile features - done
[0.903s] -- Check for working CXX compiler: /usr/bin/c++
[0.956s] -- Check for working CXX compiler: /usr/bin/c++ -- works
[0.957s] -- Detecting CXX compiler ABI info
[1.016s] -- Detecting CXX compiler ABI info - done
[1.030s] -- Detecting CXX compile features
[1.030s] -- Detecting CXX compile features - done
[1.034s] -- Found PkgConfig: /usr/bin/pkg-config (found version "0.29.1") 
[1.035s] -- Checking for module 'OGRE'
[1.050s] --   Found OGRE, version 1.9.0
[1.077s] -- Checking for module 'OGRE-Terrain'
[1.087s] --   Found OGRE-Terrain, version 1.9.0
[1.112s] -- Found ament_cmake: 1.1.6 (/opt/ros/galactic/share/ament_cmake/cmake)
[1.130s] -- Found PythonInterp: /usr/bin/python3 (found suitable version "3.8.10", minimum required is "3") 
[1.130s] -- Using PYTHON_EXECUTABLE: /usr/bin/python3
[1.182s] -- Found ament_cmake_ros: 0.9.2 (/opt/ros/galactic/share/ament_cmake_ros/cmake)
[1.186s] -- Found rclcpp: 9.2.2 (/opt/ros/galactic/share/rclcpp/cmake)
[1.217s] -- Using all available rosidl_typesupport_c: rosidl_typesupport_fastrtps_c;rosidl_typesupport_introspection_c
[1.223s] -- Found rosidl_adapter: 2.2.3 (/opt/ros/galactic/share/rosidl_adapter/cmake)
[1.282s] -- Found OpenSSL: /usr/lib/x86_64-linux-gnu/libcrypto.so (found version "1.1.1f")  
[1.303s] -- Found FastRTPS: /opt/ros/galactic/include  
[1.353s] -- Using all available rosidl_typesupport_cpp: rosidl_typesupport_fastrtps_cpp;rosidl_typesupport_introspection_cpp
[1.390s] -- Found rmw_implementation_cmake: 3.3.1 (/opt/ros/galactic/share/rmw_implementation_cmake/cmake)
[1.392s] -- Found rmw_cyclonedds_cpp: 0.22.6 (/opt/ros/galactic/share/rmw_cyclonedds_cpp/cmake)
[1.405s] -- Using RMW implementation 'rmw_cyclonedds_cpp' as default
[1.405s] -- Looking for pthread.h
[1.448s] -- Looking for pthread.h - found
[1.448s] -- Performing Test CMAKE_HAVE_LIBC_PTHREAD
[1.492s] -- Performing Test CMAKE_HAVE_LIBC_PTHREAD - Failed
[1.492s] -- Looking for pthread_create in pthreads
[1.528s] -- Looking for pthread_create in pthreads - not found
[1.528s] -- Looking for pthread_create in pthread
[1.571s] -- Looking for pthread_create in pthread - found
[1.571s] -- Found Threads: TRUE  
[1.664s] -- Found gazebo_ros: 3.5.2 (/opt/ros/galactic/share/gazebo_ros/cmake)
[1.671s] -- Checking for module 'bullet>=2.82'
[1.680s] --   Found bullet, version 2.88
[1.766s] -- Found ccd: /usr/include (found suitable version "2.0", minimum required is "2.0") 
[1.801s] -- Found fcl: /usr/include (found suitable version "0.5.0", minimum required is "0.3.2") 
[1.836s] -- Found assimp: /usr/include (found version "5.0.0") 
[1.851s] -- Found DART: /usr/include (Required is at least version "6.6") found components: dart 
[1.867s] -- Found Boost: /usr/lib/x86_64-linux-gnu/cmake/Boost-1.71.0/BoostConfig.cmake (found suitable version "1.71.0", minimum required is "1.40.0") found components: thread system filesystem program_options regex iostreams date_time 
[1.879s] -- Found Protobuf: /usr/lib/x86_64-linux-gnu/libprotobuf.so;-lpthread (found version "3.6.1") 
[1.881s] -- Looking for ignition-math6 -- found version 6.15.1
[1.885s] -- Searching for dependencies of ignition-math6
[1.886s] -- Looking for OGRE...
[1.886s] -- OGRE_PREFIX_WATCH changed.
[1.889s] -- Checking for module 'OGRE'
[1.898s] --   Found OGRE, version 1.9.0
[1.921s] -- Found Ogre Ghadamon (1.9.0)
[1.934s] -- Looking for OGRE_Paging...
[1.937s] -- Found OGRE_Paging: optimized;/usr/lib/x86_64-linux-gnu/libOgrePaging.so;debug;/usr/lib/x86_64-linux-gnu/libOgrePaging.so
[1.938s] -- Looking for OGRE_Terrain...
[1.941s] -- Found OGRE_Terrain: optimized;/usr/lib/x86_64-linux-gnu/libOgreTerrain.so;debug;/usr/lib/x86_64-linux-gnu/libOgreTerrain.so
[1.941s] -- Looking for OGRE_Property...
[1.945s] -- Found OGRE_Property: optimized;/usr/lib/x86_64-linux-gnu/libOgreProperty.so;debug;/usr/lib/x86_64-linux-gnu/libOgreProperty.so
[1.945s] -- Looking for OGRE_RTShaderSystem...
[1.950s] -- Found OGRE_RTShaderSystem: optimized;/usr/lib/x86_64-linux-gnu/libOgreRTShaderSystem.so;debug;/usr/lib/x86_64-linux-gnu/libOgreRTShaderSystem.so
[1.950s] -- Looking for OGRE_Volume...
[1.953s] -- Found OGRE_Volume: optimized;/usr/lib/x86_64-linux-gnu/libOgreVolume.so;debug;/usr/lib/x86_64-linux-gnu/libOgreVolume.so
[1.953s] -- Looking for OGRE_Overlay...
[1.958s] -- Found OGRE_Overlay: optimized;/usr/lib/x86_64-linux-gnu/libOgreOverlay.so;debug;/usr/lib/x86_64-linux-gnu/libOgreOverlay.so
[2.039s] -- Looking for ignition-math6 -- found version 6.15.1
[2.041s] -- Looking for ignition-transport8 -- found version 8.5.0
[2.041s] -- Searching for dependencies of ignition-transport8
[2.063s] -- Checking for module 'uuid'
[2.072s] --   Found uuid, version 2.34.0
[2.095s] -- Found UUID: TRUE  
[2.097s] -- Looking for ignition-msgs5 -- found version 5.11.0
[2.097s] -- Searching for dependencies of ignition-msgs5
[2.109s] -- Found Protobuf: /usr/lib/x86_64-linux-gnu/libprotobuf.so;-lpthread (found suitable version "3.6.1", minimum required is "3") 
[2.109s] -- Looking for ignition-math6 -- found version 6.15.1
[2.112s] -- Checking for module 'tinyxml2'
[2.121s] --   Found tinyxml2, version 6.2.0
[2.145s] -- Looking for ignition-msgs5 -- found version 5.11.0
[2.146s] -- Looking for ignition-common3 -- found version 3.17.0
[2.147s] -- Searching for dependencies of ignition-common3
[2.147s] -- Looking for dlfcn.h - found
[2.147s] -- Looking for libdl - found
[2.148s] -- Found DL: TRUE  
[2.153s] -- Searching for <ignition-common3> component [graphics]
[2.154s] -- Looking for ignition-common3-graphics -- found version 3.17.0
[2.155s] -- Searching for dependencies of ignition-common3-graphics
[2.155s] -- Looking for ignition-math6 -- found version 6.15.1
[2.156s] -- Looking for ignition-fuel_tools4 -- found version 4.9.1
[2.157s] -- Searching for dependencies of ignition-fuel_tools4
[2.201s] -- Found CURL: /usr/lib/x86_64-linux-gnu/libcurl.so (found version "7.68.0")  
[2.205s] -- Checking for module 'jsoncpp'
[2.214s] --   Found jsoncpp, version 1.7.4
[2.237s] -- Found JSONCPP: TRUE  
[2.240s] -- Checking for module 'libzip'
[2.249s] --   Found libzip, version 1.5.1
[2.272s] -- Found ZIP: TRUE  
[2.272s] -- Looking for ignition-common3 -- found version 3.17.0
[2.272s] -- Looking for ignition-math6 -- found version 6.15.1
[2.273s] -- Looking for ignition-msgs5 -- found version 5.11.0
[2.273s] -- Gazebo version: 11.15
[2.277s] -- Found gazebo_plugins: 3.5.2 (/opt/ros/galactic/share/gazebo_plugins/cmake)
[2.459s] -- Found sensor_msgs: 2.2.4 (/opt/ros/galactic/share/sensor_msgs/cmake)
[2.552s] -- Found ament_lint_auto: 0.10.7 (/opt/ros/galactic/share/ament_lint_auto/cmake)
[2.599s] -- Added test 'cppcheck' to perform static code analysis on C / C++ code
[2.600s] -- Configured cppcheck include dirs: /home/jstone/Documents/graduation_project/1P/robot_army/src/drone/sjtu_drone_description/include;$<BUILD_INTERFACE:/home/jstone/Documents/graduation_project/1P/robot_army/src/drone/sjtu_drone_description/include>
[2.600s] -- Configured cppcheck exclude dirs and/or files: 
[2.600s] -- Added test 'lint_cmake' to check CMake code style
[2.601s] -- Added test 'uncrustify' to check C / C++ code style
[2.601s] -- Configured uncrustify additional arguments: 
[2.602s] -- Added test 'xmllint' to check XML markup files
[2.605s] -- Configuring done
[2.628s] -- Generating done
[2.637s] -- Build files have been written to: /home/jstone/Documents/graduation_project/1P/robot_army/build/sjtu_drone_description
[2.646s] Invoked command in '/home/jstone/Documents/graduation_project/1P/robot_army/build/sjtu_drone_description' returned '0': CMAKE_PREFIX_PATH=/opt/ros/galactic /usr/bin/cmake /home/jstone/Documents/graduation_project/1P/robot_army/src/drone/sjtu_drone_description -DCMAKE_INSTALL_PREFIX=/home/jstone/Documents/graduation_project/1P/robot_army/install/sjtu_drone_description
[2.648s] Invoking command in '/home/jstone/Documents/graduation_project/1P/robot_army/build/sjtu_drone_description': CMAKE_PREFIX_PATH=/opt/ros/galactic /usr/bin/cmake --build /home/jstone/Documents/graduation_project/1P/robot_army/build/sjtu_drone_description -- -j16 -l16
[2.677s] [35m[1mScanning dependencies of target plugin_drone[0m
[2.758s] [ 66%] [32mBuilding CXX object CMakeFiles/plugin_drone.dir/src/plugin_drone.cpp.o[0m
[2.758s] [ 66%] [32mBuilding CXX object CMakeFiles/plugin_drone.dir/src/pid_controller.cpp.o[0m
[17.777s] [100%] [32m[1mLinking CXX shared library /home/jstone/Documents/graduation_project/1P/robot_army/src/drone/sjtu_drone_description/plugins/libplugin_drone.so[0m
[18.523s] [100%] Built target plugin_drone
[18.531s] Invoked command in '/home/jstone/Documents/graduation_project/1P/robot_army/build/sjtu_drone_description' returned '0': CMAKE_PREFIX_PATH=/opt/ros/galactic /usr/bin/cmake --build /home/jstone/Documents/graduation_project/1P/robot_army/build/sjtu_drone_description -- -j16 -l16
[18.532s] Invoking command in '/home/jstone/Documents/graduation_project/1P/robot_army/build/sjtu_drone_description': CMAKE_PREFIX_PATH=/opt/ros/galactic /usr/bin/cmake --install /home/jstone/Documents/graduation_project/1P/robot_army/build/sjtu_drone_description
[18.536s] -- Install configuration: ""
[18.536s] -- Installing: /home/jstone/Documents/graduation_project/1P/robot_army/install/sjtu_drone_description/include
[18.536s] -- Installing: /home/jstone/Documents/graduation_project/1P/robot_army/install/sjtu_drone_description/include/pid_controller.h
[18.536s] -- Installing: /home/jstone/Documents/graduation_project/1P/robot_army/install/sjtu_drone_description/include/plugin_drone.h
[18.536s] -- Installing: /home/jstone/Documents/graduation_project/1P/robot_army/install/sjtu_drone_description/lib/libplugin_drone.so
[18.544s] -- Set runtime path of "/home/jstone/Documents/graduation_project/1P/robot_army/install/sjtu_drone_description/lib/libplugin_drone.so" to ""
[18.544s] -- Installing: /home/jstone/Documents/graduation_project/1P/robot_army/install/sjtu_drone_description/share/sjtu_drone_description/environment/library_path.sh
[18.544s] -- Installing: /home/jstone/Documents/graduation_project/1P/robot_army/install/sjtu_drone_description/share/sjtu_drone_description/environment/library_path.dsv
[18.544s] -- Installing: /home/jstone/Documents/graduation_project/1P/robot_army/install/sjtu_drone_description/share/sjtu_drone_description/models
[18.544s] -- Installing: /home/jstone/Documents/graduation_project/1P/robot_army/install/sjtu_drone_description/share/sjtu_drone_description/models/sjtu_drone
[18.544s] -- Installing: /home/jstone/Documents/graduation_project/1P/robot_army/install/sjtu_drone_description/share/sjtu_drone_description/models/sjtu_drone/quadrotor_4.dae
[18.544s] -- Installing: /home/jstone/Documents/graduation_project/1P/robot_army/install/sjtu_drone_description/share/sjtu_drone_description/models/sjtu_drone/sjtu_drone.sdf
[18.544s] -- Installing: /home/jstone/Documents/graduation_project/1P/robot_army/install/sjtu_drone_description/share/sjtu_drone_description/models/sjtu_drone/quadrotor_4.stl
[18.544s] -- Installing: /home/jstone/Documents/graduation_project/1P/robot_army/install/sjtu_drone_description/share/sjtu_drone_description/models/sjtu_drone/model.config
[18.544s] -- Installing: /home/jstone/Documents/graduation_project/1P/robot_army/install/sjtu_drone_description/share/sjtu_drone_description/models/database.config
[18.544s] -- Installing: /home/jstone/Documents/graduation_project/1P/robot_army/install/sjtu_drone_description/share/sjtu_drone_description/urdf
[18.544s] -- Installing: /home/jstone/Documents/graduation_project/1P/robot_army/install/sjtu_drone_description/share/sjtu_drone_description/urdf/sjtu_drone.urdf.xacro
[18.545s] -- Installing: /home/jstone/Documents/graduation_project/1P/robot_army/install/sjtu_drone_description/share/sjtu_drone_description/urdf/sjtu_drone.urdf
[18.545s] -- Installing: /home/jstone/Documents/graduation_project/1P/robot_army/install/sjtu_drone_description/share/sjtu_drone_description/worlds
[18.545s] -- Installing: /home/jstone/Documents/graduation_project/1P/robot_army/install/sjtu_drone_description/share/sjtu_drone_description/worlds/playground.world
[18.545s] -- Installing: /home/jstone/Documents/graduation_project/1P/robot_army/install/sjtu_drone_description/share/ament_index/resource_index/package_run_dependencies/sjtu_drone_description
[18.545s] -- Installing: /home/jstone/Documents/graduation_project/1P/robot_army/install/sjtu_drone_description/share/ament_index/resource_index/parent_prefix_path/sjtu_drone_description
[18.545s] -- Installing: /home/jstone/Documents/graduation_project/1P/robot_army/install/sjtu_drone_description/share/sjtu_drone_description/environment/ament_prefix_path.sh
[18.545s] -- Installing: /home/jstone/Documents/graduation_project/1P/robot_army/install/sjtu_drone_description/share/sjtu_drone_description/environment/ament_prefix_path.dsv
[18.545s] -- Installing: /home/jstone/Documents/graduation_project/1P/robot_army/install/sjtu_drone_description/share/sjtu_drone_description/environment/path.sh
[18.545s] -- Installing: /home/jstone/Documents/graduation_project/1P/robot_army/install/sjtu_drone_description/share/sjtu_drone_description/environment/path.dsv
[18.545s] -- Installing: /home/jstone/Documents/graduation_project/1P/robot_army/install/sjtu_drone_description/share/sjtu_drone_description/local_setup.bash
[18.545s] -- Installing: /home/jstone/Documents/graduation_project/1P/robot_army/install/sjtu_drone_description/share/sjtu_drone_description/local_setup.sh
[18.545s] -- Installing: /home/jstone/Documents/graduation_project/1P/robot_army/install/sjtu_drone_description/share/sjtu_drone_description/local_setup.zsh
[18.545s] -- Installing: /home/jstone/Documents/graduation_project/1P/robot_army/install/sjtu_drone_description/share/sjtu_drone_description/local_setup.dsv
[18.545s] -- Installing: /home/jstone/Documents/graduation_project/1P/robot_army/install/sjtu_drone_description/share/sjtu_drone_description/package.dsv
[18.545s] -- Installing: /home/jstone/Documents/graduation_project/1P/robot_army/install/sjtu_drone_description/share/ament_index/resource_index/packages/sjtu_drone_description
[18.545s] -- Installing: /home/jstone/Documents/graduation_project/1P/robot_army/install/sjtu_drone_description/share/sjtu_drone_description/cmake/export_sjtu_drone_descriptionExport.cmake
[18.546s] -- Installing: /home/jstone/Documents/graduation_project/1P/robot_army/install/sjtu_drone_description/share/sjtu_drone_description/cmake/export_sjtu_drone_descriptionExport-noconfig.cmake
[18.546s] -- Installing: /home/jstone/Documents/graduation_project/1P/robot_army/install/sjtu_drone_description/share/sjtu_drone_description/cmake/ament_cmake_export_include_directories-extras.cmake
[18.546s] -- Installing: /home/jstone/Documents/graduation_project/1P/robot_army/install/sjtu_drone_description/share/sjtu_drone_description/cmake/ament_cmake_export_libraries-extras.cmake
[18.546s] -- Installing: /home/jstone/Documents/graduation_project/1P/robot_army/install/sjtu_drone_description/share/sjtu_drone_description/cmake/ament_cmake_export_targets-extras.cmake
[18.546s] -- Installing: /home/jstone/Documents/graduation_project/1P/robot_army/install/sjtu_drone_description/share/sjtu_drone_description/cmake/sjtu_drone_descriptionConfig.cmake
[18.546s] -- Installing: /home/jstone/Documents/graduation_project/1P/robot_army/install/sjtu_drone_description/share/sjtu_drone_description/cmake/sjtu_drone_descriptionConfig-version.cmake
[18.546s] -- Installing: /home/jstone/Documents/graduation_project/1P/robot_army/install/sjtu_drone_description/share/sjtu_drone_description/package.xml
[18.547s] Invoked command in '/home/jstone/Documents/graduation_project/1P/robot_army/build/sjtu_drone_description' returned '0': CMAKE_PREFIX_PATH=/opt/ros/galactic /usr/bin/cmake --install /home/jstone/Documents/graduation_project/1P/robot_army/build/sjtu_drone_description
