[1.064s] Invoking command in '/home/jstone/Documents/graduation_project/1P/robot_army/src/merge_map': PYTHONPATH=/home/jstone/Documents/graduation_project/1P/robot_army/build/merge_map/prefix_override:/usr/lib/python3/dist-packages/colcon_core/task/python/colcon_distutils_commands:/home/jstone/Documents/graduation_project/1P/robot_army/install/merge_map/lib/python3.8/site-packages:${PYTHONPATH} /usr/bin/python3 -W ignore:setup.py install is deprecated -W ignore:easy_install command is deprecated setup.py egg_info --egg-base ../../build/merge_map build --build-base /home/jstone/Documents/graduation_project/1P/robot_army/build/merge_map/build install --record /home/jstone/Documents/graduation_project/1P/robot_army/build/merge_map/install.log --single-version-externally-managed install_data
[1.209s] running egg_info
[1.210s] creating ../../build/merge_map/merge_map.egg-info
[1.210s] writing ../../build/merge_map/merge_map.egg-info/PKG-INFO
[1.210s] writing dependency_links to ../../build/merge_map/merge_map.egg-info/dependency_links.txt
[1.210s] writing entry points to ../../build/merge_map/merge_map.egg-info/entry_points.txt
[1.210s] writing requirements to ../../build/merge_map/merge_map.egg-info/requires.txt
[1.210s] writing top-level names to ../../build/merge_map/merge_map.egg-info/top_level.txt
[1.211s] writing manifest file '../../build/merge_map/merge_map.egg-info/SOURCES.txt'
[1.233s] reading manifest file '../../build/merge_map/merge_map.egg-info/SOURCES.txt'
[1.234s] writing manifest file '../../build/merge_map/merge_map.egg-info/SOURCES.txt'
[1.234s] running build
[1.234s] running build_py
[1.234s] creating /home/jstone/Documents/graduation_project/1P/robot_army/build/merge_map/build
[1.234s] creating /home/jstone/Documents/graduation_project/1P/robot_army/build/merge_map/build/lib
[1.234s] creating /home/jstone/Documents/graduation_project/1P/robot_army/build/merge_map/build/lib/merge_map
[1.234s] copying merge_map/__init__.py -> /home/jstone/Documents/graduation_project/1P/robot_army/build/merge_map/build/lib/merge_map
[1.234s] copying merge_map/merge_map.py -> /home/jstone/Documents/graduation_project/1P/robot_army/build/merge_map/build/lib/merge_map
[1.234s] running install
[1.235s] running install_lib
[1.235s] creating /home/jstone/Documents/graduation_project/1P/robot_army/install/merge_map/lib/python3.8/site-packages/merge_map
[1.235s] copying /home/jstone/Documents/graduation_project/1P/robot_army/build/merge_map/build/lib/merge_map/__init__.py -> /home/jstone/Documents/graduation_project/1P/robot_army/install/merge_map/lib/python3.8/site-packages/merge_map
[1.235s] copying /home/jstone/Documents/graduation_project/1P/robot_army/build/merge_map/build/lib/merge_map/merge_map.py -> /home/jstone/Documents/graduation_project/1P/robot_army/install/merge_map/lib/python3.8/site-packages/merge_map
[1.236s] byte-compiling /home/jstone/Documents/graduation_project/1P/robot_army/install/merge_map/lib/python3.8/site-packages/merge_map/__init__.py to __init__.cpython-38.pyc
[1.236s] byte-compiling /home/jstone/Documents/graduation_project/1P/robot_army/install/merge_map/lib/python3.8/site-packages/merge_map/merge_map.py to merge_map.cpython-38.pyc
[1.237s] running install_data
[1.237s] creating /home/jstone/Documents/graduation_project/1P/robot_army/install/merge_map/share/ament_index
[1.237s] creating /home/jstone/Documents/graduation_project/1P/robot_army/install/merge_map/share/ament_index/resource_index
[1.237s] creating /home/jstone/Documents/graduation_project/1P/robot_army/install/merge_map/share/ament_index/resource_index/packages
[1.237s] copying resource/merge_map -> /home/jstone/Documents/graduation_project/1P/robot_army/install/merge_map/share/ament_index/resource_index/packages
[1.237s] copying package.xml -> /home/jstone/Documents/graduation_project/1P/robot_army/install/merge_map/share/merge_map
[1.237s] creating /home/jstone/Documents/graduation_project/1P/robot_army/install/merge_map/share/merge_map/launch
[1.237s] copying launch/merge_map_launch.py -> /home/jstone/Documents/graduation_project/1P/robot_army/install/merge_map/share/merge_map/launch
[1.237s] creating /home/jstone/Documents/graduation_project/1P/robot_army/install/merge_map/share/merge_map/config
[1.237s] copying config/merge_map.rviz -> /home/jstone/Documents/graduation_project/1P/robot_army/install/merge_map/share/merge_map/config
[1.237s] running install_egg_info
[1.238s] Copying ../../build/merge_map/merge_map.egg-info to /home/jstone/Documents/graduation_project/1P/robot_army/install/merge_map/lib/python3.8/site-packages/merge_map-0.0.0-py3.8.egg-info
[1.239s] running install_scripts
[1.250s] Installing merge_map script to /home/jstone/Documents/graduation_project/1P/robot_army/install/merge_map/lib/merge_map
[1.250s] writing list of installed files to '/home/jstone/Documents/graduation_project/1P/robot_army/build/merge_map/install.log'
[1.275s] Invoked command in '/home/jstone/Documents/graduation_project/1P/robot_army/src/merge_map' returned '0': PYTHONPATH=/home/jstone/Documents/graduation_project/1P/robot_army/build/merge_map/prefix_override:/usr/lib/python3/dist-packages/colcon_core/task/python/colcon_distutils_commands:/home/jstone/Documents/graduation_project/1P/robot_army/install/merge_map/lib/python3.8/site-packages:${PYTHONPATH} /usr/bin/python3 -W ignore:setup.py install is deprecated -W ignore:easy_install command is deprecated setup.py egg_info --egg-base ../../build/merge_map build --build-base /home/jstone/Documents/graduation_project/1P/robot_army/build/merge_map/build install --record /home/jstone/Documents/graduation_project/1P/robot_army/build/merge_map/install.log --single-version-externally-managed install_data
