[0.008s] Invoking command in '/home/jstone/Documents/graduation_project/1P/robot_army/build/robot_army': CMAKE_PREFIX_PATH=/opt/ros/galactic /usr/bin/cmake /home/jstone/Documents/graduation_project/1P/robot_army -DCMAKE_INSTALL_PREFIX=/home/jstone/Documents/graduation_project/1P/robot_army/install/robot_army
[0.040s] -- The C compiler identification is GNU 9.4.0
[0.071s] -- The CXX compiler identification is GNU 9.4.0
[0.073s] -- Check for working C compiler: /usr/bin/cc
[0.113s] -- Check for working C compiler: /usr/bin/cc -- works
[0.114s] -- Detecting C compiler ABI info
[0.154s] -- Detecting C compiler ABI info - done
[0.161s] -- Detecting C compile features
[0.161s] -- Detecting C compile features - done
[0.163s] -- Check for working CXX compiler: /usr/bin/c++
[0.208s] -- Check for working CXX compiler: /usr/bin/c++ -- works
[0.209s] -- Detecting CXX compiler ABI info
[0.254s] -- Detecting CXX compiler ABI info - done
[0.262s] -- Detecting CXX compile features
[0.262s] -- Detecting CXX compile features - done
[0.263s] -- Found ament_cmake: 1.1.6 (/opt/ros/galactic/share/ament_cmake/cmake)
[0.279s] -- Found PythonInterp: /usr/bin/python3 (found suitable version "3.8.10", minimum required is "3") 
[0.279s] -- Using PYTHON_EXECUTABLE: /usr/bin/python3
[0.327s] -- Found ament_lint_auto: 0.10.7 (/opt/ros/galactic/share/ament_lint_auto/cmake)
[0.376s] -- Added test 'copyright' to check source files copyright and LICENSE
[0.405s] -- Added test 'cppcheck' to perform static code analysis on C / C++ code
[0.405s] -- Configured cppcheck include dirs: 
[0.405s] -- Configured cppcheck exclude dirs and/or files: 
[0.431s] -- Added test 'cpplint' to check C / C++ code against the Google style
[0.431s] -- Configured cpplint exclude dirs and/or files: 
[0.436s] -- Added test 'flake8' to check Python code syntax and style conventions
[0.444s] -- Added test 'lint_cmake' to check CMake code style
[0.449s] -- Added test 'pep257' to check Python code against some of the style conventions in PEP 257
[0.478s] -- Added test 'uncrustify' to check C / C++ code style
[0.478s] -- Configured uncrustify additional arguments: 
[0.482s] -- Added test 'xmllint' to check XML markup files
[0.483s] -- Configuring done
[0.485s] -- Generating done
[0.486s] -- Build files have been written to: /home/jstone/Documents/graduation_project/1P/robot_army/build/robot_army
[0.489s] Invoked command in '/home/jstone/Documents/graduation_project/1P/robot_army/build/robot_army' returned '0': CMAKE_PREFIX_PATH=/opt/ros/galactic /usr/bin/cmake /home/jstone/Documents/graduation_project/1P/robot_army -DCMAKE_INSTALL_PREFIX=/home/jstone/Documents/graduation_project/1P/robot_army/install/robot_army
[0.492s] Invoking command in '/home/jstone/Documents/graduation_project/1P/robot_army/build/robot_army': CMAKE_PREFIX_PATH=/opt/ros/galactic /usr/bin/cmake --build /home/jstone/Documents/graduation_project/1P/robot_army/build/robot_army -- -j16 -l16
[0.516s] Invoked command in '/home/jstone/Documents/graduation_project/1P/robot_army/build/robot_army' returned '0': CMAKE_PREFIX_PATH=/opt/ros/galactic /usr/bin/cmake --build /home/jstone/Documents/graduation_project/1P/robot_army/build/robot_army -- -j16 -l16
[0.525s] Invoking command in '/home/jstone/Documents/graduation_project/1P/robot_army/build/robot_army': CMAKE_PREFIX_PATH=/opt/ros/galactic /usr/bin/cmake --install /home/jstone/Documents/graduation_project/1P/robot_army/build/robot_army
[0.530s] -- Install configuration: ""
[0.530s] -- Installing: /home/jstone/Documents/graduation_project/1P/robot_army/install/robot_army/share/ament_index/resource_index/package_run_dependencies/robot_army
[0.530s] -- Installing: /home/jstone/Documents/graduation_project/1P/robot_army/install/robot_army/share/ament_index/resource_index/parent_prefix_path/robot_army
[0.530s] -- Installing: /home/jstone/Documents/graduation_project/1P/robot_army/install/robot_army/share/robot_army/environment/ament_prefix_path.sh
[0.530s] -- Installing: /home/jstone/Documents/graduation_project/1P/robot_army/install/robot_army/share/robot_army/environment/ament_prefix_path.dsv
[0.530s] -- Installing: /home/jstone/Documents/graduation_project/1P/robot_army/install/robot_army/share/robot_army/environment/path.sh
[0.531s] -- Installing: /home/jstone/Documents/graduation_project/1P/robot_army/install/robot_army/share/robot_army/environment/path.dsv
[0.531s] -- Installing: /home/jstone/Documents/graduation_project/1P/robot_army/install/robot_army/share/robot_army/local_setup.bash
[0.531s] -- Installing: /home/jstone/Documents/graduation_project/1P/robot_army/install/robot_army/share/robot_army/local_setup.sh
[0.531s] -- Installing: /home/jstone/Documents/graduation_project/1P/robot_army/install/robot_army/share/robot_army/local_setup.zsh
[0.531s] -- Installing: /home/jstone/Documents/graduation_project/1P/robot_army/install/robot_army/share/robot_army/local_setup.dsv
[0.531s] -- Installing: /home/jstone/Documents/graduation_project/1P/robot_army/install/robot_army/share/robot_army/package.dsv
[0.531s] -- Installing: /home/jstone/Documents/graduation_project/1P/robot_army/install/robot_army/share/ament_index/resource_index/packages/robot_army
[0.531s] -- Installing: /home/jstone/Documents/graduation_project/1P/robot_army/install/robot_army/share/robot_army/cmake/robot_armyConfig.cmake
[0.531s] -- Installing: /home/jstone/Documents/graduation_project/1P/robot_army/install/robot_army/share/robot_army/cmake/robot_armyConfig-version.cmake
[0.531s] -- Installing: /home/jstone/Documents/graduation_project/1P/robot_army/install/robot_army/share/robot_army/package.xml
[0.532s] Invoked command in '/home/jstone/Documents/graduation_project/1P/robot_army/build/robot_army' returned '0': CMAKE_PREFIX_PATH=/opt/ros/galactic /usr/bin/cmake --install /home/jstone/Documents/graduation_project/1P/robot_army/build/robot_army
