[1.171s] Invoking command in '/home/jstone/Documents/graduation_project/9T/robot_army/src/multiRobotExploration/drone/drone_control': PYTHONPATH=/home/jstone/Documents/graduation_project/9T/robot_army/src/build/drone_control/prefix_override:/usr/lib/python3/dist-packages/colcon_core/task/python/colcon_distutils_commands:/home/jstone/Documents/graduation_project/9T/robot_army/src/install/drone_control/lib/python3.8/site-packages:${PYTHONPATH} /usr/bin/python3 -W ignore:setup.py install is deprecated setup.py egg_info --egg-base ../../../build/drone_control build --build-base /home/jstone/Documents/graduation_project/9T/robot_army/src/build/drone_control/build install --record /home/jstone/Documents/graduation_project/9T/robot_army/src/build/drone_control/install.log --single-version-externally-managed install_data
[1.378s] running egg_info
[1.379s] creating ../../../build/drone_control/drone_control.egg-info
[1.379s] writing ../../../build/drone_control/drone_control.egg-info/PKG-INFO
[1.379s] writing dependency_links to ../../../build/drone_control/drone_control.egg-info/dependency_links.txt
[1.379s] writing entry points to ../../../build/drone_control/drone_control.egg-info/entry_points.txt
[1.379s] writing requirements to ../../../build/drone_control/drone_control.egg-info/requires.txt
[1.379s] writing top-level names to ../../../build/drone_control/drone_control.egg-info/top_level.txt
[1.381s] writing manifest file '../../../build/drone_control/drone_control.egg-info/SOURCES.txt'
[1.413s] reading manifest file '../../../build/drone_control/drone_control.egg-info/SOURCES.txt'
[1.414s] writing manifest file '../../../build/drone_control/drone_control.egg-info/SOURCES.txt'
[1.414s] running build
[1.414s] running build_py
[1.414s] creating /home/jstone/Documents/graduation_project/9T/robot_army/src/build/drone_control/build
[1.414s] creating /home/jstone/Documents/graduation_project/9T/robot_army/src/build/drone_control/build/lib
[1.414s] creating /home/jstone/Documents/graduation_project/9T/robot_army/src/build/drone_control/build/lib/drone_control
[1.414s] copying drone_control/drone_control.py -> /home/jstone/Documents/graduation_project/9T/robot_army/src/build/drone_control/build/lib/drone_control
[1.414s] copying drone_control/__init__.py -> /home/jstone/Documents/graduation_project/9T/robot_army/src/build/drone_control/build/lib/drone_control
[1.414s] running install
[1.415s] running install_lib
[1.415s] creating /home/jstone/Documents/graduation_project/9T/robot_army/src/install/drone_control/lib/python3.8/site-packages/drone_control
[1.415s] copying /home/jstone/Documents/graduation_project/9T/robot_army/src/build/drone_control/build/lib/drone_control/drone_control.py -> /home/jstone/Documents/graduation_project/9T/robot_army/src/install/drone_control/lib/python3.8/site-packages/drone_control
[1.415s] copying /home/jstone/Documents/graduation_project/9T/robot_army/src/build/drone_control/build/lib/drone_control/__init__.py -> /home/jstone/Documents/graduation_project/9T/robot_army/src/install/drone_control/lib/python3.8/site-packages/drone_control
[1.416s] byte-compiling /home/jstone/Documents/graduation_project/9T/robot_army/src/install/drone_control/lib/python3.8/site-packages/drone_control/drone_control.py to drone_control.cpython-38.pyc
[1.417s] byte-compiling /home/jstone/Documents/graduation_project/9T/robot_army/src/install/drone_control/lib/python3.8/site-packages/drone_control/__init__.py to __init__.cpython-38.pyc
[1.417s] running install_data
[1.417s] creating /home/jstone/Documents/graduation_project/9T/robot_army/src/install/drone_control/share/ament_index
[1.417s] creating /home/jstone/Documents/graduation_project/9T/robot_army/src/install/drone_control/share/ament_index/resource_index
[1.417s] creating /home/jstone/Documents/graduation_project/9T/robot_army/src/install/drone_control/share/ament_index/resource_index/packages
[1.417s] copying resource/drone_control -> /home/jstone/Documents/graduation_project/9T/robot_army/src/install/drone_control/share/ament_index/resource_index/packages
[1.417s] copying package.xml -> /home/jstone/Documents/graduation_project/9T/robot_army/src/install/drone_control/share/drone_control
[1.417s] running install_egg_info
[1.418s] Copying ../../../build/drone_control/drone_control.egg-info to /home/jstone/Documents/graduation_project/9T/robot_army/src/install/drone_control/lib/python3.8/site-packages/drone_control-0.0.0-py3.8.egg-info
[1.419s] running install_scripts
[1.434s] Installing drone_control script to /home/jstone/Documents/graduation_project/9T/robot_army/src/install/drone_control/lib/drone_control
[1.434s] writing list of installed files to '/home/jstone/Documents/graduation_project/9T/robot_army/src/build/drone_control/install.log'
[1.448s] Invoked command in '/home/jstone/Documents/graduation_project/9T/robot_army/src/multiRobotExploration/drone/drone_control' returned '0': PYTHONPATH=/home/jstone/Documents/graduation_project/9T/robot_army/src/build/drone_control/prefix_override:/usr/lib/python3/dist-packages/colcon_core/task/python/colcon_distutils_commands:/home/jstone/Documents/graduation_project/9T/robot_army/src/install/drone_control/lib/python3.8/site-packages:${PYTHONPATH} /usr/bin/python3 -W ignore:setup.py install is deprecated setup.py egg_info --egg-base ../../../build/drone_control build --build-base /home/jstone/Documents/graduation_project/9T/robot_army/src/build/drone_control/build install --record /home/jstone/Documents/graduation_project/9T/robot_army/src/build/drone_control/install.log --single-version-externally-managed install_data
