[0.125s] DEBUG:colcon:Command line arguments: ['/usr/bin/colcon', 'build']
[0.125s] DEBUG:colcon:Parsed command line arguments: Namespace(allow_overriding=[], ament_cmake_args=None, base_paths=['.'], build_base='build', catkin_cmake_args=None, catkin_skip_building_tests=False, cmake_args=None, cmake_clean_cache=False, cmake_clean_first=False, cmake_force_configure=False, cmake_target=None, cmake_target_skip_unavailable=False, continue_on_error=False, event_handlers=None, executor='parallel', ignore_user_meta=False, install_base='install', log_base=None, log_level=None, main=<bound method BuildVerb.main of <colcon_core.verb.build.BuildVerb object at 0x7f4f8184a340>>, merge_install=False, metas=['./colcon.meta'], packages_above=None, packages_above_and_dependencies=None, packages_above_depth=None, packages_end=None, packages_ignore=None, packages_ignore_regex=None, packages_select=None, packages_select_build_failed=False, packages_select_by_dep=None, packages_select_regex=None, packages_select_test_failures=False, packages_skip=None, packages_skip_build_finished=False, packages_skip_by_dep=None, packages_skip_regex=None, packages_skip_test_passed=False, packages_skip_up_to=None, packages_start=None, packages_up_to=None, packages_up_to_regex=None, parallel_workers=16, paths=None, symlink_install=False, test_result_base=None, verb_extension=<colcon_core.verb.build.BuildVerb object at 0x7f4f8184a340>, verb_name='build', verb_parser=<colcon_defaults.argument_parser.defaults.DefaultArgumentsDecorator object at 0x7f4f817d3670>)
[0.227s] Level 1:colcon.colcon_core.package_discovery:discover_packages(colcon_meta) check parameters
[0.227s] Level 1:colcon.colcon_core.package_discovery:discover_packages(recursive) check parameters
[0.227s] Level 1:colcon.colcon_core.package_discovery:discover_packages(ignore) check parameters
[0.227s] Level 1:colcon.colcon_core.package_discovery:discover_packages(path) check parameters
[0.227s] Level 1:colcon.colcon_core.package_discovery:discover_packages(colcon_meta) discover
[0.227s] Level 1:colcon.colcon_core.package_discovery:discover_packages(recursive) discover
[0.227s] INFO:colcon.colcon_core.package_discovery:Crawling recursively for packages in '/home/jstone/Documents/graduation_project/1P/robot_army'
[0.227s] Level 1:colcon.colcon_core.package_identification:_identify(.) by extensions ['ignore', 'ignore_ament_install']
[0.227s] Level 1:colcon.colcon_core.package_identification:_identify(.) by extension 'ignore'
[0.227s] Level 1:colcon.colcon_core.package_identification:_identify(.) by extension 'ignore_ament_install'
[0.227s] Level 1:colcon.colcon_core.package_identification:_identify(.) by extensions ['colcon_pkg']
[0.227s] Level 1:colcon.colcon_core.package_identification:_identify(.) by extension 'colcon_pkg'
[0.228s] Level 1:colcon.colcon_core.package_identification:_identify(.) by extensions ['colcon_meta']
[0.228s] Level 1:colcon.colcon_core.package_identification:_identify(.) by extension 'colcon_meta'
[0.228s] Level 1:colcon.colcon_core.package_identification:_identify(.) by extensions ['ros']
[0.228s] Level 1:colcon.colcon_core.package_identification:_identify(.) by extension 'ros'
[0.234s] Level 1:colcon.colcon_core.package_identification:_identify(.) by extensions ['cmake', 'python']
[0.234s] Level 1:colcon.colcon_core.package_identification:_identify(.) by extension 'cmake'
[0.234s] Level 1:colcon.colcon_core.package_identification:_identify(.) by extension 'python'
[0.234s] Level 1:colcon.colcon_core.package_identification:_identify(.) by extensions ['python_setup_py']
[0.234s] Level 1:colcon.colcon_core.package_identification:_identify(.) by extension 'python_setup_py'
[0.234s] Level 1:colcon.colcon_core.package_identification:_identify(build) by extensions ['ignore', 'ignore_ament_install']
[0.234s] Level 1:colcon.colcon_core.package_identification:_identify(build) by extension 'ignore'
[0.234s] Level 1:colcon.colcon_core.package_identification:_identify(build) ignored
[0.235s] Level 1:colcon.colcon_core.package_identification:_identify(install) by extensions ['ignore', 'ignore_ament_install']
[0.235s] Level 1:colcon.colcon_core.package_identification:_identify(install) by extension 'ignore'
[0.235s] Level 1:colcon.colcon_core.package_identification:_identify(install) ignored
[0.235s] Level 1:colcon.colcon_core.package_identification:_identify(log) by extensions ['ignore', 'ignore_ament_install']
[0.235s] Level 1:colcon.colcon_core.package_identification:_identify(log) by extension 'ignore'
[0.235s] Level 1:colcon.colcon_core.package_identification:_identify(log) ignored
[0.235s] Level 1:colcon.colcon_core.package_identification:_identify(src) by extensions ['ignore', 'ignore_ament_install']
[0.235s] Level 1:colcon.colcon_core.package_identification:_identify(src) by extension 'ignore'
[0.235s] Level 1:colcon.colcon_core.package_identification:_identify(src) by extension 'ignore_ament_install'
[0.235s] Level 1:colcon.colcon_core.package_identification:_identify(src) by extensions ['colcon_pkg']
[0.235s] Level 1:colcon.colcon_core.package_identification:_identify(src) by extension 'colcon_pkg'
[0.235s] Level 1:colcon.colcon_core.package_identification:_identify(src) by extensions ['colcon_meta']
[0.235s] Level 1:colcon.colcon_core.package_identification:_identify(src) by extension 'colcon_meta'
[0.235s] Level 1:colcon.colcon_core.package_identification:_identify(src) by extensions ['ros']
[0.235s] Level 1:colcon.colcon_core.package_identification:_identify(src) by extension 'ros'
[0.235s] Level 1:colcon.colcon_core.package_identification:_identify(src) by extensions ['cmake', 'python']
[0.235s] Level 1:colcon.colcon_core.package_identification:_identify(src) by extension 'cmake'
[0.235s] Level 1:colcon.colcon_core.package_identification:_identify(src) by extension 'python'
[0.235s] Level 1:colcon.colcon_core.package_identification:_identify(src) by extensions ['python_setup_py']
[0.235s] Level 1:colcon.colcon_core.package_identification:_identify(src) by extension 'python_setup_py'
[0.235s] Level 1:colcon.colcon_core.package_identification:_identify(src/drone) by extensions ['ignore', 'ignore_ament_install']
[0.235s] Level 1:colcon.colcon_core.package_identification:_identify(src/drone) by extension 'ignore'
[0.235s] Level 1:colcon.colcon_core.package_identification:_identify(src/drone) by extension 'ignore_ament_install'
[0.235s] Level 1:colcon.colcon_core.package_identification:_identify(src/drone) by extensions ['colcon_pkg']
[0.235s] Level 1:colcon.colcon_core.package_identification:_identify(src/drone) by extension 'colcon_pkg'
[0.235s] Level 1:colcon.colcon_core.package_identification:_identify(src/drone) by extensions ['colcon_meta']
[0.235s] Level 1:colcon.colcon_core.package_identification:_identify(src/drone) by extension 'colcon_meta'
[0.235s] Level 1:colcon.colcon_core.package_identification:_identify(src/drone) by extensions ['ros']
[0.235s] Level 1:colcon.colcon_core.package_identification:_identify(src/drone) by extension 'ros'
[0.235s] Level 1:colcon.colcon_core.package_identification:_identify(src/drone) by extensions ['cmake', 'python']
[0.235s] Level 1:colcon.colcon_core.package_identification:_identify(src/drone) by extension 'cmake'
[0.235s] Level 1:colcon.colcon_core.package_identification:_identify(src/drone) by extension 'python'
[0.235s] Level 1:colcon.colcon_core.package_identification:_identify(src/drone) by extensions ['python_setup_py']
[0.235s] Level 1:colcon.colcon_core.package_identification:_identify(src/drone) by extension 'python_setup_py'
[0.236s] Level 1:colcon.colcon_core.package_identification:_identify(src/drone/drone_control) by extensions ['ignore', 'ignore_ament_install']
[0.236s] Level 1:colcon.colcon_core.package_identification:_identify(src/drone/drone_control) by extension 'ignore'
[0.236s] Level 1:colcon.colcon_core.package_identification:_identify(src/drone/drone_control) by extension 'ignore_ament_install'
[0.236s] Level 1:colcon.colcon_core.package_identification:_identify(src/drone/drone_control) by extensions ['colcon_pkg']
[0.236s] Level 1:colcon.colcon_core.package_identification:_identify(src/drone/drone_control) by extension 'colcon_pkg'
[0.236s] Level 1:colcon.colcon_core.package_identification:_identify(src/drone/drone_control) by extensions ['colcon_meta']
[0.236s] Level 1:colcon.colcon_core.package_identification:_identify(src/drone/drone_control) by extension 'colcon_meta'
[0.236s] Level 1:colcon.colcon_core.package_identification:_identify(src/drone/drone_control) by extensions ['ros']
[0.236s] Level 1:colcon.colcon_core.package_identification:_identify(src/drone/drone_control) by extension 'ros'
[0.237s] DEBUG:colcon.colcon_core.package_identification:Package 'src/drone/drone_control' with type 'ros.ament_python' and name 'drone_control'
[0.237s] Level 1:colcon.colcon_core.package_identification:_identify(src/drone/sjtu_drone_bringup) by extensions ['ignore', 'ignore_ament_install']
[0.237s] Level 1:colcon.colcon_core.package_identification:_identify(src/drone/sjtu_drone_bringup) by extension 'ignore'
[0.237s] Level 1:colcon.colcon_core.package_identification:_identify(src/drone/sjtu_drone_bringup) by extension 'ignore_ament_install'
[0.237s] Level 1:colcon.colcon_core.package_identification:_identify(src/drone/sjtu_drone_bringup) by extensions ['colcon_pkg']
[0.237s] Level 1:colcon.colcon_core.package_identification:_identify(src/drone/sjtu_drone_bringup) by extension 'colcon_pkg'
[0.238s] Level 1:colcon.colcon_core.package_identification:_identify(src/drone/sjtu_drone_bringup) by extensions ['colcon_meta']
[0.238s] Level 1:colcon.colcon_core.package_identification:_identify(src/drone/sjtu_drone_bringup) by extension 'colcon_meta'
[0.238s] Level 1:colcon.colcon_core.package_identification:_identify(src/drone/sjtu_drone_bringup) by extensions ['ros']
[0.238s] Level 1:colcon.colcon_core.package_identification:_identify(src/drone/sjtu_drone_bringup) by extension 'ros'
[0.238s] DEBUG:colcon.colcon_core.package_identification:Package 'src/drone/sjtu_drone_bringup' with type 'ros.ament_python' and name 'sjtu_drone_bringup'
[0.238s] Level 1:colcon.colcon_core.package_identification:_identify(src/drone/sjtu_drone_description) by extensions ['ignore', 'ignore_ament_install']
[0.238s] Level 1:colcon.colcon_core.package_identification:_identify(src/drone/sjtu_drone_description) by extension 'ignore'
[0.238s] Level 1:colcon.colcon_core.package_identification:_identify(src/drone/sjtu_drone_description) by extension 'ignore_ament_install'
[0.238s] Level 1:colcon.colcon_core.package_identification:_identify(src/drone/sjtu_drone_description) by extensions ['colcon_pkg']
[0.238s] Level 1:colcon.colcon_core.package_identification:_identify(src/drone/sjtu_drone_description) by extension 'colcon_pkg'
[0.239s] Level 1:colcon.colcon_core.package_identification:_identify(src/drone/sjtu_drone_description) by extensions ['colcon_meta']
[0.239s] Level 1:colcon.colcon_core.package_identification:_identify(src/drone/sjtu_drone_description) by extension 'colcon_meta'
[0.239s] Level 1:colcon.colcon_core.package_identification:_identify(src/drone/sjtu_drone_description) by extensions ['ros']
[0.239s] Level 1:colcon.colcon_core.package_identification:_identify(src/drone/sjtu_drone_description) by extension 'ros'
[0.239s] DEBUG:colcon.colcon_core.package_identification:Package 'src/drone/sjtu_drone_description' with type 'ros.ament_cmake' and name 'sjtu_drone_description'
[0.239s] Level 1:colcon.colcon_core.package_identification:_identify(src/merge_map) by extensions ['ignore', 'ignore_ament_install']
[0.239s] Level 1:colcon.colcon_core.package_identification:_identify(src/merge_map) by extension 'ignore'
[0.239s] Level 1:colcon.colcon_core.package_identification:_identify(src/merge_map) by extension 'ignore_ament_install'
[0.239s] Level 1:colcon.colcon_core.package_identification:_identify(src/merge_map) by extensions ['colcon_pkg']
[0.239s] Level 1:colcon.colcon_core.package_identification:_identify(src/merge_map) by extension 'colcon_pkg'
[0.239s] Level 1:colcon.colcon_core.package_identification:_identify(src/merge_map) by extensions ['colcon_meta']
[0.239s] Level 1:colcon.colcon_core.package_identification:_identify(src/merge_map) by extension 'colcon_meta'
[0.239s] Level 1:colcon.colcon_core.package_identification:_identify(src/merge_map) by extensions ['ros']
[0.240s] Level 1:colcon.colcon_core.package_identification:_identify(src/merge_map) by extension 'ros'
[0.240s] DEBUG:colcon.colcon_core.package_identification:Package 'src/merge_map' with type 'ros.ament_python' and name 'merge_map'
[0.240s] Level 1:colcon.colcon_core.package_identification:_identify(src/multi_robot_exploration) by extensions ['ignore', 'ignore_ament_install']
[0.240s] Level 1:colcon.colcon_core.package_identification:_identify(src/multi_robot_exploration) by extension 'ignore'
[0.240s] Level 1:colcon.colcon_core.package_identification:_identify(src/multi_robot_exploration) by extension 'ignore_ament_install'
[0.240s] Level 1:colcon.colcon_core.package_identification:_identify(src/multi_robot_exploration) by extensions ['colcon_pkg']
[0.240s] Level 1:colcon.colcon_core.package_identification:_identify(src/multi_robot_exploration) by extension 'colcon_pkg'
[0.240s] Level 1:colcon.colcon_core.package_identification:_identify(src/multi_robot_exploration) by extensions ['colcon_meta']
[0.240s] Level 1:colcon.colcon_core.package_identification:_identify(src/multi_robot_exploration) by extension 'colcon_meta'
[0.240s] Level 1:colcon.colcon_core.package_identification:_identify(src/multi_robot_exploration) by extensions ['ros']
[0.240s] Level 1:colcon.colcon_core.package_identification:_identify(src/multi_robot_exploration) by extension 'ros'
[0.240s] DEBUG:colcon.colcon_core.package_identification:Package 'src/multi_robot_exploration' with type 'ros.ament_python' and name 'multi_robot_exploration'
[0.240s] Level 1:colcon.colcon_core.package_identification:_identify(src/path_follow) by extensions ['ignore', 'ignore_ament_install']
[0.241s] Level 1:colcon.colcon_core.package_identification:_identify(src/path_follow) by extension 'ignore'
[0.241s] Level 1:colcon.colcon_core.package_identification:_identify(src/path_follow) by extension 'ignore_ament_install'
[0.241s] Level 1:colcon.colcon_core.package_identification:_identify(src/path_follow) by extensions ['colcon_pkg']
[0.241s] Level 1:colcon.colcon_core.package_identification:_identify(src/path_follow) by extension 'colcon_pkg'
[0.241s] Level 1:colcon.colcon_core.package_identification:_identify(src/path_follow) by extensions ['colcon_meta']
[0.241s] Level 1:colcon.colcon_core.package_identification:_identify(src/path_follow) by extension 'colcon_meta'
[0.241s] Level 1:colcon.colcon_core.package_identification:_identify(src/path_follow) by extensions ['ros']
[0.241s] Level 1:colcon.colcon_core.package_identification:_identify(src/path_follow) by extension 'ros'
[0.241s] DEBUG:colcon.colcon_core.package_identification:Package 'src/path_follow' with type 'ros.ament_python' and name 'path_follow'
[0.241s] Level 1:colcon.colcon_core.package_identification:_identify(src/turtlebot3_gazebo) by extensions ['ignore', 'ignore_ament_install']
[0.241s] Level 1:colcon.colcon_core.package_identification:_identify(src/turtlebot3_gazebo) by extension 'ignore'
[0.241s] Level 1:colcon.colcon_core.package_identification:_identify(src/turtlebot3_gazebo) by extension 'ignore_ament_install'
[0.241s] Level 1:colcon.colcon_core.package_identification:_identify(src/turtlebot3_gazebo) by extensions ['colcon_pkg']
[0.241s] Level 1:colcon.colcon_core.package_identification:_identify(src/turtlebot3_gazebo) by extension 'colcon_pkg'
[0.241s] Level 1:colcon.colcon_core.package_identification:_identify(src/turtlebot3_gazebo) by extensions ['colcon_meta']
[0.241s] Level 1:colcon.colcon_core.package_identification:_identify(src/turtlebot3_gazebo) by extension 'colcon_meta'
[0.241s] Level 1:colcon.colcon_core.package_identification:_identify(src/turtlebot3_gazebo) by extensions ['ros']
[0.241s] Level 1:colcon.colcon_core.package_identification:_identify(src/turtlebot3_gazebo) by extension 'ros'
[0.242s] DEBUG:colcon.colcon_core.package_identification:Package 'src/turtlebot3_gazebo' with type 'ros.ament_cmake' and name 'turtlebot3_gazebo'
[0.242s] Level 1:colcon.colcon_core.package_discovery:discover_packages(recursive) using defaults
[0.242s] Level 1:colcon.colcon_core.package_discovery:discover_packages(ignore) discover
[0.242s] Level 1:colcon.colcon_core.package_discovery:discover_packages(ignore) using defaults
[0.242s] Level 1:colcon.colcon_core.package_discovery:discover_packages(path) discover
[0.242s] Level 1:colcon.colcon_core.package_discovery:discover_packages(path) using defaults
[0.252s] Level 1:colcon.colcon_core.package_discovery:discover_packages(prefix_path) check parameters
[0.252s] Level 1:colcon.colcon_core.package_discovery:discover_packages(prefix_path) discover
[0.253s] DEBUG:colcon.colcon_installed_package_information.package_discovery:Found 7 installed packages in /home/jstone/Documents/graduation_project/1P/robot_army/install
[0.254s] DEBUG:colcon.colcon_installed_package_information.package_discovery:Found 335 installed packages in /opt/ros/galactic
[0.260s] Level 1:colcon.colcon_core.package_discovery:discover_packages(prefix_path) using defaults
[0.301s] Level 5:colcon.colcon_core.verb:set package 'drone_control' build argument 'cmake_args' from command line to 'None'
[0.301s] Level 5:colcon.colcon_core.verb:set package 'drone_control' build argument 'cmake_target' from command line to 'None'
[0.301s] Level 5:colcon.colcon_core.verb:set package 'drone_control' build argument 'cmake_target_skip_unavailable' from command line to 'False'
[0.301s] Level 5:colcon.colcon_core.verb:set package 'drone_control' build argument 'cmake_clean_cache' from command line to 'False'
[0.301s] Level 5:colcon.colcon_core.verb:set package 'drone_control' build argument 'cmake_clean_first' from command line to 'False'
[0.301s] Level 5:colcon.colcon_core.verb:set package 'drone_control' build argument 'cmake_force_configure' from command line to 'False'
[0.301s] Level 5:colcon.colcon_core.verb:set package 'drone_control' build argument 'ament_cmake_args' from command line to 'None'
[0.301s] Level 5:colcon.colcon_core.verb:set package 'drone_control' build argument 'catkin_cmake_args' from command line to 'None'
[0.301s] Level 5:colcon.colcon_core.verb:set package 'drone_control' build argument 'catkin_skip_building_tests' from command line to 'False'
[0.301s] DEBUG:colcon.colcon_core.verb:Building package 'drone_control' with the following arguments: {'ament_cmake_args': None, 'build_base': '/home/jstone/Documents/graduation_project/1P/robot_army/build/drone_control', 'catkin_cmake_args': None, 'catkin_skip_building_tests': False, 'cmake_args': None, 'cmake_clean_cache': False, 'cmake_clean_first': False, 'cmake_force_configure': False, 'cmake_target': None, 'cmake_target_skip_unavailable': False, 'install_base': '/home/jstone/Documents/graduation_project/1P/robot_army/install/drone_control', 'merge_install': False, 'path': '/home/jstone/Documents/graduation_project/1P/robot_army/src/drone/drone_control', 'symlink_install': False, 'test_result_base': None}
[0.301s] Level 5:colcon.colcon_core.verb:set package 'merge_map' build argument 'cmake_args' from command line to 'None'
[0.301s] Level 5:colcon.colcon_core.verb:set package 'merge_map' build argument 'cmake_target' from command line to 'None'
[0.301s] Level 5:colcon.colcon_core.verb:set package 'merge_map' build argument 'cmake_target_skip_unavailable' from command line to 'False'
[0.301s] Level 5:colcon.colcon_core.verb:set package 'merge_map' build argument 'cmake_clean_cache' from command line to 'False'
[0.301s] Level 5:colcon.colcon_core.verb:set package 'merge_map' build argument 'cmake_clean_first' from command line to 'False'
[0.301s] Level 5:colcon.colcon_core.verb:set package 'merge_map' build argument 'cmake_force_configure' from command line to 'False'
[0.301s] Level 5:colcon.colcon_core.verb:set package 'merge_map' build argument 'ament_cmake_args' from command line to 'None'
[0.301s] Level 5:colcon.colcon_core.verb:set package 'merge_map' build argument 'catkin_cmake_args' from command line to 'None'
[0.301s] Level 5:colcon.colcon_core.verb:set package 'merge_map' build argument 'catkin_skip_building_tests' from command line to 'False'
[0.301s] DEBUG:colcon.colcon_core.verb:Building package 'merge_map' with the following arguments: {'ament_cmake_args': None, 'build_base': '/home/jstone/Documents/graduation_project/1P/robot_army/build/merge_map', 'catkin_cmake_args': None, 'catkin_skip_building_tests': False, 'cmake_args': None, 'cmake_clean_cache': False, 'cmake_clean_first': False, 'cmake_force_configure': False, 'cmake_target': None, 'cmake_target_skip_unavailable': False, 'install_base': '/home/jstone/Documents/graduation_project/1P/robot_army/install/merge_map', 'merge_install': False, 'path': '/home/jstone/Documents/graduation_project/1P/robot_army/src/merge_map', 'symlink_install': False, 'test_result_base': None}
[0.301s] Level 5:colcon.colcon_core.verb:set package 'multi_robot_exploration' build argument 'cmake_args' from command line to 'None'
[0.301s] Level 5:colcon.colcon_core.verb:set package 'multi_robot_exploration' build argument 'cmake_target' from command line to 'None'
[0.302s] Level 5:colcon.colcon_core.verb:set package 'multi_robot_exploration' build argument 'cmake_target_skip_unavailable' from command line to 'False'
[0.302s] Level 5:colcon.colcon_core.verb:set package 'multi_robot_exploration' build argument 'cmake_clean_cache' from command line to 'False'
[0.302s] Level 5:colcon.colcon_core.verb:set package 'multi_robot_exploration' build argument 'cmake_clean_first' from command line to 'False'
[0.302s] Level 5:colcon.colcon_core.verb:set package 'multi_robot_exploration' build argument 'cmake_force_configure' from command line to 'False'
[0.302s] Level 5:colcon.colcon_core.verb:set package 'multi_robot_exploration' build argument 'ament_cmake_args' from command line to 'None'
[0.302s] Level 5:colcon.colcon_core.verb:set package 'multi_robot_exploration' build argument 'catkin_cmake_args' from command line to 'None'
[0.302s] Level 5:colcon.colcon_core.verb:set package 'multi_robot_exploration' build argument 'catkin_skip_building_tests' from command line to 'False'
[0.302s] DEBUG:colcon.colcon_core.verb:Building package 'multi_robot_exploration' with the following arguments: {'ament_cmake_args': None, 'build_base': '/home/jstone/Documents/graduation_project/1P/robot_army/build/multi_robot_exploration', 'catkin_cmake_args': None, 'catkin_skip_building_tests': False, 'cmake_args': None, 'cmake_clean_cache': False, 'cmake_clean_first': False, 'cmake_force_configure': False, 'cmake_target': None, 'cmake_target_skip_unavailable': False, 'install_base': '/home/jstone/Documents/graduation_project/1P/robot_army/install/multi_robot_exploration', 'merge_install': False, 'path': '/home/jstone/Documents/graduation_project/1P/robot_army/src/multi_robot_exploration', 'symlink_install': False, 'test_result_base': None}
[0.302s] Level 5:colcon.colcon_core.verb:set package 'path_follow' build argument 'cmake_args' from command line to 'None'
[0.302s] Level 5:colcon.colcon_core.verb:set package 'path_follow' build argument 'cmake_target' from command line to 'None'
[0.302s] Level 5:colcon.colcon_core.verb:set package 'path_follow' build argument 'cmake_target_skip_unavailable' from command line to 'False'
[0.302s] Level 5:colcon.colcon_core.verb:set package 'path_follow' build argument 'cmake_clean_cache' from command line to 'False'
[0.302s] Level 5:colcon.colcon_core.verb:set package 'path_follow' build argument 'cmake_clean_first' from command line to 'False'
[0.302s] Level 5:colcon.colcon_core.verb:set package 'path_follow' build argument 'cmake_force_configure' from command line to 'False'
[0.302s] Level 5:colcon.colcon_core.verb:set package 'path_follow' build argument 'ament_cmake_args' from command line to 'None'
[0.302s] Level 5:colcon.colcon_core.verb:set package 'path_follow' build argument 'catkin_cmake_args' from command line to 'None'
[0.302s] Level 5:colcon.colcon_core.verb:set package 'path_follow' build argument 'catkin_skip_building_tests' from command line to 'False'
[0.302s] DEBUG:colcon.colcon_core.verb:Building package 'path_follow' with the following arguments: {'ament_cmake_args': None, 'build_base': '/home/jstone/Documents/graduation_project/1P/robot_army/build/path_follow', 'catkin_cmake_args': None, 'catkin_skip_building_tests': False, 'cmake_args': None, 'cmake_clean_cache': False, 'cmake_clean_first': False, 'cmake_force_configure': False, 'cmake_target': None, 'cmake_target_skip_unavailable': False, 'install_base': '/home/jstone/Documents/graduation_project/1P/robot_army/install/path_follow', 'merge_install': False, 'path': '/home/jstone/Documents/graduation_project/1P/robot_army/src/path_follow', 'symlink_install': False, 'test_result_base': None}
[0.302s] Level 5:colcon.colcon_core.verb:set package 'sjtu_drone_bringup' build argument 'cmake_args' from command line to 'None'
[0.302s] Level 5:colcon.colcon_core.verb:set package 'sjtu_drone_bringup' build argument 'cmake_target' from command line to 'None'
[0.302s] Level 5:colcon.colcon_core.verb:set package 'sjtu_drone_bringup' build argument 'cmake_target_skip_unavailable' from command line to 'False'
[0.302s] Level 5:colcon.colcon_core.verb:set package 'sjtu_drone_bringup' build argument 'cmake_clean_cache' from command line to 'False'
[0.302s] Level 5:colcon.colcon_core.verb:set package 'sjtu_drone_bringup' build argument 'cmake_clean_first' from command line to 'False'
[0.302s] Level 5:colcon.colcon_core.verb:set package 'sjtu_drone_bringup' build argument 'cmake_force_configure' from command line to 'False'
[0.302s] Level 5:colcon.colcon_core.verb:set package 'sjtu_drone_bringup' build argument 'ament_cmake_args' from command line to 'None'
[0.302s] Level 5:colcon.colcon_core.verb:set package 'sjtu_drone_bringup' build argument 'catkin_cmake_args' from command line to 'None'
[0.302s] Level 5:colcon.colcon_core.verb:set package 'sjtu_drone_bringup' build argument 'catkin_skip_building_tests' from command line to 'False'
[0.302s] DEBUG:colcon.colcon_core.verb:Building package 'sjtu_drone_bringup' with the following arguments: {'ament_cmake_args': None, 'build_base': '/home/jstone/Documents/graduation_project/1P/robot_army/build/sjtu_drone_bringup', 'catkin_cmake_args': None, 'catkin_skip_building_tests': False, 'cmake_args': None, 'cmake_clean_cache': False, 'cmake_clean_first': False, 'cmake_force_configure': False, 'cmake_target': None, 'cmake_target_skip_unavailable': False, 'install_base': '/home/jstone/Documents/graduation_project/1P/robot_army/install/sjtu_drone_bringup', 'merge_install': False, 'path': '/home/jstone/Documents/graduation_project/1P/robot_army/src/drone/sjtu_drone_bringup', 'symlink_install': False, 'test_result_base': None}
[0.302s] Level 5:colcon.colcon_core.verb:set package 'sjtu_drone_description' build argument 'cmake_args' from command line to 'None'
[0.302s] Level 5:colcon.colcon_core.verb:set package 'sjtu_drone_description' build argument 'cmake_target' from command line to 'None'
[0.302s] Level 5:colcon.colcon_core.verb:set package 'sjtu_drone_description' build argument 'cmake_target_skip_unavailable' from command line to 'False'
[0.302s] Level 5:colcon.colcon_core.verb:set package 'sjtu_drone_description' build argument 'cmake_clean_cache' from command line to 'False'
[0.302s] Level 5:colcon.colcon_core.verb:set package 'sjtu_drone_description' build argument 'cmake_clean_first' from command line to 'False'
[0.302s] Level 5:colcon.colcon_core.verb:set package 'sjtu_drone_description' build argument 'cmake_force_configure' from command line to 'False'
[0.303s] Level 5:colcon.colcon_core.verb:set package 'sjtu_drone_description' build argument 'ament_cmake_args' from command line to 'None'
[0.303s] Level 5:colcon.colcon_core.verb:set package 'sjtu_drone_description' build argument 'catkin_cmake_args' from command line to 'None'
[0.303s] Level 5:colcon.colcon_core.verb:set package 'sjtu_drone_description' build argument 'catkin_skip_building_tests' from command line to 'False'
[0.303s] DEBUG:colcon.colcon_core.verb:Building package 'sjtu_drone_description' with the following arguments: {'ament_cmake_args': None, 'build_base': '/home/jstone/Documents/graduation_project/1P/robot_army/build/sjtu_drone_description', 'catkin_cmake_args': None, 'catkin_skip_building_tests': False, 'cmake_args': None, 'cmake_clean_cache': False, 'cmake_clean_first': False, 'cmake_force_configure': False, 'cmake_target': None, 'cmake_target_skip_unavailable': False, 'install_base': '/home/jstone/Documents/graduation_project/1P/robot_army/install/sjtu_drone_description', 'merge_install': False, 'path': '/home/jstone/Documents/graduation_project/1P/robot_army/src/drone/sjtu_drone_description', 'symlink_install': False, 'test_result_base': None}
[0.303s] Level 5:colcon.colcon_core.verb:set package 'turtlebot3_gazebo' build argument 'cmake_args' from command line to 'None'
[0.303s] Level 5:colcon.colcon_core.verb:set package 'turtlebot3_gazebo' build argument 'cmake_target' from command line to 'None'
[0.303s] Level 5:colcon.colcon_core.verb:set package 'turtlebot3_gazebo' build argument 'cmake_target_skip_unavailable' from command line to 'False'
[0.303s] Level 5:colcon.colcon_core.verb:set package 'turtlebot3_gazebo' build argument 'cmake_clean_cache' from command line to 'False'
[0.303s] Level 5:colcon.colcon_core.verb:set package 'turtlebot3_gazebo' build argument 'cmake_clean_first' from command line to 'False'
[0.303s] Level 5:colcon.colcon_core.verb:set package 'turtlebot3_gazebo' build argument 'cmake_force_configure' from command line to 'False'
[0.303s] Level 5:colcon.colcon_core.verb:set package 'turtlebot3_gazebo' build argument 'ament_cmake_args' from command line to 'None'
[0.303s] Level 5:colcon.colcon_core.verb:set package 'turtlebot3_gazebo' build argument 'catkin_cmake_args' from command line to 'None'
[0.303s] Level 5:colcon.colcon_core.verb:set package 'turtlebot3_gazebo' build argument 'catkin_skip_building_tests' from command line to 'False'
[0.303s] DEBUG:colcon.colcon_core.verb:Building package 'turtlebot3_gazebo' with the following arguments: {'ament_cmake_args': None, 'build_base': '/home/jstone/Documents/graduation_project/1P/robot_army/build/turtlebot3_gazebo', 'catkin_cmake_args': None, 'catkin_skip_building_tests': False, 'cmake_args': None, 'cmake_clean_cache': False, 'cmake_clean_first': False, 'cmake_force_configure': False, 'cmake_target': None, 'cmake_target_skip_unavailable': False, 'install_base': '/home/jstone/Documents/graduation_project/1P/robot_army/install/turtlebot3_gazebo', 'merge_install': False, 'path': '/home/jstone/Documents/graduation_project/1P/robot_army/src/turtlebot3_gazebo', 'symlink_install': False, 'test_result_base': None}
[0.303s] INFO:colcon.colcon_core.executor:Executing jobs using 'parallel' executor
[0.304s] DEBUG:colcon.colcon_parallel_executor.executor.parallel:run_until_complete
[0.304s] INFO:colcon.colcon_ros.task.ament_python.build:Building ROS package in '/home/jstone/Documents/graduation_project/1P/robot_army/src/drone/drone_control' with build type 'ament_python'
[0.304s] Level 1:colcon.colcon_core.shell:create_environment_hook('drone_control', 'ament_prefix_path')
[0.305s] INFO:colcon.colcon_core.plugin_system:Skipping extension 'colcon_core.shell.bat': Not used on non-Windows systems
[0.305s] INFO:colcon.colcon_core.shell:Creating environment hook '/home/jstone/Documents/graduation_project/1P/robot_army/install/drone_control/share/drone_control/hook/ament_prefix_path.ps1'
[0.306s] INFO:colcon.colcon_core.shell:Creating environment descriptor '/home/jstone/Documents/graduation_project/1P/robot_army/install/drone_control/share/drone_control/hook/ament_prefix_path.dsv'
[0.306s] INFO:colcon.colcon_core.shell:Creating environment hook '/home/jstone/Documents/graduation_project/1P/robot_army/install/drone_control/share/drone_control/hook/ament_prefix_path.sh'
[0.306s] INFO:colcon.colcon_core.shell:Skip shell extension 'powershell' for command environment: Not usable outside of PowerShell
[0.307s] DEBUG:colcon.colcon_core.shell:Skip shell extension 'dsv' for command environment
[0.310s] INFO:colcon.colcon_ros.task.ament_python.build:Building ROS package in '/home/jstone/Documents/graduation_project/1P/robot_army/src/merge_map' with build type 'ament_python'
[0.310s] Level 1:colcon.colcon_core.shell:create_environment_hook('merge_map', 'ament_prefix_path')
[0.310s] INFO:colcon.colcon_core.shell:Creating environment hook '/home/jstone/Documents/graduation_project/1P/robot_army/install/merge_map/share/merge_map/hook/ament_prefix_path.ps1'
[0.311s] INFO:colcon.colcon_core.shell:Creating environment descriptor '/home/jstone/Documents/graduation_project/1P/robot_army/install/merge_map/share/merge_map/hook/ament_prefix_path.dsv'
[0.311s] INFO:colcon.colcon_core.shell:Creating environment hook '/home/jstone/Documents/graduation_project/1P/robot_army/install/merge_map/share/merge_map/hook/ament_prefix_path.sh'
[0.312s] INFO:colcon.colcon_core.shell:Skip shell extension 'powershell' for command environment: Not usable outside of PowerShell
[0.312s] DEBUG:colcon.colcon_core.shell:Skip shell extension 'dsv' for command environment
[0.315s] INFO:colcon.colcon_ros.task.ament_python.build:Building ROS package in '/home/jstone/Documents/graduation_project/1P/robot_army/src/multi_robot_exploration' with build type 'ament_python'
[0.315s] Level 1:colcon.colcon_core.shell:create_environment_hook('multi_robot_exploration', 'ament_prefix_path')
[0.315s] INFO:colcon.colcon_core.shell:Creating environment hook '/home/jstone/Documents/graduation_project/1P/robot_army/install/multi_robot_exploration/share/multi_robot_exploration/hook/ament_prefix_path.ps1'
[0.316s] INFO:colcon.colcon_core.shell:Creating environment descriptor '/home/jstone/Documents/graduation_project/1P/robot_army/install/multi_robot_exploration/share/multi_robot_exploration/hook/ament_prefix_path.dsv'
[0.316s] INFO:colcon.colcon_core.shell:Creating environment hook '/home/jstone/Documents/graduation_project/1P/robot_army/install/multi_robot_exploration/share/multi_robot_exploration/hook/ament_prefix_path.sh'
[0.316s] INFO:colcon.colcon_core.shell:Skip shell extension 'powershell' for command environment: Not usable outside of PowerShell
[0.316s] DEBUG:colcon.colcon_core.shell:Skip shell extension 'dsv' for command environment
[0.319s] INFO:colcon.colcon_ros.task.ament_python.build:Building ROS package in '/home/jstone/Documents/graduation_project/1P/robot_army/src/path_follow' with build type 'ament_python'
[0.319s] Level 1:colcon.colcon_core.shell:create_environment_hook('path_follow', 'ament_prefix_path')
[0.319s] INFO:colcon.colcon_core.shell:Creating environment hook '/home/jstone/Documents/graduation_project/1P/robot_army/install/path_follow/share/path_follow/hook/ament_prefix_path.ps1'
[0.320s] INFO:colcon.colcon_core.shell:Creating environment descriptor '/home/jstone/Documents/graduation_project/1P/robot_army/install/path_follow/share/path_follow/hook/ament_prefix_path.dsv'
[0.320s] INFO:colcon.colcon_core.shell:Creating environment hook '/home/jstone/Documents/graduation_project/1P/robot_army/install/path_follow/share/path_follow/hook/ament_prefix_path.sh'
[0.321s] INFO:colcon.colcon_core.shell:Skip shell extension 'powershell' for command environment: Not usable outside of PowerShell
[0.321s] DEBUG:colcon.colcon_core.shell:Skip shell extension 'dsv' for command environment
[0.323s] INFO:colcon.colcon_ros.task.ament_python.build:Building ROS package in '/home/jstone/Documents/graduation_project/1P/robot_army/src/drone/sjtu_drone_bringup' with build type 'ament_python'
[0.324s] Level 1:colcon.colcon_core.shell:create_environment_hook('sjtu_drone_bringup', 'ament_prefix_path')
[0.324s] INFO:colcon.colcon_core.shell:Creating environment hook '/home/jstone/Documents/graduation_project/1P/robot_army/install/sjtu_drone_bringup/share/sjtu_drone_bringup/hook/ament_prefix_path.ps1'
[0.324s] INFO:colcon.colcon_core.shell:Creating environment descriptor '/home/jstone/Documents/graduation_project/1P/robot_army/install/sjtu_drone_bringup/share/sjtu_drone_bringup/hook/ament_prefix_path.dsv'
[0.325s] INFO:colcon.colcon_core.shell:Creating environment hook '/home/jstone/Documents/graduation_project/1P/robot_army/install/sjtu_drone_bringup/share/sjtu_drone_bringup/hook/ament_prefix_path.sh'
[0.325s] INFO:colcon.colcon_core.shell:Skip shell extension 'powershell' for command environment: Not usable outside of PowerShell
[0.325s] DEBUG:colcon.colcon_core.shell:Skip shell extension 'dsv' for command environment
[0.328s] INFO:colcon.colcon_ros.task.ament_cmake.build:Building ROS package in '/home/jstone/Documents/graduation_project/1P/robot_army/src/drone/sjtu_drone_description' with build type 'ament_cmake'
[0.328s] INFO:colcon.colcon_cmake.task.cmake.build:Building CMake package in '/home/jstone/Documents/graduation_project/1P/robot_army/src/drone/sjtu_drone_description'
[0.328s] INFO:colcon.colcon_core.shell:Skip shell extension 'powershell' for command environment: Not usable outside of PowerShell
[0.328s] DEBUG:colcon.colcon_core.shell:Skip shell extension 'dsv' for command environment
[0.331s] INFO:colcon.colcon_ros.task.ament_cmake.build:Building ROS package in '/home/jstone/Documents/graduation_project/1P/robot_army/src/turtlebot3_gazebo' with build type 'ament_cmake'
[0.331s] INFO:colcon.colcon_cmake.task.cmake.build:Building CMake package in '/home/jstone/Documents/graduation_project/1P/robot_army/src/turtlebot3_gazebo'
[0.331s] INFO:colcon.colcon_core.shell:Skip shell extension 'powershell' for command environment: Not usable outside of PowerShell
[0.331s] DEBUG:colcon.colcon_core.shell:Skip shell extension 'dsv' for command environment
[0.479s] INFO:colcon.colcon_core.task.python.build:Building Python package in '/home/jstone/Documents/graduation_project/1P/robot_army/src/drone/drone_control'
[0.480s] INFO:colcon.colcon_core.shell:Skip shell extension 'powershell' for command environment: Not usable outside of PowerShell
[0.480s] DEBUG:colcon.colcon_core.shell:Skip shell extension 'dsv' for command environment
[0.624s] INFO:colcon.colcon_core.task.python.build:Building Python package in '/home/jstone/Documents/graduation_project/1P/robot_army/src/merge_map'
[0.624s] INFO:colcon.colcon_core.shell:Skip shell extension 'powershell' for command environment: Not usable outside of PowerShell
[0.624s] DEBUG:colcon.colcon_core.shell:Skip shell extension 'dsv' for command environment
[0.778s] INFO:colcon.colcon_core.task.python.build:Building Python package in '/home/jstone/Documents/graduation_project/1P/robot_army/src/multi_robot_exploration'
[0.778s] INFO:colcon.colcon_core.shell:Skip shell extension 'powershell' for command environment: Not usable outside of PowerShell
[0.778s] DEBUG:colcon.colcon_core.shell:Skip shell extension 'dsv' for command environment
[0.929s] INFO:colcon.colcon_core.task.python.build:Building Python package in '/home/jstone/Documents/graduation_project/1P/robot_army/src/path_follow'
[0.929s] INFO:colcon.colcon_core.shell:Skip shell extension 'powershell' for command environment: Not usable outside of PowerShell
[0.930s] DEBUG:colcon.colcon_core.shell:Skip shell extension 'dsv' for command environment
[1.077s] INFO:colcon.colcon_core.task.python.build:Building Python package in '/home/jstone/Documents/graduation_project/1P/robot_army/src/drone/sjtu_drone_bringup'
[1.077s] INFO:colcon.colcon_core.shell:Skip shell extension 'powershell' for command environment: Not usable outside of PowerShell
[1.077s] DEBUG:colcon.colcon_core.shell:Skip shell extension 'dsv' for command environment
[1.085s] DEBUG:colcon.colcon_core.event_handler.log_command:Invoking command in '/home/jstone/Documents/graduation_project/1P/robot_army/build/sjtu_drone_description': CMAKE_PREFIX_PATH=${CMAKE_PREFIX_PATH}:/home/jstone/Documents/graduation_project/1P/robot_army/install/sjtu_drone_bringup:/home/jstone/Documents/graduation_project/1P/robot_army/install/path_follow:/home/jstone/Documents/graduation_project/1P/robot_army/install/multi_robot_exploration:/home/jstone/Documents/graduation_project/1P/robot_army/install/merge_map:/home/jstone/Documents/graduation_project/1P/robot_army/install/drone_control:/opt/ros/galactic /usr/bin/cmake --build /home/jstone/Documents/graduation_project/1P/robot_army/build/sjtu_drone_description -- -j16 -l16
[1.088s] DEBUG:colcon.colcon_core.event_handler.log_command:Invoking command in '/home/jstone/Documents/graduation_project/1P/robot_army/build/turtlebot3_gazebo': CMAKE_PREFIX_PATH=${CMAKE_PREFIX_PATH}:/home/jstone/Documents/graduation_project/1P/robot_army/install/sjtu_drone_bringup:/home/jstone/Documents/graduation_project/1P/robot_army/install/path_follow:/home/jstone/Documents/graduation_project/1P/robot_army/install/multi_robot_exploration:/home/jstone/Documents/graduation_project/1P/robot_army/install/merge_map:/home/jstone/Documents/graduation_project/1P/robot_army/install/drone_control:/opt/ros/galactic /usr/bin/cmake --build /home/jstone/Documents/graduation_project/1P/robot_army/build/turtlebot3_gazebo -- -j16 -l16
[1.146s] DEBUG:colcon.colcon_core.event_handler.log_command:Invoked command in '/home/jstone/Documents/graduation_project/1P/robot_army/build/sjtu_drone_description' returned '0': CMAKE_PREFIX_PATH=${CMAKE_PREFIX_PATH}:/home/jstone/Documents/graduation_project/1P/robot_army/install/sjtu_drone_bringup:/home/jstone/Documents/graduation_project/1P/robot_army/install/path_follow:/home/jstone/Documents/graduation_project/1P/robot_army/install/multi_robot_exploration:/home/jstone/Documents/graduation_project/1P/robot_army/install/merge_map:/home/jstone/Documents/graduation_project/1P/robot_army/install/drone_control:/opt/ros/galactic /usr/bin/cmake --build /home/jstone/Documents/graduation_project/1P/robot_army/build/sjtu_drone_description -- -j16 -l16
[1.155s] DEBUG:colcon.colcon_core.event_handler.log_command:Invoking command in '/home/jstone/Documents/graduation_project/1P/robot_army/build/sjtu_drone_description': CMAKE_PREFIX_PATH=${CMAKE_PREFIX_PATH}:/home/jstone/Documents/graduation_project/1P/robot_army/install/sjtu_drone_bringup:/home/jstone/Documents/graduation_project/1P/robot_army/install/path_follow:/home/jstone/Documents/graduation_project/1P/robot_army/install/multi_robot_exploration:/home/jstone/Documents/graduation_project/1P/robot_army/install/merge_map:/home/jstone/Documents/graduation_project/1P/robot_army/install/drone_control:/opt/ros/galactic /usr/bin/cmake --install /home/jstone/Documents/graduation_project/1P/robot_army/build/sjtu_drone_description
[1.157s] DEBUG:colcon.colcon_core.event_handler.log_command:Invoked command in '/home/jstone/Documents/graduation_project/1P/robot_army/build/turtlebot3_gazebo' returned '0': CMAKE_PREFIX_PATH=${CMAKE_PREFIX_PATH}:/home/jstone/Documents/graduation_project/1P/robot_army/install/sjtu_drone_bringup:/home/jstone/Documents/graduation_project/1P/robot_army/install/path_follow:/home/jstone/Documents/graduation_project/1P/robot_army/install/multi_robot_exploration:/home/jstone/Documents/graduation_project/1P/robot_army/install/merge_map:/home/jstone/Documents/graduation_project/1P/robot_army/install/drone_control:/opt/ros/galactic /usr/bin/cmake --build /home/jstone/Documents/graduation_project/1P/robot_army/build/turtlebot3_gazebo -- -j16 -l16
[1.159s] DEBUG:colcon.colcon_core.event_handler.log_command:Invoking command in '/home/jstone/Documents/graduation_project/1P/robot_army/build/turtlebot3_gazebo': CMAKE_PREFIX_PATH=${CMAKE_PREFIX_PATH}:/home/jstone/Documents/graduation_project/1P/robot_army/install/sjtu_drone_bringup:/home/jstone/Documents/graduation_project/1P/robot_army/install/path_follow:/home/jstone/Documents/graduation_project/1P/robot_army/install/multi_robot_exploration:/home/jstone/Documents/graduation_project/1P/robot_army/install/merge_map:/home/jstone/Documents/graduation_project/1P/robot_army/install/drone_control:/opt/ros/galactic /usr/bin/cmake --install /home/jstone/Documents/graduation_project/1P/robot_army/build/turtlebot3_gazebo
[1.165s] Level 1:colcon.colcon_core.environment:create_environment_scripts_only(sjtu_drone_description)
[1.166s] DEBUG:colcon.colcon_core.event_handler.log_command:Invoked command in '/home/jstone/Documents/graduation_project/1P/robot_army/build/sjtu_drone_description' returned '0': CMAKE_PREFIX_PATH=${CMAKE_PREFIX_PATH}:/home/jstone/Documents/graduation_project/1P/robot_army/install/sjtu_drone_bringup:/home/jstone/Documents/graduation_project/1P/robot_army/install/path_follow:/home/jstone/Documents/graduation_project/1P/robot_army/install/multi_robot_exploration:/home/jstone/Documents/graduation_project/1P/robot_army/install/merge_map:/home/jstone/Documents/graduation_project/1P/robot_army/install/drone_control:/opt/ros/galactic /usr/bin/cmake --install /home/jstone/Documents/graduation_project/1P/robot_army/build/sjtu_drone_description
[1.171s] Level 1:colcon.colcon_core.environment:checking '/home/jstone/Documents/graduation_project/1P/robot_army/install/sjtu_drone_description' for CMake module files
[1.172s] Level 1:colcon.colcon_core.environment:checking '/home/jstone/Documents/graduation_project/1P/robot_army/install/sjtu_drone_description' for CMake config files
[1.172s] Level 1:colcon.colcon_core.shell:create_environment_hook('sjtu_drone_description', 'cmake_prefix_path')
[1.172s] INFO:colcon.colcon_core.shell:Creating environment hook '/home/jstone/Documents/graduation_project/1P/robot_army/install/sjtu_drone_description/share/sjtu_drone_description/hook/cmake_prefix_path.ps1'
[1.172s] INFO:colcon.colcon_core.shell:Creating environment descriptor '/home/jstone/Documents/graduation_project/1P/robot_army/install/sjtu_drone_description/share/sjtu_drone_description/hook/cmake_prefix_path.dsv'
[1.172s] INFO:colcon.colcon_core.shell:Creating environment hook '/home/jstone/Documents/graduation_project/1P/robot_army/install/sjtu_drone_description/share/sjtu_drone_description/hook/cmake_prefix_path.sh'
[1.173s] Level 1:colcon.colcon_core.environment:checking '/home/jstone/Documents/graduation_project/1P/robot_army/install/sjtu_drone_description/lib'
[1.173s] Level 1:colcon.colcon_core.shell:create_environment_hook('sjtu_drone_description', 'ld_library_path_lib')
[1.173s] INFO:colcon.colcon_core.shell:Creating environment hook '/home/jstone/Documents/graduation_project/1P/robot_army/install/sjtu_drone_description/share/sjtu_drone_description/hook/ld_library_path_lib.ps1'
[1.173s] INFO:colcon.colcon_core.shell:Creating environment descriptor '/home/jstone/Documents/graduation_project/1P/robot_army/install/sjtu_drone_description/share/sjtu_drone_description/hook/ld_library_path_lib.dsv'
[1.174s] INFO:colcon.colcon_core.shell:Creating environment hook '/home/jstone/Documents/graduation_project/1P/robot_army/install/sjtu_drone_description/share/sjtu_drone_description/hook/ld_library_path_lib.sh'
[1.174s] Level 1:colcon.colcon_core.environment:checking '/home/jstone/Documents/graduation_project/1P/robot_army/install/sjtu_drone_description/bin'
[1.174s] Level 1:colcon.colcon_core.environment:checking '/home/jstone/Documents/graduation_project/1P/robot_army/install/sjtu_drone_description/lib/pkgconfig/sjtu_drone_description.pc'
[1.174s] Level 1:colcon.colcon_core.environment:checking '/home/jstone/Documents/graduation_project/1P/robot_army/install/sjtu_drone_description/lib/python3.8/site-packages'
[1.174s] Level 1:colcon.colcon_core.environment:checking '/home/jstone/Documents/graduation_project/1P/robot_army/install/sjtu_drone_description/bin'
[1.174s] INFO:colcon.colcon_core.shell:Creating package script '/home/jstone/Documents/graduation_project/1P/robot_army/install/sjtu_drone_description/share/sjtu_drone_description/package.ps1'
[1.175s] INFO:colcon.colcon_core.shell:Creating package descriptor '/home/jstone/Documents/graduation_project/1P/robot_army/install/sjtu_drone_description/share/sjtu_drone_description/package.dsv'
[1.175s] INFO:colcon.colcon_core.shell:Creating package script '/home/jstone/Documents/graduation_project/1P/robot_army/install/sjtu_drone_description/share/sjtu_drone_description/package.sh'
[1.176s] INFO:colcon.colcon_core.shell:Creating package script '/home/jstone/Documents/graduation_project/1P/robot_army/install/sjtu_drone_description/share/sjtu_drone_description/package.bash'
[1.176s] INFO:colcon.colcon_core.shell:Creating package script '/home/jstone/Documents/graduation_project/1P/robot_army/install/sjtu_drone_description/share/sjtu_drone_description/package.zsh'
[1.177s] Level 1:colcon.colcon_core.environment:create_file_with_runtime_dependencies(/home/jstone/Documents/graduation_project/1P/robot_army/install/sjtu_drone_description/share/colcon-core/packages/sjtu_drone_description)
[1.177s] Level 1:colcon.colcon_core.environment:create_environment_scripts_only(sjtu_drone_description)
[1.177s] Level 1:colcon.colcon_core.environment:checking '/home/jstone/Documents/graduation_project/1P/robot_army/install/sjtu_drone_description' for CMake module files
[1.177s] Level 1:colcon.colcon_core.environment:checking '/home/jstone/Documents/graduation_project/1P/robot_army/install/sjtu_drone_description' for CMake config files
[1.178s] Level 1:colcon.colcon_core.shell:create_environment_hook('sjtu_drone_description', 'cmake_prefix_path')
[1.178s] INFO:colcon.colcon_core.shell:Creating environment hook '/home/jstone/Documents/graduation_project/1P/robot_army/install/sjtu_drone_description/share/sjtu_drone_description/hook/cmake_prefix_path.ps1'
[1.178s] INFO:colcon.colcon_core.shell:Creating environment descriptor '/home/jstone/Documents/graduation_project/1P/robot_army/install/sjtu_drone_description/share/sjtu_drone_description/hook/cmake_prefix_path.dsv'
[1.178s] INFO:colcon.colcon_core.shell:Creating environment hook '/home/jstone/Documents/graduation_project/1P/robot_army/install/sjtu_drone_description/share/sjtu_drone_description/hook/cmake_prefix_path.sh'
[1.178s] Level 1:colcon.colcon_core.environment:checking '/home/jstone/Documents/graduation_project/1P/robot_army/install/sjtu_drone_description/lib'
[1.178s] Level 1:colcon.colcon_core.shell:create_environment_hook('sjtu_drone_description', 'ld_library_path_lib')
[1.179s] INFO:colcon.colcon_core.shell:Creating environment hook '/home/jstone/Documents/graduation_project/1P/robot_army/install/sjtu_drone_description/share/sjtu_drone_description/hook/ld_library_path_lib.ps1'
[1.179s] INFO:colcon.colcon_core.shell:Creating environment descriptor '/home/jstone/Documents/graduation_project/1P/robot_army/install/sjtu_drone_description/share/sjtu_drone_description/hook/ld_library_path_lib.dsv'
[1.179s] INFO:colcon.colcon_core.shell:Creating environment hook '/home/jstone/Documents/graduation_project/1P/robot_army/install/sjtu_drone_description/share/sjtu_drone_description/hook/ld_library_path_lib.sh'
[1.179s] Level 1:colcon.colcon_core.environment:checking '/home/jstone/Documents/graduation_project/1P/robot_army/install/sjtu_drone_description/bin'
[1.179s] Level 1:colcon.colcon_core.environment:checking '/home/jstone/Documents/graduation_project/1P/robot_army/install/sjtu_drone_description/lib/pkgconfig/sjtu_drone_description.pc'
[1.179s] Level 1:colcon.colcon_core.environment:checking '/home/jstone/Documents/graduation_project/1P/robot_army/install/sjtu_drone_description/lib/python3.8/site-packages'
[1.179s] Level 1:colcon.colcon_core.environment:checking '/home/jstone/Documents/graduation_project/1P/robot_army/install/sjtu_drone_description/bin'
[1.180s] INFO:colcon.colcon_core.shell:Creating package script '/home/jstone/Documents/graduation_project/1P/robot_army/install/sjtu_drone_description/share/sjtu_drone_description/package.ps1'
[1.180s] INFO:colcon.colcon_core.shell:Creating package descriptor '/home/jstone/Documents/graduation_project/1P/robot_army/install/sjtu_drone_description/share/sjtu_drone_description/package.dsv'
[1.180s] INFO:colcon.colcon_core.shell:Creating package script '/home/jstone/Documents/graduation_project/1P/robot_army/install/sjtu_drone_description/share/sjtu_drone_description/package.sh'
[1.181s] INFO:colcon.colcon_core.shell:Creating package script '/home/jstone/Documents/graduation_project/1P/robot_army/install/sjtu_drone_description/share/sjtu_drone_description/package.bash'
[1.181s] INFO:colcon.colcon_core.shell:Creating package script '/home/jstone/Documents/graduation_project/1P/robot_army/install/sjtu_drone_description/share/sjtu_drone_description/package.zsh'
[1.181s] Level 1:colcon.colcon_core.environment:create_file_with_runtime_dependencies(/home/jstone/Documents/graduation_project/1P/robot_army/install/sjtu_drone_description/share/colcon-core/packages/sjtu_drone_description)
[1.182s] Level 1:colcon.colcon_core.environment:create_environment_scripts_only(turtlebot3_gazebo)
[1.182s] Level 1:colcon.colcon_core.environment:checking '/home/jstone/Documents/graduation_project/1P/robot_army/install/turtlebot3_gazebo' for CMake module files
[1.183s] DEBUG:colcon.colcon_core.event_handler.log_command:Invoked command in '/home/jstone/Documents/graduation_project/1P/robot_army/build/turtlebot3_gazebo' returned '0': CMAKE_PREFIX_PATH=${CMAKE_PREFIX_PATH}:/home/jstone/Documents/graduation_project/1P/robot_army/install/sjtu_drone_bringup:/home/jstone/Documents/graduation_project/1P/robot_army/install/path_follow:/home/jstone/Documents/graduation_project/1P/robot_army/install/multi_robot_exploration:/home/jstone/Documents/graduation_project/1P/robot_army/install/merge_map:/home/jstone/Documents/graduation_project/1P/robot_army/install/drone_control:/opt/ros/galactic /usr/bin/cmake --install /home/jstone/Documents/graduation_project/1P/robot_army/build/turtlebot3_gazebo
[1.183s] Level 1:colcon.colcon_core.environment:checking '/home/jstone/Documents/graduation_project/1P/robot_army/install/turtlebot3_gazebo' for CMake config files
[1.183s] Level 1:colcon.colcon_core.shell:create_environment_hook('turtlebot3_gazebo', 'cmake_prefix_path')
[1.183s] INFO:colcon.colcon_core.shell:Creating environment hook '/home/jstone/Documents/graduation_project/1P/robot_army/install/turtlebot3_gazebo/share/turtlebot3_gazebo/hook/cmake_prefix_path.ps1'
[1.183s] INFO:colcon.colcon_core.shell:Creating environment descriptor '/home/jstone/Documents/graduation_project/1P/robot_army/install/turtlebot3_gazebo/share/turtlebot3_gazebo/hook/cmake_prefix_path.dsv'
[1.184s] INFO:colcon.colcon_core.shell:Creating environment hook '/home/jstone/Documents/graduation_project/1P/robot_army/install/turtlebot3_gazebo/share/turtlebot3_gazebo/hook/cmake_prefix_path.sh'
[1.184s] Level 1:colcon.colcon_core.environment:checking '/home/jstone/Documents/graduation_project/1P/robot_army/install/turtlebot3_gazebo/lib'
[1.184s] Level 1:colcon.colcon_core.environment:checking '/home/jstone/Documents/graduation_project/1P/robot_army/install/turtlebot3_gazebo/bin'
[1.184s] Level 1:colcon.colcon_core.environment:checking '/home/jstone/Documents/graduation_project/1P/robot_army/install/turtlebot3_gazebo/lib/pkgconfig/turtlebot3_gazebo.pc'
[1.184s] Level 1:colcon.colcon_core.environment:checking '/home/jstone/Documents/graduation_project/1P/robot_army/install/turtlebot3_gazebo/lib/python3.8/site-packages'
[1.184s] Level 1:colcon.colcon_core.environment:checking '/home/jstone/Documents/graduation_project/1P/robot_army/install/turtlebot3_gazebo/bin'
[1.184s] INFO:colcon.colcon_core.shell:Creating package script '/home/jstone/Documents/graduation_project/1P/robot_army/install/turtlebot3_gazebo/share/turtlebot3_gazebo/package.ps1'
[1.185s] INFO:colcon.colcon_core.shell:Creating package descriptor '/home/jstone/Documents/graduation_project/1P/robot_army/install/turtlebot3_gazebo/share/turtlebot3_gazebo/package.dsv'
[1.185s] INFO:colcon.colcon_core.shell:Creating package script '/home/jstone/Documents/graduation_project/1P/robot_army/install/turtlebot3_gazebo/share/turtlebot3_gazebo/package.sh'
[1.185s] INFO:colcon.colcon_core.shell:Creating package script '/home/jstone/Documents/graduation_project/1P/robot_army/install/turtlebot3_gazebo/share/turtlebot3_gazebo/package.bash'
[1.185s] INFO:colcon.colcon_core.shell:Creating package script '/home/jstone/Documents/graduation_project/1P/robot_army/install/turtlebot3_gazebo/share/turtlebot3_gazebo/package.zsh'
[1.186s] Level 1:colcon.colcon_core.environment:create_file_with_runtime_dependencies(/home/jstone/Documents/graduation_project/1P/robot_army/install/turtlebot3_gazebo/share/colcon-core/packages/turtlebot3_gazebo)
[1.186s] Level 1:colcon.colcon_core.environment:create_environment_scripts_only(turtlebot3_gazebo)
[1.186s] Level 1:colcon.colcon_core.environment:checking '/home/jstone/Documents/graduation_project/1P/robot_army/install/turtlebot3_gazebo' for CMake module files
[1.186s] Level 1:colcon.colcon_core.environment:checking '/home/jstone/Documents/graduation_project/1P/robot_army/install/turtlebot3_gazebo' for CMake config files
[1.186s] Level 1:colcon.colcon_core.shell:create_environment_hook('turtlebot3_gazebo', 'cmake_prefix_path')
[1.187s] INFO:colcon.colcon_core.shell:Creating environment hook '/home/jstone/Documents/graduation_project/1P/robot_army/install/turtlebot3_gazebo/share/turtlebot3_gazebo/hook/cmake_prefix_path.ps1'
[1.187s] INFO:colcon.colcon_core.shell:Creating environment descriptor '/home/jstone/Documents/graduation_project/1P/robot_army/install/turtlebot3_gazebo/share/turtlebot3_gazebo/hook/cmake_prefix_path.dsv'
[1.187s] INFO:colcon.colcon_core.shell:Creating environment hook '/home/jstone/Documents/graduation_project/1P/robot_army/install/turtlebot3_gazebo/share/turtlebot3_gazebo/hook/cmake_prefix_path.sh'
[1.187s] Level 1:colcon.colcon_core.environment:checking '/home/jstone/Documents/graduation_project/1P/robot_army/install/turtlebot3_gazebo/lib'
[1.187s] Level 1:colcon.colcon_core.environment:checking '/home/jstone/Documents/graduation_project/1P/robot_army/install/turtlebot3_gazebo/bin'
[1.187s] Level 1:colcon.colcon_core.environment:checking '/home/jstone/Documents/graduation_project/1P/robot_army/install/turtlebot3_gazebo/lib/pkgconfig/turtlebot3_gazebo.pc'
[1.187s] Level 1:colcon.colcon_core.environment:checking '/home/jstone/Documents/graduation_project/1P/robot_army/install/turtlebot3_gazebo/lib/python3.8/site-packages'
[1.188s] Level 1:colcon.colcon_core.environment:checking '/home/jstone/Documents/graduation_project/1P/robot_army/install/turtlebot3_gazebo/bin'
[1.188s] INFO:colcon.colcon_core.shell:Creating package script '/home/jstone/Documents/graduation_project/1P/robot_army/install/turtlebot3_gazebo/share/turtlebot3_gazebo/package.ps1'
[1.188s] INFO:colcon.colcon_core.shell:Creating package descriptor '/home/jstone/Documents/graduation_project/1P/robot_army/install/turtlebot3_gazebo/share/turtlebot3_gazebo/package.dsv'
[1.188s] INFO:colcon.colcon_core.shell:Creating package script '/home/jstone/Documents/graduation_project/1P/robot_army/install/turtlebot3_gazebo/share/turtlebot3_gazebo/package.sh'
[1.189s] INFO:colcon.colcon_core.shell:Creating package script '/home/jstone/Documents/graduation_project/1P/robot_army/install/turtlebot3_gazebo/share/turtlebot3_gazebo/package.bash'
[1.189s] INFO:colcon.colcon_core.shell:Creating package script '/home/jstone/Documents/graduation_project/1P/robot_army/install/turtlebot3_gazebo/share/turtlebot3_gazebo/package.zsh'
[1.189s] Level 1:colcon.colcon_core.environment:create_file_with_runtime_dependencies(/home/jstone/Documents/graduation_project/1P/robot_army/install/turtlebot3_gazebo/share/colcon-core/packages/turtlebot3_gazebo)
[1.390s] DEBUG:colcon.colcon_core.event_handler.log_command:Invoking command in '/home/jstone/Documents/graduation_project/1P/robot_army/src/drone/drone_control': PYTHONPATH=/home/jstone/Documents/graduation_project/1P/robot_army/build/drone_control/prefix_override:/usr/lib/python3/dist-packages/colcon_core/task/python/colcon_distutils_commands:/home/jstone/Documents/graduation_project/1P/robot_army/install/drone_control/lib/python3.8/site-packages:${PYTHONPATH} /usr/bin/python3 -W ignore:setup.py install is deprecated -W ignore:easy_install command is deprecated setup.py egg_info --egg-base ../../../build/drone_control build --build-base /home/jstone/Documents/graduation_project/1P/robot_army/build/drone_control/build install --record /home/jstone/Documents/graduation_project/1P/robot_army/build/drone_control/install.log --single-version-externally-managed install_data
[1.394s] DEBUG:colcon.colcon_core.event_handler.log_command:Invoking command in '/home/jstone/Documents/graduation_project/1P/robot_army/src/path_follow': PYTHONPATH=/home/jstone/Documents/graduation_project/1P/robot_army/build/path_follow/prefix_override:/usr/lib/python3/dist-packages/colcon_core/task/python/colcon_distutils_commands:/home/jstone/Documents/graduation_project/1P/robot_army/install/path_follow/lib/python3.8/site-packages:${PYTHONPATH} /usr/bin/python3 -W ignore:setup.py install is deprecated -W ignore:easy_install command is deprecated setup.py egg_info --egg-base ../../build/path_follow build --build-base /home/jstone/Documents/graduation_project/1P/robot_army/build/path_follow/build install --record /home/jstone/Documents/graduation_project/1P/robot_army/build/path_follow/install.log --single-version-externally-managed install_data
[1.400s] DEBUG:colcon.colcon_core.event_handler.log_command:Invoking command in '/home/jstone/Documents/graduation_project/1P/robot_army/src/multi_robot_exploration': PYTHONPATH=/home/jstone/Documents/graduation_project/1P/robot_army/build/multi_robot_exploration/prefix_override:/usr/lib/python3/dist-packages/colcon_core/task/python/colcon_distutils_commands:/home/jstone/Documents/graduation_project/1P/robot_army/install/multi_robot_exploration/lib/python3.8/site-packages:${PYTHONPATH} /usr/bin/python3 -W ignore:setup.py install is deprecated -W ignore:easy_install command is deprecated setup.py egg_info --egg-base ../../build/multi_robot_exploration build --build-base /home/jstone/Documents/graduation_project/1P/robot_army/build/multi_robot_exploration/build install --record /home/jstone/Documents/graduation_project/1P/robot_army/build/multi_robot_exploration/install.log --single-version-externally-managed install_data
[1.404s] DEBUG:colcon.colcon_core.event_handler.log_command:Invoking command in '/home/jstone/Documents/graduation_project/1P/robot_army/src/drone/sjtu_drone_bringup': PYTHONPATH=/home/jstone/Documents/graduation_project/1P/robot_army/build/sjtu_drone_bringup/prefix_override:/usr/lib/python3/dist-packages/colcon_core/task/python/colcon_distutils_commands:/home/jstone/Documents/graduation_project/1P/robot_army/install/sjtu_drone_bringup/lib/python3.8/site-packages:${PYTHONPATH} /usr/bin/python3 -W ignore:setup.py install is deprecated -W ignore:easy_install command is deprecated setup.py egg_info --egg-base ../../../build/sjtu_drone_bringup build --build-base /home/jstone/Documents/graduation_project/1P/robot_army/build/sjtu_drone_bringup/build install --record /home/jstone/Documents/graduation_project/1P/robot_army/build/sjtu_drone_bringup/install.log --single-version-externally-managed install_data
[1.408s] DEBUG:colcon.colcon_core.event_handler.log_command:Invoking command in '/home/jstone/Documents/graduation_project/1P/robot_army/src/merge_map': PYTHONPATH=/home/jstone/Documents/graduation_project/1P/robot_army/build/merge_map/prefix_override:/usr/lib/python3/dist-packages/colcon_core/task/python/colcon_distutils_commands:/home/jstone/Documents/graduation_project/1P/robot_army/install/merge_map/lib/python3.8/site-packages:${PYTHONPATH} /usr/bin/python3 -W ignore:setup.py install is deprecated -W ignore:easy_install command is deprecated setup.py egg_info --egg-base ../../build/merge_map build --build-base /home/jstone/Documents/graduation_project/1P/robot_army/build/merge_map/build install --record /home/jstone/Documents/graduation_project/1P/robot_army/build/merge_map/install.log --single-version-externally-managed install_data
[1.597s] Level 1:colcon.colcon_core.environment:checking '/home/jstone/Documents/graduation_project/1P/robot_army/install/path_follow' for CMake module files
[1.598s] DEBUG:colcon.colcon_core.event_handler.log_command:Invoked command in '/home/jstone/Documents/graduation_project/1P/robot_army/src/path_follow' returned '0': PYTHONPATH=/home/jstone/Documents/graduation_project/1P/robot_army/build/path_follow/prefix_override:/usr/lib/python3/dist-packages/colcon_core/task/python/colcon_distutils_commands:/home/jstone/Documents/graduation_project/1P/robot_army/install/path_follow/lib/python3.8/site-packages:${PYTHONPATH} /usr/bin/python3 -W ignore:setup.py install is deprecated -W ignore:easy_install command is deprecated setup.py egg_info --egg-base ../../build/path_follow build --build-base /home/jstone/Documents/graduation_project/1P/robot_army/build/path_follow/build install --record /home/jstone/Documents/graduation_project/1P/robot_army/build/path_follow/install.log --single-version-externally-managed install_data
[1.598s] Level 1:colcon.colcon_core.environment:checking '/home/jstone/Documents/graduation_project/1P/robot_army/install/path_follow' for CMake config files
[1.598s] Level 1:colcon.colcon_core.environment:checking '/home/jstone/Documents/graduation_project/1P/robot_army/install/path_follow/lib'
[1.598s] Level 1:colcon.colcon_core.environment:checking '/home/jstone/Documents/graduation_project/1P/robot_army/install/path_follow/bin'
[1.598s] Level 1:colcon.colcon_core.environment:checking '/home/jstone/Documents/graduation_project/1P/robot_army/install/path_follow/lib/pkgconfig/path_follow.pc'
[1.599s] Level 1:colcon.colcon_core.environment:checking '/home/jstone/Documents/graduation_project/1P/robot_army/install/path_follow/lib/python3.8/site-packages'
[1.599s] Level 1:colcon.colcon_core.shell:create_environment_hook('path_follow', 'pythonpath')
[1.599s] INFO:colcon.colcon_core.shell:Creating environment hook '/home/jstone/Documents/graduation_project/1P/robot_army/install/path_follow/share/path_follow/hook/pythonpath.ps1'
[1.599s] INFO:colcon.colcon_core.shell:Creating environment descriptor '/home/jstone/Documents/graduation_project/1P/robot_army/install/path_follow/share/path_follow/hook/pythonpath.dsv'
[1.600s] INFO:colcon.colcon_core.shell:Creating environment hook '/home/jstone/Documents/graduation_project/1P/robot_army/install/path_follow/share/path_follow/hook/pythonpath.sh'
[1.600s] Level 1:colcon.colcon_core.environment:checking '/home/jstone/Documents/graduation_project/1P/robot_army/install/path_follow/bin'
[1.600s] Level 1:colcon.colcon_core.environment:create_environment_scripts_only(path_follow)
[1.600s] INFO:colcon.colcon_core.shell:Creating package script '/home/jstone/Documents/graduation_project/1P/robot_army/install/path_follow/share/path_follow/package.ps1'
[1.601s] INFO:colcon.colcon_core.shell:Creating package descriptor '/home/jstone/Documents/graduation_project/1P/robot_army/install/path_follow/share/path_follow/package.dsv'
[1.601s] INFO:colcon.colcon_core.shell:Creating package script '/home/jstone/Documents/graduation_project/1P/robot_army/install/path_follow/share/path_follow/package.sh'
[1.601s] INFO:colcon.colcon_core.shell:Creating package script '/home/jstone/Documents/graduation_project/1P/robot_army/install/path_follow/share/path_follow/package.bash'
[1.601s] INFO:colcon.colcon_core.shell:Creating package script '/home/jstone/Documents/graduation_project/1P/robot_army/install/path_follow/share/path_follow/package.zsh'
[1.602s] Level 1:colcon.colcon_core.environment:create_file_with_runtime_dependencies(/home/jstone/Documents/graduation_project/1P/robot_army/install/path_follow/share/colcon-core/packages/path_follow)
[1.606s] Level 1:colcon.colcon_core.environment:checking '/home/jstone/Documents/graduation_project/1P/robot_army/install/multi_robot_exploration' for CMake module files
[1.606s] DEBUG:colcon.colcon_core.event_handler.log_command:Invoked command in '/home/jstone/Documents/graduation_project/1P/robot_army/src/multi_robot_exploration' returned '0': PYTHONPATH=/home/jstone/Documents/graduation_project/1P/robot_army/build/multi_robot_exploration/prefix_override:/usr/lib/python3/dist-packages/colcon_core/task/python/colcon_distutils_commands:/home/jstone/Documents/graduation_project/1P/robot_army/install/multi_robot_exploration/lib/python3.8/site-packages:${PYTHONPATH} /usr/bin/python3 -W ignore:setup.py install is deprecated -W ignore:easy_install command is deprecated setup.py egg_info --egg-base ../../build/multi_robot_exploration build --build-base /home/jstone/Documents/graduation_project/1P/robot_army/build/multi_robot_exploration/build install --record /home/jstone/Documents/graduation_project/1P/robot_army/build/multi_robot_exploration/install.log --single-version-externally-managed install_data
[1.606s] Level 1:colcon.colcon_core.environment:checking '/home/jstone/Documents/graduation_project/1P/robot_army/install/multi_robot_exploration' for CMake config files
[1.607s] Level 1:colcon.colcon_core.environment:checking '/home/jstone/Documents/graduation_project/1P/robot_army/install/multi_robot_exploration/lib'
[1.607s] Level 1:colcon.colcon_core.environment:checking '/home/jstone/Documents/graduation_project/1P/robot_army/install/multi_robot_exploration/bin'
[1.607s] Level 1:colcon.colcon_core.environment:checking '/home/jstone/Documents/graduation_project/1P/robot_army/install/multi_robot_exploration/lib/pkgconfig/multi_robot_exploration.pc'
[1.607s] Level 1:colcon.colcon_core.environment:checking '/home/jstone/Documents/graduation_project/1P/robot_army/install/multi_robot_exploration/lib/python3.8/site-packages'
[1.607s] Level 1:colcon.colcon_core.shell:create_environment_hook('multi_robot_exploration', 'pythonpath')
[1.607s] INFO:colcon.colcon_core.shell:Creating environment hook '/home/jstone/Documents/graduation_project/1P/robot_army/install/multi_robot_exploration/share/multi_robot_exploration/hook/pythonpath.ps1'
[1.607s] INFO:colcon.colcon_core.shell:Creating environment descriptor '/home/jstone/Documents/graduation_project/1P/robot_army/install/multi_robot_exploration/share/multi_robot_exploration/hook/pythonpath.dsv'
[1.608s] INFO:colcon.colcon_core.shell:Creating environment hook '/home/jstone/Documents/graduation_project/1P/robot_army/install/multi_robot_exploration/share/multi_robot_exploration/hook/pythonpath.sh'
[1.608s] Level 1:colcon.colcon_core.environment:checking '/home/jstone/Documents/graduation_project/1P/robot_army/install/multi_robot_exploration/bin'
[1.608s] Level 1:colcon.colcon_core.environment:create_environment_scripts_only(multi_robot_exploration)
[1.608s] INFO:colcon.colcon_core.shell:Creating package script '/home/jstone/Documents/graduation_project/1P/robot_army/install/multi_robot_exploration/share/multi_robot_exploration/package.ps1'
[1.608s] INFO:colcon.colcon_core.shell:Creating package descriptor '/home/jstone/Documents/graduation_project/1P/robot_army/install/multi_robot_exploration/share/multi_robot_exploration/package.dsv'
[1.609s] INFO:colcon.colcon_core.shell:Creating package script '/home/jstone/Documents/graduation_project/1P/robot_army/install/multi_robot_exploration/share/multi_robot_exploration/package.sh'
[1.609s] INFO:colcon.colcon_core.shell:Creating package script '/home/jstone/Documents/graduation_project/1P/robot_army/install/multi_robot_exploration/share/multi_robot_exploration/package.bash'
[1.610s] INFO:colcon.colcon_core.shell:Creating package script '/home/jstone/Documents/graduation_project/1P/robot_army/install/multi_robot_exploration/share/multi_robot_exploration/package.zsh'
[1.610s] Level 1:colcon.colcon_core.environment:create_file_with_runtime_dependencies(/home/jstone/Documents/graduation_project/1P/robot_army/install/multi_robot_exploration/share/colcon-core/packages/multi_robot_exploration)
[1.612s] Level 1:colcon.colcon_core.environment:checking '/home/jstone/Documents/graduation_project/1P/robot_army/install/drone_control' for CMake module files
[1.612s] DEBUG:colcon.colcon_core.event_handler.log_command:Invoked command in '/home/jstone/Documents/graduation_project/1P/robot_army/src/drone/drone_control' returned '0': PYTHONPATH=/home/jstone/Documents/graduation_project/1P/robot_army/build/drone_control/prefix_override:/usr/lib/python3/dist-packages/colcon_core/task/python/colcon_distutils_commands:/home/jstone/Documents/graduation_project/1P/robot_army/install/drone_control/lib/python3.8/site-packages:${PYTHONPATH} /usr/bin/python3 -W ignore:setup.py install is deprecated -W ignore:easy_install command is deprecated setup.py egg_info --egg-base ../../../build/drone_control build --build-base /home/jstone/Documents/graduation_project/1P/robot_army/build/drone_control/build install --record /home/jstone/Documents/graduation_project/1P/robot_army/build/drone_control/install.log --single-version-externally-managed install_data
[1.612s] Level 1:colcon.colcon_core.environment:checking '/home/jstone/Documents/graduation_project/1P/robot_army/install/drone_control' for CMake config files
[1.613s] Level 1:colcon.colcon_core.environment:checking '/home/jstone/Documents/graduation_project/1P/robot_army/install/drone_control/lib'
[1.613s] Level 1:colcon.colcon_core.environment:checking '/home/jstone/Documents/graduation_project/1P/robot_army/install/drone_control/bin'
[1.613s] Level 1:colcon.colcon_core.environment:checking '/home/jstone/Documents/graduation_project/1P/robot_army/install/drone_control/lib/pkgconfig/drone_control.pc'
[1.613s] Level 1:colcon.colcon_core.environment:checking '/home/jstone/Documents/graduation_project/1P/robot_army/install/drone_control/lib/python3.8/site-packages'
[1.613s] Level 1:colcon.colcon_core.shell:create_environment_hook('drone_control', 'pythonpath')
[1.613s] INFO:colcon.colcon_core.shell:Creating environment hook '/home/jstone/Documents/graduation_project/1P/robot_army/install/drone_control/share/drone_control/hook/pythonpath.ps1'
[1.613s] INFO:colcon.colcon_core.shell:Creating environment descriptor '/home/jstone/Documents/graduation_project/1P/robot_army/install/drone_control/share/drone_control/hook/pythonpath.dsv'
[1.614s] INFO:colcon.colcon_core.shell:Creating environment hook '/home/jstone/Documents/graduation_project/1P/robot_army/install/drone_control/share/drone_control/hook/pythonpath.sh'
[1.614s] Level 1:colcon.colcon_core.environment:checking '/home/jstone/Documents/graduation_project/1P/robot_army/install/drone_control/bin'
[1.614s] Level 1:colcon.colcon_core.environment:create_environment_scripts_only(drone_control)
[1.614s] INFO:colcon.colcon_core.shell:Creating package script '/home/jstone/Documents/graduation_project/1P/robot_army/install/drone_control/share/drone_control/package.ps1'
[1.615s] INFO:colcon.colcon_core.shell:Creating package descriptor '/home/jstone/Documents/graduation_project/1P/robot_army/install/drone_control/share/drone_control/package.dsv'
[1.615s] INFO:colcon.colcon_core.shell:Creating package script '/home/jstone/Documents/graduation_project/1P/robot_army/install/drone_control/share/drone_control/package.sh'
[1.615s] INFO:colcon.colcon_core.shell:Creating package script '/home/jstone/Documents/graduation_project/1P/robot_army/install/drone_control/share/drone_control/package.bash'
[1.615s] INFO:colcon.colcon_core.shell:Creating package script '/home/jstone/Documents/graduation_project/1P/robot_army/install/drone_control/share/drone_control/package.zsh'
[1.616s] Level 1:colcon.colcon_core.environment:create_file_with_runtime_dependencies(/home/jstone/Documents/graduation_project/1P/robot_army/install/drone_control/share/colcon-core/packages/drone_control)
[1.624s] Level 1:colcon.colcon_core.environment:checking '/home/jstone/Documents/graduation_project/1P/robot_army/install/sjtu_drone_bringup' for CMake module files
[1.624s] DEBUG:colcon.colcon_core.event_handler.log_command:Invoked command in '/home/jstone/Documents/graduation_project/1P/robot_army/src/drone/sjtu_drone_bringup' returned '0': PYTHONPATH=/home/jstone/Documents/graduation_project/1P/robot_army/build/sjtu_drone_bringup/prefix_override:/usr/lib/python3/dist-packages/colcon_core/task/python/colcon_distutils_commands:/home/jstone/Documents/graduation_project/1P/robot_army/install/sjtu_drone_bringup/lib/python3.8/site-packages:${PYTHONPATH} /usr/bin/python3 -W ignore:setup.py install is deprecated -W ignore:easy_install command is deprecated setup.py egg_info --egg-base ../../../build/sjtu_drone_bringup build --build-base /home/jstone/Documents/graduation_project/1P/robot_army/build/sjtu_drone_bringup/build install --record /home/jstone/Documents/graduation_project/1P/robot_army/build/sjtu_drone_bringup/install.log --single-version-externally-managed install_data
[1.625s] Level 1:colcon.colcon_core.environment:checking '/home/jstone/Documents/graduation_project/1P/robot_army/install/sjtu_drone_bringup' for CMake config files
[1.625s] Level 1:colcon.colcon_core.environment:checking '/home/jstone/Documents/graduation_project/1P/robot_army/install/sjtu_drone_bringup/lib'
[1.625s] Level 1:colcon.colcon_core.environment:checking '/home/jstone/Documents/graduation_project/1P/robot_army/install/sjtu_drone_bringup/bin'
[1.625s] Level 1:colcon.colcon_core.environment:checking '/home/jstone/Documents/graduation_project/1P/robot_army/install/sjtu_drone_bringup/lib/pkgconfig/sjtu_drone_bringup.pc'
[1.625s] Level 1:colcon.colcon_core.environment:checking '/home/jstone/Documents/graduation_project/1P/robot_army/install/sjtu_drone_bringup/lib/python3.8/site-packages'
[1.625s] Level 1:colcon.colcon_core.shell:create_environment_hook('sjtu_drone_bringup', 'pythonpath')
[1.625s] INFO:colcon.colcon_core.shell:Creating environment hook '/home/jstone/Documents/graduation_project/1P/robot_army/install/sjtu_drone_bringup/share/sjtu_drone_bringup/hook/pythonpath.ps1'
[1.626s] INFO:colcon.colcon_core.shell:Creating environment descriptor '/home/jstone/Documents/graduation_project/1P/robot_army/install/sjtu_drone_bringup/share/sjtu_drone_bringup/hook/pythonpath.dsv'
[1.626s] INFO:colcon.colcon_core.shell:Creating environment hook '/home/jstone/Documents/graduation_project/1P/robot_army/install/sjtu_drone_bringup/share/sjtu_drone_bringup/hook/pythonpath.sh'
[1.626s] Level 1:colcon.colcon_core.environment:checking '/home/jstone/Documents/graduation_project/1P/robot_army/install/sjtu_drone_bringup/bin'
[1.626s] Level 1:colcon.colcon_core.environment:create_environment_scripts_only(sjtu_drone_bringup)
[1.626s] INFO:colcon.colcon_core.shell:Creating package script '/home/jstone/Documents/graduation_project/1P/robot_army/install/sjtu_drone_bringup/share/sjtu_drone_bringup/package.ps1'
[1.627s] INFO:colcon.colcon_core.shell:Creating package descriptor '/home/jstone/Documents/graduation_project/1P/robot_army/install/sjtu_drone_bringup/share/sjtu_drone_bringup/package.dsv'
[1.627s] INFO:colcon.colcon_core.shell:Creating package script '/home/jstone/Documents/graduation_project/1P/robot_army/install/sjtu_drone_bringup/share/sjtu_drone_bringup/package.sh'
[1.627s] INFO:colcon.colcon_core.shell:Creating package script '/home/jstone/Documents/graduation_project/1P/robot_army/install/sjtu_drone_bringup/share/sjtu_drone_bringup/package.bash'
[1.628s] INFO:colcon.colcon_core.shell:Creating package script '/home/jstone/Documents/graduation_project/1P/robot_army/install/sjtu_drone_bringup/share/sjtu_drone_bringup/package.zsh'
[1.628s] Level 1:colcon.colcon_core.environment:create_file_with_runtime_dependencies(/home/jstone/Documents/graduation_project/1P/robot_army/install/sjtu_drone_bringup/share/colcon-core/packages/sjtu_drone_bringup)
[1.629s] Level 1:colcon.colcon_core.environment:checking '/home/jstone/Documents/graduation_project/1P/robot_army/install/merge_map' for CMake module files
[1.629s] DEBUG:colcon.colcon_core.event_handler.log_command:Invoked command in '/home/jstone/Documents/graduation_project/1P/robot_army/src/merge_map' returned '0': PYTHONPATH=/home/jstone/Documents/graduation_project/1P/robot_army/build/merge_map/prefix_override:/usr/lib/python3/dist-packages/colcon_core/task/python/colcon_distutils_commands:/home/jstone/Documents/graduation_project/1P/robot_army/install/merge_map/lib/python3.8/site-packages:${PYTHONPATH} /usr/bin/python3 -W ignore:setup.py install is deprecated -W ignore:easy_install command is deprecated setup.py egg_info --egg-base ../../build/merge_map build --build-base /home/jstone/Documents/graduation_project/1P/robot_army/build/merge_map/build install --record /home/jstone/Documents/graduation_project/1P/robot_army/build/merge_map/install.log --single-version-externally-managed install_data
[1.629s] Level 1:colcon.colcon_core.environment:checking '/home/jstone/Documents/graduation_project/1P/robot_army/install/merge_map' for CMake config files
[1.629s] Level 1:colcon.colcon_core.environment:checking '/home/jstone/Documents/graduation_project/1P/robot_army/install/merge_map/lib'
[1.629s] Level 1:colcon.colcon_core.environment:checking '/home/jstone/Documents/graduation_project/1P/robot_army/install/merge_map/bin'
[1.630s] Level 1:colcon.colcon_core.environment:checking '/home/jstone/Documents/graduation_project/1P/robot_army/install/merge_map/lib/pkgconfig/merge_map.pc'
[1.630s] Level 1:colcon.colcon_core.environment:checking '/home/jstone/Documents/graduation_project/1P/robot_army/install/merge_map/lib/python3.8/site-packages'
[1.630s] Level 1:colcon.colcon_core.shell:create_environment_hook('merge_map', 'pythonpath')
[1.630s] INFO:colcon.colcon_core.shell:Creating environment hook '/home/jstone/Documents/graduation_project/1P/robot_army/install/merge_map/share/merge_map/hook/pythonpath.ps1'
[1.630s] INFO:colcon.colcon_core.shell:Creating environment descriptor '/home/jstone/Documents/graduation_project/1P/robot_army/install/merge_map/share/merge_map/hook/pythonpath.dsv'
[1.630s] INFO:colcon.colcon_core.shell:Creating environment hook '/home/jstone/Documents/graduation_project/1P/robot_army/install/merge_map/share/merge_map/hook/pythonpath.sh'
[1.631s] Level 1:colcon.colcon_core.environment:checking '/home/jstone/Documents/graduation_project/1P/robot_army/install/merge_map/bin'
[1.631s] Level 1:colcon.colcon_core.environment:create_environment_scripts_only(merge_map)
[1.631s] INFO:colcon.colcon_core.shell:Creating package script '/home/jstone/Documents/graduation_project/1P/robot_army/install/merge_map/share/merge_map/package.ps1'
[1.631s] INFO:colcon.colcon_core.shell:Creating package descriptor '/home/jstone/Documents/graduation_project/1P/robot_army/install/merge_map/share/merge_map/package.dsv'
[1.631s] INFO:colcon.colcon_core.shell:Creating package script '/home/jstone/Documents/graduation_project/1P/robot_army/install/merge_map/share/merge_map/package.sh'
[1.632s] INFO:colcon.colcon_core.shell:Creating package script '/home/jstone/Documents/graduation_project/1P/robot_army/install/merge_map/share/merge_map/package.bash'
[1.632s] INFO:colcon.colcon_core.shell:Creating package script '/home/jstone/Documents/graduation_project/1P/robot_army/install/merge_map/share/merge_map/package.zsh'
[1.632s] Level 1:colcon.colcon_core.environment:create_file_with_runtime_dependencies(/home/jstone/Documents/graduation_project/1P/robot_army/install/merge_map/share/colcon-core/packages/merge_map)
[1.632s] DEBUG:colcon.colcon_parallel_executor.executor.parallel:closing loop
[1.632s] DEBUG:colcon.colcon_parallel_executor.executor.parallel:loop closed
[1.633s] DEBUG:colcon.colcon_parallel_executor.executor.parallel:run_until_complete finished with '0'
[1.633s] DEBUG:colcon.colcon_core.event_reactor:joining thread
[1.637s] INFO:colcon.colcon_core.plugin_system:Skipping extension 'colcon_notification.desktop_notification.terminal_notifier': Not used on non-Darwin systems
[1.637s] INFO:colcon.colcon_core.plugin_system:Skipping extension 'colcon_notification.desktop_notification.win32': Not used on non-Windows systems
[1.637s] INFO:colcon.colcon_notification.desktop_notification:Sending desktop notification using 'notify2'
[1.646s] DEBUG:colcon.colcon_core.event_reactor:joined thread
[1.646s] INFO:colcon.colcon_core.shell:Creating prefix script '/home/jstone/Documents/graduation_project/1P/robot_army/install/local_setup.ps1'
[1.646s] INFO:colcon.colcon_core.shell:Creating prefix util module '/home/jstone/Documents/graduation_project/1P/robot_army/install/_local_setup_util_ps1.py'
[1.647s] INFO:colcon.colcon_core.shell:Creating prefix chain script '/home/jstone/Documents/graduation_project/1P/robot_army/install/setup.ps1'
[1.648s] INFO:colcon.colcon_core.shell:Creating prefix script '/home/jstone/Documents/graduation_project/1P/robot_army/install/local_setup.sh'
[1.648s] INFO:colcon.colcon_core.shell:Creating prefix util module '/home/jstone/Documents/graduation_project/1P/robot_army/install/_local_setup_util_sh.py'
[1.649s] INFO:colcon.colcon_core.shell:Creating prefix chain script '/home/jstone/Documents/graduation_project/1P/robot_army/install/setup.sh'
[1.649s] INFO:colcon.colcon_core.shell:Creating prefix script '/home/jstone/Documents/graduation_project/1P/robot_army/install/local_setup.bash'
[1.650s] INFO:colcon.colcon_core.shell:Creating prefix chain script '/home/jstone/Documents/graduation_project/1P/robot_army/install/setup.bash'
[1.650s] INFO:colcon.colcon_core.shell:Creating prefix script '/home/jstone/Documents/graduation_project/1P/robot_army/install/local_setup.zsh'
[1.651s] INFO:colcon.colcon_core.shell:Creating prefix chain script '/home/jstone/Documents/graduation_project/1P/robot_army/install/setup.zsh'
