[0.796s] Invoking command in '/home/jstone/Documents/graduation_project/9T/robot_army/src/build/sjtu_drone_description': CMAKE_PREFIX_PATH=${CMAKE_PREFIX_PATH}:/home/jstone/nav2_ws/install/nav2_gazebo_spawner:/opt/ros/galactic /usr/bin/cmake /home/jstone/Documents/graduation_project/9T/robot_army/src/multiRobotExploration/drone/sjtu_drone_description -DCMAKE_INSTALL_PREFIX=/home/jstone/Documents/graduation_project/9T/robot_army/src/install/sjtu_drone_description
[0.856s] -- The C compiler identification is GNU 9.4.0
[0.894s] -- The CXX compiler identification is GNU 9.4.0
[0.898s] -- Check for working C compiler: /usr/bin/cc
[0.944s] -- Check for working C compiler: /usr/bin/cc -- works
[0.946s] -- Detecting C compiler ABI info
[1.004s] -- Detecting C compiler ABI info - done
[1.019s] -- Detecting C compile features
[1.019s] -- Detecting C compile features - done
[1.022s] -- Check for working CXX compiler: /usr/bin/c++
[1.083s] -- Check for working CXX compiler: /usr/bin/c++ -- works
[1.084s] -- Detecting CXX compiler ABI info
[1.149s] -- Detecting CXX compiler ABI info - done
[1.159s] -- Detecting CXX compile features
[1.159s] -- Detecting CXX compile features - done
[1.160s] -- Found PkgConfig: /usr/bin/pkg-config (found version "0.29.1") 
[1.161s] -- Checking for module 'OGRE'
[1.176s] --   Found OGRE, version 1.9.0
[1.216s] -- Checking for module 'OGRE-Terrain'
[1.230s] --   Found OGRE-Terrain, version 1.9.0
[1.269s] -- Found ament_cmake: 1.1.6 (/opt/ros/galactic/share/ament_cmake/cmake)
[1.290s] -- Found PythonInterp: /usr/bin/python3 (found suitable version "3.8.10", minimum required is "3") 
[1.290s] -- Using PYTHON_EXECUTABLE: /usr/bin/python3
[1.357s] -- Found ament_cmake_ros: 0.9.2 (/opt/ros/galactic/share/ament_cmake_ros/cmake)
[1.363s] -- Found rclcpp: 9.2.2 (/opt/ros/galactic/share/rclcpp/cmake)
[1.412s] -- Using all available rosidl_typesupport_c: rosidl_typesupport_fastrtps_c;rosidl_typesupport_introspection_c
[1.421s] -- Found rosidl_adapter: 2.2.3 (/opt/ros/galactic/share/rosidl_adapter/cmake)
[1.495s] -- Found OpenSSL: /usr/lib/x86_64-linux-gnu/libcrypto.so (found version "1.1.1f")  
[1.519s] -- Found FastRTPS: /opt/ros/galactic/include  
[1.577s] -- Using all available rosidl_typesupport_cpp: rosidl_typesupport_fastrtps_cpp;rosidl_typesupport_introspection_cpp
[1.618s] -- Found rmw_implementation_cmake: 3.3.1 (/opt/ros/galactic/share/rmw_implementation_cmake/cmake)
[1.620s] -- Found rmw_cyclonedds_cpp: 0.22.6 (/opt/ros/galactic/share/rmw_cyclonedds_cpp/cmake)
[1.634s] -- Using RMW implementation 'rmw_cyclonedds_cpp' as default
[1.635s] -- Looking for pthread.h
[1.681s] -- Looking for pthread.h - found
[1.681s] -- Performing Test CMAKE_HAVE_LIBC_PTHREAD
[1.726s] -- Performing Test CMAKE_HAVE_LIBC_PTHREAD - Failed
[1.726s] -- Looking for pthread_create in pthreads
[1.762s] -- Looking for pthread_create in pthreads - not found
[1.762s] -- Looking for pthread_create in pthread
[1.807s] -- Looking for pthread_create in pthread - found
[1.807s] -- Found Threads: TRUE  
[1.907s] -- Found gazebo_ros: 3.5.2 (/opt/ros/galactic/share/gazebo_ros/cmake)
[1.918s] -- Checking for module 'bullet>=2.82'
[1.927s] --   Found bullet, version 2.88
[2.005s] -- Found ccd: /usr/include (found suitable version "2.0", minimum required is "2.0") 
[2.045s] -- Found fcl: /usr/include (found suitable version "0.5.0", minimum required is "0.3.2") 
[2.081s] -- Found assimp: /usr/include (found version "5.0.0") 
[2.096s] -- Found DART: /usr/include (Required is at least version "6.6") found components: dart 
[2.114s] -- Found Boost: /usr/lib/x86_64-linux-gnu/cmake/Boost-1.71.0/BoostConfig.cmake (found suitable version "1.71.0", minimum required is "1.40.0") found components: thread system filesystem program_options regex iostreams date_time 
[2.127s] -- Found Protobuf: /usr/lib/x86_64-linux-gnu/libprotobuf.so;-lpthread (found version "3.6.1") 
[2.130s] -- Looking for ignition-math6 -- found version 6.15.1
[2.134s] -- Searching for dependencies of ignition-math6
[2.135s] -- Looking for OGRE...
[2.136s] -- OGRE_PREFIX_WATCH changed.
[2.139s] -- Checking for module 'OGRE'
[2.148s] --   Found OGRE, version 1.9.0
[2.174s] -- Found Ogre Ghadamon (1.9.0)
[2.186s] -- Looking for OGRE_Paging...
[2.191s] -- Found OGRE_Paging: optimized;/usr/lib/x86_64-linux-gnu/libOgrePaging.so;debug;/usr/lib/x86_64-linux-gnu/libOgrePaging.so
[2.191s] -- Looking for OGRE_Terrain...
[2.195s] -- Found OGRE_Terrain: optimized;/usr/lib/x86_64-linux-gnu/libOgreTerrain.so;debug;/usr/lib/x86_64-linux-gnu/libOgreTerrain.so
[2.195s] -- Looking for OGRE_Property...
[2.199s] -- Found OGRE_Property: optimized;/usr/lib/x86_64-linux-gnu/libOgreProperty.so;debug;/usr/lib/x86_64-linux-gnu/libOgreProperty.so
[2.200s] -- Looking for OGRE_RTShaderSystem...
[2.203s] -- Found OGRE_RTShaderSystem: optimized;/usr/lib/x86_64-linux-gnu/libOgreRTShaderSystem.so;debug;/usr/lib/x86_64-linux-gnu/libOgreRTShaderSystem.so
[2.203s] -- Looking for OGRE_Volume...
[2.208s] -- Found OGRE_Volume: optimized;/usr/lib/x86_64-linux-gnu/libOgreVolume.so;debug;/usr/lib/x86_64-linux-gnu/libOgreVolume.so
[2.208s] -- Looking for OGRE_Overlay...
[2.212s] -- Found OGRE_Overlay: optimized;/usr/lib/x86_64-linux-gnu/libOgreOverlay.so;debug;/usr/lib/x86_64-linux-gnu/libOgreOverlay.so
[2.299s] -- Looking for ignition-math6 -- found version 6.15.1
[2.300s] -- Looking for ignition-transport8 -- found version 8.5.0
[2.301s] -- Searching for dependencies of ignition-transport8
[2.325s] -- Checking for module 'uuid'
[2.335s] --   Found uuid, version 2.34.0
[2.360s] -- Found UUID: TRUE  
[2.362s] -- Looking for ignition-msgs5 -- found version 5.11.0
[2.362s] -- Searching for dependencies of ignition-msgs5
[2.375s] -- Found Protobuf: /usr/lib/x86_64-linux-gnu/libprotobuf.so;-lpthread (found suitable version "3.6.1", minimum required is "3") 
[2.376s] -- Looking for ignition-math6 -- found version 6.15.1
[2.379s] -- Checking for module 'tinyxml2'
[2.389s] --   Found tinyxml2, version 6.2.0
[2.417s] -- Looking for ignition-msgs5 -- found version 5.11.0
[2.418s] -- Looking for ignition-common3 -- found version 3.17.0
[2.419s] -- Searching for dependencies of ignition-common3
[2.419s] -- Looking for dlfcn.h - found
[2.420s] -- Looking for libdl - found
[2.421s] -- Found DL: TRUE  
[2.427s] -- Searching for <ignition-common3> component [graphics]
[2.428s] -- Looking for ignition-common3-graphics -- found version 3.17.0
[2.429s] -- Searching for dependencies of ignition-common3-graphics
[2.429s] -- Looking for ignition-math6 -- found version 6.15.1
[2.431s] -- Looking for ignition-fuel_tools4 -- found version 4.9.1
[2.431s] -- Searching for dependencies of ignition-fuel_tools4
[2.488s] -- Found CURL: /usr/lib/x86_64-linux-gnu/libcurl.so (found version "7.68.0")  
[2.495s] -- Checking for module 'jsoncpp'
[2.505s] --   Found jsoncpp, version 1.7.4
[2.530s] -- Found JSONCPP: TRUE  
[2.534s] -- Checking for module 'libzip'
[2.543s] --   Found libzip, version 1.5.1
[2.568s] -- Found ZIP: TRUE  
[2.568s] -- Looking for ignition-common3 -- found version 3.17.0
[2.568s] -- Looking for ignition-math6 -- found version 6.15.1
[2.568s] -- Looking for ignition-msgs5 -- found version 5.11.0
[2.569s] -- Gazebo version: 11.14
[2.574s] -- Found gazebo_plugins: 3.5.2 (/opt/ros/galactic/share/gazebo_plugins/cmake)
[2.769s] -- Found sensor_msgs: 2.2.4 (/opt/ros/galactic/share/sensor_msgs/cmake)
[2.865s] -- Found ament_lint_auto: 0.10.7 (/opt/ros/galactic/share/ament_lint_auto/cmake)
[2.915s] -- Added test 'cppcheck' to perform static code analysis on C / C++ code
[2.916s] -- Configured cppcheck include dirs: /home/jstone/Documents/graduation_project/9T/robot_army/src/multiRobotExploration/drone/sjtu_drone_description/include;$<BUILD_INTERFACE:/home/jstone/Documents/graduation_project/9T/robot_army/src/multiRobotExploration/drone/sjtu_drone_description/include>
[2.916s] -- Configured cppcheck exclude dirs and/or files: 
[2.917s] -- Added test 'lint_cmake' to check CMake code style
[2.918s] -- Added test 'uncrustify' to check C / C++ code style
[2.918s] -- Configured uncrustify additional arguments: 
[2.918s] -- Added test 'xmllint' to check XML markup files
[2.921s] -- Configuring done
[2.973s] -- Generating done
[2.974s] -- Build files have been written to: /home/jstone/Documents/graduation_project/9T/robot_army/src/build/sjtu_drone_description
[2.983s] Invoked command in '/home/jstone/Documents/graduation_project/9T/robot_army/src/build/sjtu_drone_description' returned '0': CMAKE_PREFIX_PATH=${CMAKE_PREFIX_PATH}:/home/jstone/nav2_ws/install/nav2_gazebo_spawner:/opt/ros/galactic /usr/bin/cmake /home/jstone/Documents/graduation_project/9T/robot_army/src/multiRobotExploration/drone/sjtu_drone_description -DCMAKE_INSTALL_PREFIX=/home/jstone/Documents/graduation_project/9T/robot_army/src/install/sjtu_drone_description
[2.986s] Invoking command in '/home/jstone/Documents/graduation_project/9T/robot_army/src/build/sjtu_drone_description': CMAKE_PREFIX_PATH=${CMAKE_PREFIX_PATH}:/home/jstone/nav2_ws/install/nav2_gazebo_spawner:/opt/ros/galactic /usr/bin/cmake --build /home/jstone/Documents/graduation_project/9T/robot_army/src/build/sjtu_drone_description -- -j16 -l16
[3.019s] [35m[1mScanning dependencies of target plugin_drone[0m
[3.115s] [ 33%] [32mBuilding CXX object CMakeFiles/plugin_drone.dir/src/plugin_drone.cpp.o[0m
[3.115s] [ 66%] [32mBuilding CXX object CMakeFiles/plugin_drone.dir/src/pid_controller.cpp.o[0m
[21.145s] [100%] [32m[1mLinking CXX shared library /home/jstone/Documents/graduation_project/9T/robot_army/src/multiRobotExploration/drone/sjtu_drone_description/plugins/libplugin_drone.so[0m
[21.952s] [100%] Built target plugin_drone
[21.960s] Invoked command in '/home/jstone/Documents/graduation_project/9T/robot_army/src/build/sjtu_drone_description' returned '0': CMAKE_PREFIX_PATH=${CMAKE_PREFIX_PATH}:/home/jstone/nav2_ws/install/nav2_gazebo_spawner:/opt/ros/galactic /usr/bin/cmake --build /home/jstone/Documents/graduation_project/9T/robot_army/src/build/sjtu_drone_description -- -j16 -l16
[21.981s] Invoking command in '/home/jstone/Documents/graduation_project/9T/robot_army/src/build/sjtu_drone_description': CMAKE_PREFIX_PATH=${CMAKE_PREFIX_PATH}:/home/jstone/nav2_ws/install/nav2_gazebo_spawner:/opt/ros/galactic /usr/bin/cmake --install /home/jstone/Documents/graduation_project/9T/robot_army/src/build/sjtu_drone_description
[21.987s] -- Install configuration: ""
[21.987s] -- Installing: /home/jstone/Documents/graduation_project/9T/robot_army/src/install/sjtu_drone_description/include
[21.987s] -- Installing: /home/jstone/Documents/graduation_project/9T/robot_army/src/install/sjtu_drone_description/include/pid_controller.h
[21.987s] -- Installing: /home/jstone/Documents/graduation_project/9T/robot_army/src/install/sjtu_drone_description/include/plugin_drone.h
[21.988s] -- Installing: /home/jstone/Documents/graduation_project/9T/robot_army/src/install/sjtu_drone_description/lib/libplugin_drone.so
[21.995s] -- Set runtime path of "/home/jstone/Documents/graduation_project/9T/robot_army/src/install/sjtu_drone_description/lib/libplugin_drone.so" to ""
[21.996s] -- Installing: /home/jstone/Documents/graduation_project/9T/robot_army/src/install/sjtu_drone_description/share/sjtu_drone_description/environment/library_path.sh
[21.996s] -- Installing: /home/jstone/Documents/graduation_project/9T/robot_army/src/install/sjtu_drone_description/share/sjtu_drone_description/environment/library_path.dsv
[21.997s] -- Installing: /home/jstone/Documents/graduation_project/9T/robot_army/src/install/sjtu_drone_description/share/sjtu_drone_description/models
[21.997s] -- Installing: /home/jstone/Documents/graduation_project/9T/robot_army/src/install/sjtu_drone_description/share/sjtu_drone_description/models/sjtu_drone
[21.997s] -- Installing: /home/jstone/Documents/graduation_project/9T/robot_army/src/install/sjtu_drone_description/share/sjtu_drone_description/models/sjtu_drone/quadrotor_4.dae
[21.998s] -- Installing: /home/jstone/Documents/graduation_project/9T/robot_army/src/install/sjtu_drone_description/share/sjtu_drone_description/models/sjtu_drone/sjtu_drone.sdf
[21.998s] -- Installing: /home/jstone/Documents/graduation_project/9T/robot_army/src/install/sjtu_drone_description/share/sjtu_drone_description/models/sjtu_drone/quadrotor_4.stl
[21.999s] -- Installing: /home/jstone/Documents/graduation_project/9T/robot_army/src/install/sjtu_drone_description/share/sjtu_drone_description/models/sjtu_drone/model.config
[21.999s] -- Installing: /home/jstone/Documents/graduation_project/9T/robot_army/src/install/sjtu_drone_description/share/sjtu_drone_description/models/database.config
[21.999s] -- Installing: /home/jstone/Documents/graduation_project/9T/robot_army/src/install/sjtu_drone_description/share/sjtu_drone_description/urdf
[21.999s] -- Installing: /home/jstone/Documents/graduation_project/9T/robot_army/src/install/sjtu_drone_description/share/sjtu_drone_description/urdf/sjtu_drone.urdf.xacro
[21.999s] -- Installing: /home/jstone/Documents/graduation_project/9T/robot_army/src/install/sjtu_drone_description/share/sjtu_drone_description/urdf/sjtu_drone.urdf
[22.000s] -- Installing: /home/jstone/Documents/graduation_project/9T/robot_army/src/install/sjtu_drone_description/share/sjtu_drone_description/worlds
[22.000s] -- Installing: /home/jstone/Documents/graduation_project/9T/robot_army/src/install/sjtu_drone_description/share/sjtu_drone_description/worlds/playground.world
[22.001s] -- Installing: /home/jstone/Documents/graduation_project/9T/robot_army/src/install/sjtu_drone_description/share/ament_index/resource_index/package_run_dependencies/sjtu_drone_description
[22.001s] -- Installing: /home/jstone/Documents/graduation_project/9T/robot_army/src/install/sjtu_drone_description/share/ament_index/resource_index/parent_prefix_path/sjtu_drone_description
[22.001s] -- Installing: /home/jstone/Documents/graduation_project/9T/robot_army/src/install/sjtu_drone_description/share/sjtu_drone_description/environment/ament_prefix_path.sh
[22.001s] -- Installing: /home/jstone/Documents/graduation_project/9T/robot_army/src/install/sjtu_drone_description/share/sjtu_drone_description/environment/ament_prefix_path.dsv
[22.002s] -- Installing: /home/jstone/Documents/graduation_project/9T/robot_army/src/install/sjtu_drone_description/share/sjtu_drone_description/environment/path.sh
[22.002s] -- Installing: /home/jstone/Documents/graduation_project/9T/robot_army/src/install/sjtu_drone_description/share/sjtu_drone_description/environment/path.dsv
[22.002s] -- Installing: /home/jstone/Documents/graduation_project/9T/robot_army/src/install/sjtu_drone_description/share/sjtu_drone_description/local_setup.bash
[22.002s] -- Installing: /home/jstone/Documents/graduation_project/9T/robot_army/src/install/sjtu_drone_description/share/sjtu_drone_description/local_setup.sh
[22.002s] -- Installing: /home/jstone/Documents/graduation_project/9T/robot_army/src/install/sjtu_drone_description/share/sjtu_drone_description/local_setup.zsh
[22.003s] -- Installing: /home/jstone/Documents/graduation_project/9T/robot_army/src/install/sjtu_drone_description/share/sjtu_drone_description/local_setup.dsv
[22.003s] -- Installing: /home/jstone/Documents/graduation_project/9T/robot_army/src/install/sjtu_drone_description/share/sjtu_drone_description/package.dsv
[22.003s] -- Installing: /home/jstone/Documents/graduation_project/9T/robot_army/src/install/sjtu_drone_description/share/ament_index/resource_index/packages/sjtu_drone_description
[22.003s] -- Installing: /home/jstone/Documents/graduation_project/9T/robot_army/src/install/sjtu_drone_description/share/sjtu_drone_description/cmake/export_sjtu_drone_descriptionExport.cmake
[22.003s] -- Installing: /home/jstone/Documents/graduation_project/9T/robot_army/src/install/sjtu_drone_description/share/sjtu_drone_description/cmake/export_sjtu_drone_descriptionExport-noconfig.cmake
[22.004s] -- Installing: /home/jstone/Documents/graduation_project/9T/robot_army/src/install/sjtu_drone_description/share/sjtu_drone_description/cmake/ament_cmake_export_include_directories-extras.cmake
[22.004s] -- Installing: /home/jstone/Documents/graduation_project/9T/robot_army/src/install/sjtu_drone_description/share/sjtu_drone_description/cmake/ament_cmake_export_libraries-extras.cmake
[22.004s] -- Installing: /home/jstone/Documents/graduation_project/9T/robot_army/src/install/sjtu_drone_description/share/sjtu_drone_description/cmake/ament_cmake_export_targets-extras.cmake
[22.004s] -- Installing: /home/jstone/Documents/graduation_project/9T/robot_army/src/install/sjtu_drone_description/share/sjtu_drone_description/cmake/sjtu_drone_descriptionConfig.cmake
[22.004s] -- Installing: /home/jstone/Documents/graduation_project/9T/robot_army/src/install/sjtu_drone_description/share/sjtu_drone_description/cmake/sjtu_drone_descriptionConfig-version.cmake
[22.005s] -- Installing: /home/jstone/Documents/graduation_project/9T/robot_army/src/install/sjtu_drone_description/share/sjtu_drone_description/package.xml
[22.007s] Invoked command in '/home/jstone/Documents/graduation_project/9T/robot_army/src/build/sjtu_drone_description' returned '0': CMAKE_PREFIX_PATH=${CMAKE_PREFIX_PATH}:/home/jstone/nav2_ws/install/nav2_gazebo_spawner:/opt/ros/galactic /usr/bin/cmake --install /home/jstone/Documents/graduation_project/9T/robot_army/src/build/sjtu_drone_description
