[1.066s] Invoking command in '/home/jstone/Documents/graduation_project/1P/robot_army/src/merge_map': PYTHONPATH=/home/jstone/Documents/graduation_project/1P/robot_army/build/merge_map/prefix_override:/usr/lib/python3/dist-packages/colcon_core/task/python/colcon_distutils_commands:/home/jstone/Documents/graduation_project/1P/robot_army/install/merge_map/lib/python3.8/site-packages:${PYTHONPATH} /usr/bin/python3 -W ignore:setup.py install is deprecated -W ignore:easy_install command is deprecated setup.py egg_info --egg-base ../../build/merge_map build --build-base /home/jstone/Documents/graduation_project/1P/robot_army/build/merge_map/build install --record /home/jstone/Documents/graduation_project/1P/robot_army/build/merge_map/install.log --single-version-externally-managed install_data
[1.210s] running egg_info
[1.210s] writing ../../build/merge_map/merge_map.egg-info/PKG-INFO
[1.210s] writing dependency_links to ../../build/merge_map/merge_map.egg-info/dependency_links.txt
[1.211s] writing entry points to ../../build/merge_map/merge_map.egg-info/entry_points.txt
[1.211s] writing requirements to ../../build/merge_map/merge_map.egg-info/requires.txt
[1.211s] writing top-level names to ../../build/merge_map/merge_map.egg-info/top_level.txt
[1.234s] reading manifest file '../../build/merge_map/merge_map.egg-info/SOURCES.txt'
[1.234s] writing manifest file '../../build/merge_map/merge_map.egg-info/SOURCES.txt'
[1.234s] running build
[1.235s] running build_py
[1.235s] running install
[1.235s] running install_lib
[1.236s] running install_data
[1.236s] running install_egg_info
[1.237s] removing '/home/jstone/Documents/graduation_project/1P/robot_army/install/merge_map/lib/python3.8/site-packages/merge_map-0.0.0-py3.8.egg-info' (and everything under it)
[1.237s] Copying ../../build/merge_map/merge_map.egg-info to /home/jstone/Documents/graduation_project/1P/robot_army/install/merge_map/lib/python3.8/site-packages/merge_map-0.0.0-py3.8.egg-info
[1.238s] running install_scripts
[1.249s] Installing merge_map script to /home/jstone/Documents/graduation_project/1P/robot_army/install/merge_map/lib/merge_map
[1.249s] writing list of installed files to '/home/jstone/Documents/graduation_project/1P/robot_army/build/merge_map/install.log'
[1.264s] Invoked command in '/home/jstone/Documents/graduation_project/1P/robot_army/src/merge_map' returned '0': PYTHONPATH=/home/jstone/Documents/graduation_project/1P/robot_army/build/merge_map/prefix_override:/usr/lib/python3/dist-packages/colcon_core/task/python/colcon_distutils_commands:/home/jstone/Documents/graduation_project/1P/robot_army/install/merge_map/lib/python3.8/site-packages:${PYTHONPATH} /usr/bin/python3 -W ignore:setup.py install is deprecated -W ignore:easy_install command is deprecated setup.py egg_info --egg-base ../../build/merge_map build --build-base /home/jstone/Documents/graduation_project/1P/robot_army/build/merge_map/build install --record /home/jstone/Documents/graduation_project/1P/robot_army/build/merge_map/install.log --single-version-externally-managed install_data
