[1.088s] Invoking command in '/home/jstone/Documents/graduation_project/1P/robot_army/src/path_follow': PYTHONPATH=/home/jstone/Documents/graduation_project/1P/robot_army/build/path_follow/prefix_override:/usr/lib/python3/dist-packages/colcon_core/task/python/colcon_distutils_commands:/home/jstone/Documents/graduation_project/1P/robot_army/install/path_follow/lib/python3.8/site-packages:${PYTHONPATH} /usr/bin/python3 -W ignore:setup.py install is deprecated -W ignore:easy_install command is deprecated setup.py egg_info --egg-base ../../build/path_follow build --build-base /home/jstone/Documents/graduation_project/1P/robot_army/build/path_follow/build install --record /home/jstone/Documents/graduation_project/1P/robot_army/build/path_follow/install.log --single-version-externally-managed install_data
[1.232s] running egg_info
[1.233s] writing ../../build/path_follow/path_follow.egg-info/PKG-INFO
[1.233s] writing dependency_links to ../../build/path_follow/path_follow.egg-info/dependency_links.txt
[1.233s] writing entry points to ../../build/path_follow/path_follow.egg-info/entry_points.txt
[1.233s] writing requirements to ../../build/path_follow/path_follow.egg-info/requires.txt
[1.233s] writing top-level names to ../../build/path_follow/path_follow.egg-info/top_level.txt
[1.255s] reading manifest file '../../build/path_follow/path_follow.egg-info/SOURCES.txt'
[1.256s] writing manifest file '../../build/path_follow/path_follow.egg-info/SOURCES.txt'
[1.256s] running build
[1.256s] running build_py
[1.256s] running install
[1.256s] running install_lib
[1.257s] running install_data
[1.257s] running install_egg_info
[1.259s] removing '/home/jstone/Documents/graduation_project/1P/robot_army/install/path_follow/lib/python3.8/site-packages/path_follow-0.0.0-py3.8.egg-info' (and everything under it)
[1.259s] Copying ../../build/path_follow/path_follow.egg-info to /home/jstone/Documents/graduation_project/1P/robot_army/install/path_follow/lib/python3.8/site-packages/path_follow-0.0.0-py3.8.egg-info
[1.259s] running install_scripts
[1.271s] Installing path_follow script to /home/jstone/Documents/graduation_project/1P/robot_army/install/path_follow/lib/path_follow
[1.271s] writing list of installed files to '/home/jstone/Documents/graduation_project/1P/robot_army/build/path_follow/install.log'
[1.295s] Invoked command in '/home/jstone/Documents/graduation_project/1P/robot_army/src/path_follow' returned '0': PYTHONPATH=/home/jstone/Documents/graduation_project/1P/robot_army/build/path_follow/prefix_override:/usr/lib/python3/dist-packages/colcon_core/task/python/colcon_distutils_commands:/home/jstone/Documents/graduation_project/1P/robot_army/install/path_follow/lib/python3.8/site-packages:${PYTHONPATH} /usr/bin/python3 -W ignore:setup.py install is deprecated -W ignore:easy_install command is deprecated setup.py egg_info --egg-base ../../build/path_follow build --build-base /home/jstone/Documents/graduation_project/1P/robot_army/build/path_follow/build install --record /home/jstone/Documents/graduation_project/1P/robot_army/build/path_follow/install.log --single-version-externally-managed install_data
