running egg_info
creating ../../build/multi_robot_exploration/multi_robot_exploration.egg-info
writing ../../build/multi_robot_exploration/multi_robot_exploration.egg-info/PKG-INFO
writing dependency_links to ../../build/multi_robot_exploration/multi_robot_exploration.egg-info/dependency_links.txt
writing entry points to ../../build/multi_robot_exploration/multi_robot_exploration.egg-info/entry_points.txt
writing requirements to ../../build/multi_robot_exploration/multi_robot_exploration.egg-info/requires.txt
writing top-level names to ../../build/multi_robot_exploration/multi_robot_exploration.egg-info/top_level.txt
writing manifest file '../../build/multi_robot_exploration/multi_robot_exploration.egg-info/SOURCES.txt'
reading manifest file '../../build/multi_robot_exploration/multi_robot_exploration.egg-info/SOURCES.txt'
writing manifest file '../../build/multi_robot_exploration/multi_robot_exploration.egg-info/SOURCES.txt'
running build
running build_py
creating /home/jstone/Documents/graduation_project/1P/robot_army/build/multi_robot_exploration/build
creating /home/jstone/Documents/graduation_project/1P/robot_army/build/multi_robot_exploration/build/lib
creating /home/jstone/Documents/graduation_project/1P/robot_army/build/multi_robot_exploration/build/lib/multi_robot_exploration
copying multi_robot_exploration/__init__.py -> /home/jstone/Documents/graduation_project/1P/robot_army/build/multi_robot_exploration/build/lib/multi_robot_exploration
copying multi_robot_exploration/control.py -> /home/jstone/Documents/graduation_project/1P/robot_army/build/multi_robot_exploration/build/lib/multi_robot_exploration
running install
running install_lib
creating /home/jstone/Documents/graduation_project/1P/robot_army/install/multi_robot_exploration/lib/python3.8/site-packages/multi_robot_exploration
copying /home/jstone/Documents/graduation_project/1P/robot_army/build/multi_robot_exploration/build/lib/multi_robot_exploration/__init__.py -> /home/jstone/Documents/graduation_project/1P/robot_army/install/multi_robot_exploration/lib/python3.8/site-packages/multi_robot_exploration
copying /home/jstone/Documents/graduation_project/1P/robot_army/build/multi_robot_exploration/build/lib/multi_robot_exploration/control.py -> /home/jstone/Documents/graduation_project/1P/robot_army/install/multi_robot_exploration/lib/python3.8/site-packages/multi_robot_exploration
byte-compiling /home/jstone/Documents/graduation_project/1P/robot_army/install/multi_robot_exploration/lib/python3.8/site-packages/multi_robot_exploration/__init__.py to __init__.cpython-38.pyc
byte-compiling /home/jstone/Documents/graduation_project/1P/robot_army/install/multi_robot_exploration/lib/python3.8/site-packages/multi_robot_exploration/control.py to control.cpython-38.pyc
running install_data
creating /home/jstone/Documents/graduation_project/1P/robot_army/install/multi_robot_exploration/share/ament_index
creating /home/jstone/Documents/graduation_project/1P/robot_army/install/multi_robot_exploration/share/ament_index/resource_index
creating /home/jstone/Documents/graduation_project/1P/robot_army/install/multi_robot_exploration/share/ament_index/resource_index/packages
copying resource/multi_robot_exploration -> /home/jstone/Documents/graduation_project/1P/robot_army/install/multi_robot_exploration/share/ament_index/resource_index/packages
copying package.xml -> /home/jstone/Documents/graduation_project/1P/robot_army/install/multi_robot_exploration/share/multi_robot_exploration
running install_egg_info
Copying ../../build/multi_robot_exploration/multi_robot_exploration.egg-info to /home/jstone/Documents/graduation_project/1P/robot_army/install/multi_robot_exploration/lib/python3.8/site-packages/multi_robot_exploration-0.0.0-py3.8.egg-info
running install_scripts
Installing control script to /home/jstone/Documents/graduation_project/1P/robot_army/install/multi_robot_exploration/lib/multi_robot_exploration
writing list of installed files to '/home/jstone/Documents/graduation_project/1P/robot_army/build/multi_robot_exploration/install.log'
