[1.065s] Invoking command in '/home/jstone/Documents/graduation_project/1P/robot_army/src/multi_robot_exploration': PYTHONPATH=/home/jstone/Documents/graduation_project/1P/robot_army/build/multi_robot_exploration/prefix_override:/usr/lib/python3/dist-packages/colcon_core/task/python/colcon_distutils_commands:/home/jstone/Documents/graduation_project/1P/robot_army/install/multi_robot_exploration/lib/python3.8/site-packages:${PYTHONPATH} /usr/bin/python3 -W ignore:setup.py install is deprecated -W ignore:easy_install command is deprecated setup.py egg_info --egg-base ../../build/multi_robot_exploration build --build-base /home/jstone/Documents/graduation_project/1P/robot_army/build/multi_robot_exploration/build install --record /home/jstone/Documents/graduation_project/1P/robot_army/build/multi_robot_exploration/install.log --single-version-externally-managed install_data
[1.210s] running egg_info
[1.210s] creating ../../build/multi_robot_exploration/multi_robot_exploration.egg-info
[1.210s] writing ../../build/multi_robot_exploration/multi_robot_exploration.egg-info/PKG-INFO
[1.210s] writing dependency_links to ../../build/multi_robot_exploration/multi_robot_exploration.egg-info/dependency_links.txt
[1.210s] writing entry points to ../../build/multi_robot_exploration/multi_robot_exploration.egg-info/entry_points.txt
[1.210s] writing requirements to ../../build/multi_robot_exploration/multi_robot_exploration.egg-info/requires.txt
[1.211s] writing top-level names to ../../build/multi_robot_exploration/multi_robot_exploration.egg-info/top_level.txt
[1.212s] writing manifest file '../../build/multi_robot_exploration/multi_robot_exploration.egg-info/SOURCES.txt'
[1.235s] reading manifest file '../../build/multi_robot_exploration/multi_robot_exploration.egg-info/SOURCES.txt'
[1.236s] writing manifest file '../../build/multi_robot_exploration/multi_robot_exploration.egg-info/SOURCES.txt'
[1.236s] running build
[1.236s] running build_py
[1.236s] creating /home/jstone/Documents/graduation_project/1P/robot_army/build/multi_robot_exploration/build
[1.236s] creating /home/jstone/Documents/graduation_project/1P/robot_army/build/multi_robot_exploration/build/lib
[1.236s] creating /home/jstone/Documents/graduation_project/1P/robot_army/build/multi_robot_exploration/build/lib/multi_robot_exploration
[1.236s] copying multi_robot_exploration/__init__.py -> /home/jstone/Documents/graduation_project/1P/robot_army/build/multi_robot_exploration/build/lib/multi_robot_exploration
[1.236s] copying multi_robot_exploration/control.py -> /home/jstone/Documents/graduation_project/1P/robot_army/build/multi_robot_exploration/build/lib/multi_robot_exploration
[1.236s] running install
[1.237s] running install_lib
[1.237s] creating /home/jstone/Documents/graduation_project/1P/robot_army/install/multi_robot_exploration/lib/python3.8/site-packages/multi_robot_exploration
[1.238s] copying /home/jstone/Documents/graduation_project/1P/robot_army/build/multi_robot_exploration/build/lib/multi_robot_exploration/__init__.py -> /home/jstone/Documents/graduation_project/1P/robot_army/install/multi_robot_exploration/lib/python3.8/site-packages/multi_robot_exploration
[1.238s] copying /home/jstone/Documents/graduation_project/1P/robot_army/build/multi_robot_exploration/build/lib/multi_robot_exploration/control.py -> /home/jstone/Documents/graduation_project/1P/robot_army/install/multi_robot_exploration/lib/python3.8/site-packages/multi_robot_exploration
[1.238s] byte-compiling /home/jstone/Documents/graduation_project/1P/robot_army/install/multi_robot_exploration/lib/python3.8/site-packages/multi_robot_exploration/__init__.py to __init__.cpython-38.pyc
[1.239s] byte-compiling /home/jstone/Documents/graduation_project/1P/robot_army/install/multi_robot_exploration/lib/python3.8/site-packages/multi_robot_exploration/control.py to control.cpython-38.pyc
[1.241s] running install_data
[1.241s] creating /home/jstone/Documents/graduation_project/1P/robot_army/install/multi_robot_exploration/share/ament_index
[1.242s] creating /home/jstone/Documents/graduation_project/1P/robot_army/install/multi_robot_exploration/share/ament_index/resource_index
[1.242s] creating /home/jstone/Documents/graduation_project/1P/robot_army/install/multi_robot_exploration/share/ament_index/resource_index/packages
[1.242s] copying resource/multi_robot_exploration -> /home/jstone/Documents/graduation_project/1P/robot_army/install/multi_robot_exploration/share/ament_index/resource_index/packages
[1.242s] copying package.xml -> /home/jstone/Documents/graduation_project/1P/robot_army/install/multi_robot_exploration/share/multi_robot_exploration
[1.242s] running install_egg_info
[1.243s] Copying ../../build/multi_robot_exploration/multi_robot_exploration.egg-info to /home/jstone/Documents/graduation_project/1P/robot_army/install/multi_robot_exploration/lib/python3.8/site-packages/multi_robot_exploration-0.0.0-py3.8.egg-info
[1.243s] running install_scripts
[1.256s] Installing control script to /home/jstone/Documents/graduation_project/1P/robot_army/install/multi_robot_exploration/lib/multi_robot_exploration
[1.256s] writing list of installed files to '/home/jstone/Documents/graduation_project/1P/robot_army/build/multi_robot_exploration/install.log'
[1.276s] Invoked command in '/home/jstone/Documents/graduation_project/1P/robot_army/src/multi_robot_exploration' returned '0': PYTHONPATH=/home/jstone/Documents/graduation_project/1P/robot_army/build/multi_robot_exploration/prefix_override:/usr/lib/python3/dist-packages/colcon_core/task/python/colcon_distutils_commands:/home/jstone/Documents/graduation_project/1P/robot_army/install/multi_robot_exploration/lib/python3.8/site-packages:${PYTHONPATH} /usr/bin/python3 -W ignore:setup.py install is deprecated -W ignore:easy_install command is deprecated setup.py egg_info --egg-base ../../build/multi_robot_exploration build --build-base /home/jstone/Documents/graduation_project/1P/robot_army/build/multi_robot_exploration/build install --record /home/jstone/Documents/graduation_project/1P/robot_army/build/multi_robot_exploration/install.log --single-version-externally-managed install_data
